2021-01-19T10:10:16.953-0800: 0.184: [GC pause (G1 Evacuation Pause) (young), 0.0108722 secs]
2021-01-19T10:10:16.984-0800: 0.215: [GC pause (G1 Evacuation Pause) (young), 0.0061038 secs]
2021-01-19T10:10:17.028-0800: 0.258: [GC pause (G1 Evacuation Pause) (young), 0.0122125 secs]
2021-01-19T10:10:17.322-0800: 0.552: [GC pause (G1 Evacuation Pause) (young) (to-space exhausted), 0.0178679 secs]
2021-01-19T10:10:17.340-0800: 0.571: [GC pause (G1 Humongous Allocation) (young) (initial-mark), 0.0057462 secs]
2021-01-19T10:10:17.346-0800: 0.577: [GC concurrent-root-region-scan-start]
2021-01-19T10:10:17.346-0800: 0.577: [GC concurrent-root-region-scan-end, 0.0001062 secs]
2021-01-19T10:10:17.346-0800: 0.577: [GC concurrent-mark-start]
2021-01-19T10:10:17.348-0800: 0.579: [GC concurrent-mark-end, 0.0022847 secs]
2021-01-19T10:10:17.348-0800: 0.579: [GC remark 2021-01-19T10:10:17.349-0800: 0.579: [Finalize Marking, 0.0002818 secs] 2021-01-19T10:10:17.349-0800: 0.579: [GC ref-proc, 0.0000498 secs] 2021-01-19T10:10:17.349-0800: 0.579: [Unloading, 0.0004711 secs], 0.0011821 secs]
2021-01-19T10:10:17.350-0800: 0.580: [GC cleanup 321M->321M(512M), 0.0006618 secs]
2021-01-19T10:10:17.370-0800: 0.600: [GC pause (G1 Evacuation Pause) (young), 0.0040708 secs]
2021-01-19T10:10:17.375-0800: 0.606: [GC pause (G1 Evacuation Pause) (mixed), 0.0038966 secs]
2021-01-19T10:10:17.383-0800: 0.614: [GC pause (G1 Evacuation Pause) (mixed), 0.0027985 secs]
2021-01-19T10:10:17.390-0800: 0.620: [GC pause (G1 Evacuation Pause) (mixed), 0.0042864 secs]
2021-01-19T10:10:17.397-0800: 0.628: [GC pause (G1 Evacuation Pause) (mixed), 0.0025115 secs]
2021-01-19T10:10:17.400-0800: 0.631: [GC pause (G1 Humongous Allocation) (young) (initial-mark), 0.0013564 secs]
2021-01-19T10:10:17.402-0800: 0.632: [GC concurrent-root-region-scan-start]
2021-01-19T10:10:17.402-0800: 0.632: [GC concurrent-root-region-scan-end, 0.0001718 secs]
2021-01-19T10:10:17.402-0800: 0.632: [GC concurrent-mark-start]
2021-01-19T10:10:17.403-0800: 0.633: [GC concurrent-mark-end, 0.0010173 secs]
2021-01-19T10:10:17.403-0800: 0.633: [GC remark 2021-01-19T10:10:17.403-0800: 0.633: [Finalize Marking, 0.0002534 secs] 2021-01-19T10:10:17.403-0800: 0.634: [GC ref-proc, 0.0000542 secs] 2021-01-19T10:10:17.403-0800: 0.634: [Unloading, 0.0004986 secs], 0.0012641 secs]
2021-01-19T10:10:17.404-0800: 0.635: [GC cleanup 244M->243M(512M), 0.0007768 secs]
2021-01-19T10:10:17.405-0800: 0.636: [GC concurrent-cleanup-start]
2021-01-19T10:10:17.405-0800: 0.636: [GC concurrent-cleanup-end, 0.0000116 secs]
2021-01-19T10:10:17.439-0800: 0.670: [GC pause (G1 Evacuation Pause) (young) (to-space exhausted), 0.0039033 secs]
2021-01-19T10:10:17.445-0800: 0.675: [GC pause (G1 Evacuation Pause) (mixed), 0.0035486 secs]
2021-01-19T10:10:17.449-0800: 0.679: [GC pause (G1 Humongous Allocation) (young) (initial-mark), 0.0013746 secs]
2021-01-19T10:10:17.450-0800: 0.681: [GC concurrent-root-region-scan-start]
2021-01-19T10:10:17.450-0800: 0.681: [GC concurrent-root-region-scan-end, 0.0001347 secs]
2021-01-19T10:10:17.450-0800: 0.681: [GC concurrent-mark-start]
2021-01-19T10:10:17.451-0800: 0.682: [GC concurrent-mark-end, 0.0010153 secs]
2021-01-19T10:10:17.451-0800: 0.682: [GC remark 2021-01-19T10:10:17.451-0800: 0.682: [Finalize Marking, 0.0003149 secs] 2021-01-19T10:10:17.452-0800: 0.682: [GC ref-proc, 0.0000546 secs] 2021-01-19T10:10:17.452-0800: 0.682: [Unloading, 0.0005829 secs], 0.0014298 secs]
2021-01-19T10:10:17.453-0800: 0.683: [GC cleanup 379M->375M(512M), 0.0006671 secs]
2021-01-19T10:10:17.454-0800: 0.684: [GC concurrent-cleanup-start]
2021-01-19T10:10:17.454-0800: 0.684: [GC concurrent-cleanup-end, 0.0000119 secs]
2021-01-19T10:10:17.460-0800: 0.691: [GC pause (G1 Evacuation Pause) (young), 0.0033293 secs]
2021-01-19T10:10:17.466-0800: 0.697: [GC pause (G1 Evacuation Pause) (mixed), 0.0029011 secs]
2021-01-19T10:10:17.473-0800: 0.704: [GC pause (G1 Evacuation Pause) (mixed), 0.0040392 secs]
2021-01-19T10:10:17.481-0800: 0.711: [GC pause (G1 Evacuation Pause) (mixed), 0.0045293 secs]
2021-01-19T10:10:17.489-0800: 0.720: [GC pause (G1 Evacuation Pause) (mixed), 0.0033347 secs]
2021-01-19T10:10:17.493-0800: 0.723: [GC pause (G1 Humongous Allocation) (young) (initial-mark), 0.0012012 secs]
2021-01-19T10:10:17.494-0800: 0.725: [GC concurrent-root-region-scan-start]
2021-01-19T10:10:17.494-0800: 0.725: [GC concurrent-root-region-scan-end, 0.0000991 secs]
2021-01-19T10:10:17.494-0800: 0.725: [GC concurrent-mark-start]
2021-01-19T10:10:17.495-0800: 0.726: [GC concurrent-mark-end, 0.0009530 secs]
2021-01-19T10:10:17.495-0800: 0.726: [GC remark 2021-01-19T10:10:17.495-0800: 0.726: [Finalize Marking, 0.0002247 secs] 2021-01-19T10:10:17.496-0800: 0.726: [GC ref-proc, 0.0000605 secs] 2021-01-19T10:10:17.496-0800: 0.726: [Unloading, 0.0005183 secs], 0.0013380 secs]
2021-01-19T10:10:17.497-0800: 0.727: [GC cleanup 295M->295M(512M), 0.0007141 secs]
2021-01-19T10:10:17.516-0800: 0.746: [GC pause (G1 Evacuation Pause) (young) (to-space exhausted), 0.0038333 secs]
2021-01-19T10:10:17.521-0800: 0.752: [GC pause (G1 Evacuation Pause) (mixed), 0.0052362 secs]
2021-01-19T10:10:17.527-0800: 0.758: [GC pause (G1 Humongous Allocation) (young) (initial-mark), 0.0019639 secs]
2021-01-19T10:10:17.529-0800: 0.760: [GC concurrent-root-region-scan-start]
2021-01-19T10:10:17.530-0800: 0.760: [GC concurrent-root-region-scan-end, 0.0000983 secs]
2021-01-19T10:10:17.530-0800: 0.760: [GC concurrent-mark-start]
2021-01-19T10:10:17.531-0800: 0.761: [GC concurrent-mark-end, 0.0009958 secs]
2021-01-19T10:10:17.531-0800: 0.761: [GC remark 2021-01-19T10:10:17.531-0800: 0.761: [Finalize Marking, 0.0002364 secs] 2021-01-19T10:10:17.531-0800: 0.761: [GC ref-proc, 0.0000562 secs] 2021-01-19T10:10:17.531-0800: 0.762: [Unloading, 0.0005274 secs], 0.0014068 secs]
2021-01-19T10:10:17.532-0800: 0.763: [GC cleanup 358M->358M(512M), 0.0007134 secs]
2021-01-19T10:10:17.542-0800: 0.772: [GC pause (G1 Evacuation Pause) (young), 0.0035617 secs]
2021-01-19T10:10:17.549-0800: 0.779: [GC pause (G1 Evacuation Pause) (mixed), 0.0040309 secs]
2021-01-19T10:10:17.556-0800: 0.787: [GC pause (G1 Evacuation Pause) (mixed), 0.0052383 secs]
2021-01-19T10:10:17.562-0800: 0.793: [GC pause (G1 Humongous Allocation) (young) (initial-mark), 0.0014913 secs]
2021-01-19T10:10:17.564-0800: 0.794: [GC concurrent-root-region-scan-start]
2021-01-19T10:10:17.564-0800: 0.795: [GC concurrent-root-region-scan-end, 0.0001121 secs]
2021-01-19T10:10:17.564-0800: 0.795: [GC concurrent-mark-start]
2021-01-19T10:10:17.565-0800: 0.796: [GC concurrent-mark-end, 0.0010203 secs]
2021-01-19T10:10:17.565-0800: 0.796: [GC remark 2021-01-19T10:10:17.565-0800: 0.796: [Finalize Marking, 0.0002079 secs] 2021-01-19T10:10:17.565-0800: 0.796: [GC ref-proc, 0.0000545 secs] 2021-01-19T10:10:17.565-0800: 0.796: [Unloading, 0.0005712 secs], 0.0014294 secs]
2021-01-19T10:10:17.567-0800: 0.797: [GC cleanup 344M->343M(512M), 0.0008141 secs]
2021-01-19T10:10:17.568-0800: 0.798: [GC concurrent-cleanup-start]
2021-01-19T10:10:17.568-0800: 0.798: [GC concurrent-cleanup-end, 0.0000084 secs]
2021-01-19T10:10:17.576-0800: 0.807: [GC pause (G1 Evacuation Pause) (young), 0.0039394 secs]
2021-01-19T10:10:17.583-0800: 0.813: [GC pause (G1 Evacuation Pause) (mixed), 0.0055121 secs]
2021-01-19T10:10:17.592-0800: 0.822: [GC pause (G1 Evacuation Pause) (mixed), 0.0031362 secs]
2021-01-19T10:10:17.595-0800: 0.826: [GC pause (G1 Humongous Allocation) (young) (initial-mark), 0.0019534 secs]
2021-01-19T10:10:17.597-0800: 0.828: [GC concurrent-root-region-scan-start]
2021-01-19T10:10:17.597-0800: 0.828: [GC concurrent-root-region-scan-end, 0.0001261 secs]
2021-01-19T10:10:17.597-0800: 0.828: [GC concurrent-mark-start]
2021-01-19T10:10:17.599-0800: 0.829: [GC concurrent-mark-end, 0.0013209 secs]
2021-01-19T10:10:17.599-0800: 0.829: [GC remark 2021-01-19T10:10:17.599-0800: 0.829: [Finalize Marking, 0.0003127 secs] 2021-01-19T10:10:17.599-0800: 0.830: [GC ref-proc, 0.0000545 secs] 2021-01-19T10:10:17.599-0800: 0.830: [Unloading, 0.0005472 secs], 0.0015343 secs]
2021-01-19T10:10:17.600-0800: 0.831: [GC cleanup 356M->356M(512M), 0.0006406 secs]
2021-01-19T10:10:17.609-0800: 0.839: [GC pause (G1 Evacuation Pause) (young), 0.0036924 secs]
2021-01-19T10:10:17.616-0800: 0.846: [GC pause (G1 Evacuation Pause) (mixed), 0.0056876 secs]
2021-01-19T10:10:17.625-0800: 0.856: [GC pause (G1 Evacuation Pause) (mixed), 0.0040849 secs]
2021-01-19T10:10:17.632-0800: 0.862: [GC pause (G1 Humongous Allocation) (young) (initial-mark), 0.0023724 secs]
2021-01-19T10:10:17.634-0800: 0.865: [GC concurrent-root-region-scan-start]
2021-01-19T10:10:17.634-0800: 0.865: [GC concurrent-root-region-scan-end, 0.0001219 secs]
2021-01-19T10:10:17.634-0800: 0.865: [GC concurrent-mark-start]
2021-01-19T10:10:17.636-0800: 0.866: [GC concurrent-mark-end, 0.0013970 secs]
2021-01-19T10:10:17.636-0800: 0.866: [GC remark 2021-01-19T10:10:17.636-0800: 0.866: [Finalize Marking, 0.0002017 secs] 2021-01-19T10:10:17.636-0800: 0.867: [GC ref-proc, 0.0000568 secs] 2021-01-19T10:10:17.636-0800: 0.867: [Unloading, 0.0005255 secs], 0.0014297 secs]
2021-01-19T10:10:17.637-0800: 0.868: [GC cleanup 359M->359M(512M), 0.0006478 secs]
2021-01-19T10:10:17.645-0800: 0.876: [GC pause (G1 Evacuation Pause) (young), 0.0039880 secs]
2021-01-19T10:10:17.655-0800: 0.886: [GC pause (G1 Evacuation Pause) (mixed), 0.0070000 secs]
2021-01-19T10:10:17.667-0800: 0.897: [GC pause (G1 Evacuation Pause) (mixed), 0.0045347 secs]
2021-01-19T10:10:17.672-0800: 0.902: [GC pause (G1 Humongous Allocation) (young) (initial-mark), 0.0027351 secs]
2021-01-19T10:10:17.674-0800: 0.905: [GC concurrent-root-region-scan-start]
2021-01-19T10:10:17.675-0800: 0.905: [GC concurrent-root-region-scan-end, 0.0001190 secs]
2021-01-19T10:10:17.675-0800: 0.905: [GC concurrent-mark-start]
2021-01-19T10:10:17.676-0800: 0.906: [GC concurrent-mark-end, 0.0010887 secs]
2021-01-19T10:10:17.676-0800: 0.906: [GC remark 2021-01-19T10:10:17.676-0800: 0.906: [Finalize Marking, 0.0007953 secs] 2021-01-19T10:10:17.677-0800: 0.907: [GC ref-proc, 0.0000541 secs] 2021-01-19T10:10:17.677-0800: 0.907: [Unloading, 0.0004621 secs], 0.0019861 secs]
2021-01-19T10:10:17.678-0800: 0.908: [GC cleanup 365M->365M(512M), 0.0006839 secs]
2021-01-19T10:10:17.683-0800: 0.913: [GC pause (G1 Evacuation Pause) (young), 0.0033195 secs]
2021-01-19T10:10:17.691-0800: 0.922: [GC pause (G1 Evacuation Pause) (mixed), 0.0059378 secs]
2021-01-19T10:10:17.701-0800: 0.932: [GC pause (G1 Evacuation Pause) (mixed), 0.0033241 secs]
2021-01-19T10:10:17.705-0800: 0.935: [GC pause (G1 Humongous Allocation) (young) (initial-mark), 0.0012939 secs]
2021-01-19T10:10:17.706-0800: 0.937: [GC concurrent-root-region-scan-start]
2021-01-19T10:10:17.706-0800: 0.937: [GC concurrent-root-region-scan-end, 0.0000571 secs]
2021-01-19T10:10:17.706-0800: 0.937: [GC concurrent-mark-start]
2021-01-19T10:10:17.708-0800: 0.938: [GC concurrent-mark-end, 0.0015769 secs]
2021-01-19T10:10:17.708-0800: 0.939: [GC remark 2021-01-19T10:10:17.708-0800: 0.939: [Finalize Marking, 0.0002309 secs] 2021-01-19T10:10:17.708-0800: 0.939: [GC ref-proc, 0.0000576 secs] 2021-01-19T10:10:17.708-0800: 0.939: [Unloading, 0.0005161 secs], 0.0014927 secs]
2021-01-19T10:10:17.710-0800: 0.940: [GC cleanup 373M->373M(512M), 0.0007067 secs]
2021-01-19T10:10:17.716-0800: 0.946: [GC pause (G1 Evacuation Pause) (young), 0.0030975 secs]
2021-01-19T10:10:17.722-0800: 0.953: [GC pause (G1 Evacuation Pause) (mixed), 0.0060887 secs]
2021-01-19T10:10:17.728-0800: 0.959: [GC pause (G1 Humongous Allocation) (young) (initial-mark), 0.0026546 secs]
2021-01-19T10:10:17.731-0800: 0.962: [GC concurrent-root-region-scan-start]
2021-01-19T10:10:17.731-0800: 0.962: [GC concurrent-root-region-scan-end, 0.0001077 secs]
2021-01-19T10:10:17.731-0800: 0.962: [GC concurrent-mark-start]
2021-01-19T10:10:17.733-0800: 0.963: [GC concurrent-mark-end, 0.0013072 secs]
2021-01-19T10:10:17.733-0800: 0.963: [GC remark 2021-01-19T10:10:17.733-0800: 0.963: [Finalize Marking, 0.0009873 secs] 2021-01-19T10:10:17.734-0800: 0.964: [GC ref-proc, 0.0000576 secs] 2021-01-19T10:10:17.734-0800: 0.964: [Unloading, 0.0005398 secs], 0.0022753 secs]
2021-01-19T10:10:17.735-0800: 0.966: [GC cleanup 369M->369M(512M), 0.0008530 secs]
2021-01-19T10:10:17.739-0800: 0.970: [GC pause (G1 Evacuation Pause) (young), 0.0027995 secs]
2021-01-19T10:10:17.746-0800: 0.976: [GC pause (G1 Evacuation Pause) (mixed), 0.0045194 secs]
2021-01-19T10:10:17.751-0800: 0.982: [GC pause (G1 Humongous Allocation) (young) (initial-mark), 0.0017122 secs]
2021-01-19T10:10:17.753-0800: 0.984: [GC concurrent-root-region-scan-start]
2021-01-19T10:10:17.753-0800: 0.984: [GC concurrent-root-region-scan-end, 0.0001124 secs]
2021-01-19T10:10:17.753-0800: 0.984: [GC concurrent-mark-start]
2021-01-19T10:10:17.754-0800: 0.985: [GC concurrent-mark-end, 0.0010917 secs]
2021-01-19T10:10:17.754-0800: 0.985: [GC remark 2021-01-19T10:10:17.754-0800: 0.985: [Finalize Marking, 0.0002246 secs] 2021-01-19T10:10:17.755-0800: 0.985: [GC ref-proc, 0.0000569 secs] 2021-01-19T10:10:17.755-0800: 0.985: [Unloading, 0.0005508 secs], 0.0015643 secs]
2021-01-19T10:10:17.756-0800: 0.987: [GC cleanup 373M->373M(512M), 0.0006913 secs]
2021-01-19T10:10:17.760-0800: 0.991: [GC pause (G1 Evacuation Pause) (young), 0.0028741 secs]
2021-01-19T10:10:17.767-0800: 0.997: [GC pause (G1 Evacuation Pause) (mixed), 0.0045223 secs]
2021-01-19T10:10:17.772-0800: 1.002: [GC pause (G1 Humongous Allocation) (young) (initial-mark), 0.0015194 secs]
2021-01-19T10:10:17.773-0800: 1.004: [GC concurrent-root-region-scan-start]
2021-01-19T10:10:17.773-0800: 1.004: [GC concurrent-root-region-scan-end, 0.0000720 secs]
2021-01-19T10:10:17.773-0800: 1.004: [GC concurrent-mark-start]
2021-01-19T10:10:17.775-0800: 1.005: [GC concurrent-mark-end, 0.0011726 secs]
2021-01-19T10:10:17.775-0800: 1.005: [GC remark 2021-01-19T10:10:17.775-0800: 1.005: [Finalize Marking, 0.0002071 secs] 2021-01-19T10:10:17.775-0800: 1.005: [GC ref-proc, 0.0000566 secs] 2021-01-19T10:10:17.775-0800: 1.005: [Unloading, 0.0005976 secs], 0.0014855 secs]
2021-01-19T10:10:17.776-0800: 1.007: [GC cleanup 377M->377M(512M), 0.0006935 secs]
2021-01-19T10:10:17.781-0800: 1.011: [GC pause (G1 Evacuation Pause) (young), 0.0024708 secs]
2021-01-19T10:10:17.788-0800: 1.018: [GC pause (G1 Evacuation Pause) (mixed), 0.0057625 secs]
2021-01-19T10:10:17.796-0800: 1.026: [GC pause (G1 Humongous Allocation) (young) (initial-mark), 0.0016952 secs]
2021-01-19T10:10:17.798-0800: 1.028: [GC concurrent-root-region-scan-start]
2021-01-19T10:10:17.798-0800: 1.028: [GC concurrent-root-region-scan-end, 0.0001412 secs]
2021-01-19T10:10:17.798-0800: 1.028: [GC concurrent-mark-start]
2021-01-19T10:10:17.799-0800: 1.029: [GC concurrent-mark-end, 0.0010677 secs]
2021-01-19T10:10:17.799-0800: 1.030: [GC remark 2021-01-19T10:10:17.799-0800: 1.030: [Finalize Marking, 0.0001856 secs] 2021-01-19T10:10:17.799-0800: 1.030: [GC ref-proc, 0.0000544 secs] 2021-01-19T10:10:17.799-0800: 1.030: [Unloading, 0.0005293 secs], 0.0014739 secs]
2021-01-19T10:10:17.801-0800: 1.031: [GC cleanup 381M->381M(512M), 0.0007802 secs]
2021-01-19T10:10:17.805-0800: 1.036: [GC pause (G1 Evacuation Pause) (young), 0.0031735 secs]
2021-01-19T10:10:17.813-0800: 1.044: [GC pause (G1 Evacuation Pause) (mixed), 0.0065655 secs]
2021-01-19T10:10:17.825-0800: 1.055: [GC pause (G1 Evacuation Pause) (mixed), 0.0030342 secs]
2021-01-19T10:10:17.828-0800: 1.058: [GC pause (G1 Humongous Allocation) (young) (initial-mark), 0.0025600 secs]
2021-01-19T10:10:17.831-0800: 1.061: [GC concurrent-root-region-scan-start]
2021-01-19T10:10:17.831-0800: 1.061: [GC concurrent-root-region-scan-end, 0.0001083 secs]
2021-01-19T10:10:17.831-0800: 1.061: [GC concurrent-mark-start]
2021-01-19T10:10:17.833-0800: 1.064: [GC concurrent-mark-end, 0.0023935 secs]
2021-01-19T10:10:17.833-0800: 1.064: [GC remark 2021-01-19T10:10:17.833-0800: 1.064: [Finalize Marking, 0.0001946 secs] 2021-01-19T10:10:17.834-0800: 1.064: [GC ref-proc, 0.0000646 secs] 2021-01-19T10:10:17.834-0800: 1.064: [Unloading, 0.0004647 secs], 0.0013128 secs]
2021-01-19T10:10:17.835-0800: 1.065: [GC cleanup 378M->378M(512M), 0.0008980 secs]
2021-01-19T10:10:17.839-0800: 1.070: [GC pause (G1 Evacuation Pause) (young), 0.0037286 secs]
2021-01-19T10:10:17.847-0800: 1.077: [GC pause (G1 Evacuation Pause) (mixed), 0.0065585 secs]
2021-01-19T10:10:17.853-0800: 1.084: [GC pause (G1 Humongous Allocation) (young) (initial-mark), 0.0021906 secs]
2021-01-19T10:10:17.856-0800: 1.086: [GC concurrent-root-region-scan-start]
2021-01-19T10:10:17.856-0800: 1.086: [GC concurrent-root-region-scan-end, 0.0001173 secs]
2021-01-19T10:10:17.856-0800: 1.086: [GC concurrent-mark-start]
2021-01-19T10:10:17.857-0800: 1.088: [GC concurrent-mark-end, 0.0011928 secs]
2021-01-19T10:10:17.857-0800: 1.088: [GC remark 2021-01-19T10:10:17.857-0800: 1.088: [Finalize Marking, 0.0003685 secs] 2021-01-19T10:10:17.858-0800: 1.088: [GC ref-proc, 0.0000666 secs] 2021-01-19T10:10:17.858-0800: 1.088: [Unloading, 0.0005856 secs], 0.0017737 secs]
2021-01-19T10:10:17.859-0800: 1.090: [GC cleanup 382M->382M(512M), 0.0007662 secs]
2021-01-19T10:10:17.867-0800: 1.098: [GC pause (G1 Evacuation Pause) (young), 0.0030869 secs]
2021-01-19T10:10:17.874-0800: 1.104: [GC pause (G1 Evacuation Pause) (mixed), 0.0063504 secs]
2021-01-19T10:10:17.881-0800: 1.112: [GC pause (G1 Humongous Allocation) (young) (initial-mark), 0.0025217 secs]
2021-01-19T10:10:17.884-0800: 1.115: [GC concurrent-root-region-scan-start]
2021-01-19T10:10:17.884-0800: 1.115: [GC concurrent-root-region-scan-end, 0.0002976 secs]
2021-01-19T10:10:17.884-0800: 1.115: [GC concurrent-mark-start]
2021-01-19T10:10:17.887-0800: 1.118: [GC concurrent-mark-end, 0.0030109 secs]
2021-01-19T10:10:17.888-0800: 1.118: [GC remark 2021-01-19T10:10:17.888-0800: 1.118: [Finalize Marking, 0.0011296 secs] 2021-01-19T10:10:17.889-0800: 1.120: [GC ref-proc, 0.0000938 secs] 2021-01-19T10:10:17.889-0800: 1.120: [Unloading, 0.0008834 secs], 0.0030968 secs]
2021-01-19T10:10:17.891-0800: 1.122: [GC cleanup 387M->387M(512M), 0.0015297 secs]
2021-01-19T10:10:17.900-0800: 1.131: [GC pause (G1 Evacuation Pause) (young), 0.0037508 secs]
2021-01-19T10:10:17.912-0800: 1.142: [GC pause (G1 Evacuation Pause) (mixed) (to-space exhausted), 0.0063124 secs]
