Java HotSpot(TM) 64-Bit Server VM (25.261-b12) for bsd-amd64 JRE (1.8.0_261-b12), built on Jun 18 2020 06:38:55 by "java_re" with gcc 4.2.1 Compatible Apple LLVM 10.0.0 (clang-1000.11.45.5)
Memory: 4k page, physical 16777216k(1112204k free)

/proc/meminfo:

CommandLine flags: -XX:InitialHeapSize=536870912 -XX:MaxHeapSize=536870912 -XX:+PrintGC -XX:+PrintGCDateStamps -XX:+PrintGCDetails -XX:+PrintGCTimeStamps -XX:+UseCompressedClassPointers -XX:+UseCompressedOops -XX:+UseG1GC 
2021-01-19T10:10:16.953-0800: 0.184: [GC pause (G1 Evacuation Pause) (young), 0.0108722 secs]
   [Parallel Time: 8.6 ms, GC Workers: 10]
      [GC Worker Start (ms): Min: 184.0, Avg: 184.6, Max: 186.0, Diff: 2.0]
      [Ext Root Scanning (ms): Min: 0.0, Avg: 0.5, Max: 1.3, Diff: 1.2, Sum: 4.9]
      [Update RS (ms): Min: 0.0, Avg: 0.0, Max: 0.0, Diff: 0.0, Sum: 0.0]
         [Processed Buffers: Min: 0, Avg: 0.0, Max: 0, Diff: 0, Sum: 0]
      [Scan RS (ms): Min: 0.0, Avg: 0.0, Max: 0.0, Diff: 0.0, Sum: 0.1]
      [Code Root Scanning (ms): Min: 0.0, Avg: 0.0, Max: 0.1, Diff: 0.1, Sum: 0.1]
      [Object Copy (ms): Min: 5.8, Avg: 6.6, Max: 7.6, Diff: 1.7, Sum: 66.4]
      [Termination (ms): Min: 0.0, Avg: 0.7, Max: 1.2, Diff: 1.2, Sum: 6.8]
         [Termination Attempts: Min: 1, Avg: 1.6, Max: 3, Diff: 2, Sum: 16]
      [GC Worker Other (ms): Min: 0.0, Avg: 0.0, Max: 0.0, Diff: 0.0, Sum: 0.3]
      [GC Worker Total (ms): Min: 6.5, Avg: 7.9, Max: 8.5, Diff: 2.0, Sum: 78.7]
      [GC Worker End (ms): Min: 192.3, Avg: 192.4, Max: 192.5, Diff: 0.2]
   [Code Root Fixup: 0.0 ms]
   [Code Root Purge: 0.0 ms]
   [Clear CT: 0.2 ms]
   [Other: 2.1 ms]
      [Choose CSet: 0.0 ms]
      [Ref Proc: 1.1 ms]
      [Ref Enq: 0.0 ms]
      [Redirty Cards: 0.2 ms]
      [Humongous Register: 0.2 ms]
      [Humongous Reclaim: 0.1 ms]
      [Free CSet: 0.1 ms]
   [Eden: 25.0M(25.0M)->0.0B(21.0M) Survivors: 0.0B->4096.0K Heap: 30.8M(512.0M)->13.2M(512.0M)]
 [Times: user=0.04 sys=0.03, real=0.01 secs] 
2021-01-19T10:10:16.984-0800: 0.215: [GC pause (G1 Evacuation Pause) (young), 0.0061038 secs]
   [Parallel Time: 4.5 ms, GC Workers: 10]
      [GC Worker Start (ms): Min: 215.1, Avg: 215.2, Max: 215.5, Diff: 0.4]
      [Ext Root Scanning (ms): Min: 0.0, Avg: 0.3, Max: 1.5, Diff: 1.5, Sum: 3.4]
      [Update RS (ms): Min: 0.0, Avg: 0.0, Max: 0.1, Diff: 0.1, Sum: 0.1]
         [Processed Buffers: Min: 0, Avg: 0.2, Max: 1, Diff: 1, Sum: 2]
      [Scan RS (ms): Min: 0.0, Avg: 0.0, Max: 0.0, Diff: 0.0, Sum: 0.1]
      [Code Root Scanning (ms): Min: 0.0, Avg: 0.0, Max: 0.1, Diff: 0.1, Sum: 0.1]
      [Object Copy (ms): Min: 1.9, Avg: 3.1, Max: 3.8, Diff: 1.9, Sum: 31.2]
      [Termination (ms): Min: 0.0, Avg: 0.6, Max: 0.9, Diff: 0.9, Sum: 5.5]
         [Termination Attempts: Min: 1, Avg: 1.0, Max: 1, Diff: 0, Sum: 10]
      [GC Worker Other (ms): Min: 0.0, Avg: 0.0, Max: 0.0, Diff: 0.0, Sum: 0.2]
      [GC Worker Total (ms): Min: 3.8, Avg: 4.1, Max: 4.3, Diff: 0.5, Sum: 40.6]
      [GC Worker End (ms): Min: 219.3, Avg: 219.3, Max: 219.5, Diff: 0.2]
   [Code Root Fixup: 0.0 ms]
   [Code Root Purge: 0.0 ms]
   [Clear CT: 0.2 ms]
   [Other: 1.4 ms]
      [Choose CSet: 0.0 ms]
      [Ref Proc: 0.9 ms]
      [Ref Enq: 0.0 ms]
      [Redirty Cards: 0.2 ms]
      [Humongous Register: 0.1 ms]
      [Humongous Reclaim: 0.0 ms]
      [Free CSet: 0.0 ms]
   [Eden: 21.0M(21.0M)->0.0B(39.0M) Survivors: 4096.0K->4096.0K Heap: 38.7M(512.0M)->22.0M(512.0M)]
 [Times: user=0.02 sys=0.01, real=0.01 secs] 
2021-01-19T10:10:17.028-0800: 0.258: [GC pause (G1 Evacuation Pause) (young), 0.0122125 secs]
   [Parallel Time: 10.0 ms, GC Workers: 10]
      [GC Worker Start (ms): Min: 258.7, Avg: 258.9, Max: 259.1, Diff: 0.4]
      [Ext Root Scanning (ms): Min: 0.0, Avg: 0.2, Max: 0.3, Diff: 0.3, Sum: 2.0]
      [Update RS (ms): Min: 0.1, Avg: 0.3, Max: 1.1, Diff: 1.0, Sum: 3.3]
         [Processed Buffers: Min: 1, Avg: 1.3, Max: 2, Diff: 1, Sum: 13]
      [Scan RS (ms): Min: 0.0, Avg: 0.0, Max: 0.1, Diff: 0.1, Sum: 0.1]
      [Code Root Scanning (ms): Min: 0.0, Avg: 0.0, Max: 0.0, Diff: 0.0, Sum: 0.0]
      [Object Copy (ms): Min: 7.4, Avg: 8.1, Max: 9.0, Diff: 1.7, Sum: 81.4]
      [Termination (ms): Min: 0.0, Avg: 0.9, Max: 1.8, Diff: 1.8, Sum: 8.9]
         [Termination Attempts: Min: 1, Avg: 1.0, Max: 1, Diff: 0, Sum: 10]
      [GC Worker Other (ms): Min: 0.0, Avg: 0.0, Max: 0.0, Diff: 0.0, Sum: 0.2]
      [GC Worker Total (ms): Min: 9.4, Avg: 9.6, Max: 9.8, Diff: 0.4, Sum: 96.0]
      [GC Worker End (ms): Min: 268.4, Avg: 268.5, Max: 268.6, Diff: 0.1]
   [Code Root Fixup: 0.0 ms]
   [Code Root Purge: 0.0 ms]
   [Clear CT: 0.2 ms]
   [Other: 2.0 ms]
      [Choose CSet: 0.0 ms]
      [Ref Proc: 0.9 ms]
      [Ref Enq: 0.0 ms]
      [Redirty Cards: 0.4 ms]
      [Humongous Register: 0.1 ms]
      [Humongous Reclaim: 0.1 ms]
      [Free CSet: 0.1 ms]
   [Eden: 39.0M(39.0M)->0.0B(301.0M) Survivors: 4096.0K->6144.0K Heap: 70.9M(512.0M)->37.1M(512.0M)]
 [Times: user=0.03 sys=0.04, real=0.02 secs] 
2021-01-19T10:10:17.322-0800: 0.552: [GC pause (G1 Evacuation Pause) (young) (to-space exhausted), 0.0178679 secs]
   [Parallel Time: 15.4 ms, GC Workers: 10]
      [GC Worker Start (ms): Min: 552.4, Avg: 552.5, Max: 552.5, Diff: 0.1]
      [Ext Root Scanning (ms): Min: 0.1, Avg: 0.1, Max: 0.3, Diff: 0.3, Sum: 1.3]
      [Update RS (ms): Min: 0.0, Avg: 0.1, Max: 0.2, Diff: 0.2, Sum: 1.3]
         [Processed Buffers: Min: 0, Avg: 1.7, Max: 3, Diff: 3, Sum: 17]
      [Scan RS (ms): Min: 0.0, Avg: 0.0, Max: 0.1, Diff: 0.1, Sum: 0.4]
      [Code Root Scanning (ms): Min: 0.0, Avg: 0.0, Max: 0.0, Diff: 0.0, Sum: 0.0]
      [Object Copy (ms): Min: 14.4, Avg: 14.5, Max: 14.8, Diff: 0.4, Sum: 144.8]
      [Termination (ms): Min: 0.0, Avg: 0.4, Max: 0.6, Diff: 0.6, Sum: 4.2]
         [Termination Attempts: Min: 1, Avg: 1.3, Max: 2, Diff: 1, Sum: 13]
      [GC Worker Other (ms): Min: 0.0, Avg: 0.0, Max: 0.0, Diff: 0.0, Sum: 0.1]
      [GC Worker Total (ms): Min: 15.1, Avg: 15.2, Max: 15.3, Diff: 0.1, Sum: 152.2]
      [GC Worker End (ms): Min: 567.6, Avg: 567.7, Max: 567.8, Diff: 0.2]
   [Code Root Fixup: 0.0 ms]
   [Code Root Purge: 0.0 ms]
   [Clear CT: 0.1 ms]
   [Other: 2.3 ms]
      [Evacuation Failure: 1.3 ms]
      [Choose CSet: 0.0 ms]
      [Ref Proc: 0.5 ms]
      [Ref Enq: 0.0 ms]
      [Redirty Cards: 0.2 ms]
      [Humongous Register: 0.0 ms]
      [Humongous Reclaim: 0.2 ms]
      [Free CSet: 0.1 ms]
   [Eden: 301.0M(301.0M)->0.0B(62.0M) Survivors: 6144.0K->39.0M Heap: 419.5M(512.0M)->304.2M(512.0M)]
 [Times: user=0.03 sys=0.10, real=0.02 secs] 
2021-01-19T10:10:17.340-0800: 0.571: [GC pause (G1 Humongous Allocation) (young) (initial-mark), 0.0057462 secs]
   [Parallel Time: 5.1 ms, GC Workers: 10]
      [GC Worker Start (ms): Min: 570.7, Avg: 570.8, Max: 570.8, Diff: 0.1]
      [Ext Root Scanning (ms): Min: 0.1, Avg: 0.1, Max: 0.2, Diff: 0.1, Sum: 1.1]
      [Update RS (ms): Min: 0.0, Avg: 0.0, Max: 0.1, Diff: 0.1, Sum: 0.4]
         [Processed Buffers: Min: 0, Avg: 1.3, Max: 3, Diff: 3, Sum: 13]
      [Scan RS (ms): Min: 0.0, Avg: 0.0, Max: 0.0, Diff: 0.0, Sum: 0.0]
      [Code Root Scanning (ms): Min: 0.0, Avg: 0.0, Max: 0.0, Diff: 0.0, Sum: 0.0]
      [Object Copy (ms): Min: 4.3, Avg: 4.5, Max: 4.6, Diff: 0.3, Sum: 45.0]
      [Termination (ms): Min: 0.0, Avg: 0.2, Max: 0.4, Diff: 0.4, Sum: 2.2]
         [Termination Attempts: Min: 1, Avg: 1.2, Max: 2, Diff: 1, Sum: 12]
      [GC Worker Other (ms): Min: 0.0, Avg: 0.0, Max: 0.0, Diff: 0.0, Sum: 0.1]
      [GC Worker Total (ms): Min: 4.8, Avg: 4.9, Max: 5.0, Diff: 0.2, Sum: 48.9]
      [GC Worker End (ms): Min: 575.6, Avg: 575.7, Max: 575.8, Diff: 0.2]
   [Code Root Fixup: 0.0 ms]
   [Code Root Purge: 0.0 ms]
   [Clear CT: 0.1 ms]
   [Other: 0.5 ms]
      [Choose CSet: 0.0 ms]
      [Ref Proc: 0.3 ms]
      [Ref Enq: 0.0 ms]
      [Redirty Cards: 0.1 ms]
      [Humongous Register: 0.0 ms]
      [Humongous Reclaim: 0.0 ms]
      [Free CSet: 0.0 ms]
   [Eden: 3072.0K(62.0M)->0.0B(102.0M) Survivors: 39.0M->1024.0K Heap: 306.9M(512.0M)->304.7M(512.0M)]
 [Times: user=0.02 sys=0.02, real=0.00 secs] 
2021-01-19T10:10:17.346-0800: 0.577: [GC concurrent-root-region-scan-start]
2021-01-19T10:10:17.346-0800: 0.577: [GC concurrent-root-region-scan-end, 0.0001062 secs]
2021-01-19T10:10:17.346-0800: 0.577: [GC concurrent-mark-start]
2021-01-19T10:10:17.348-0800: 0.579: [GC concurrent-mark-end, 0.0022847 secs]
2021-01-19T10:10:17.348-0800: 0.579: [GC remark 2021-01-19T10:10:17.349-0800: 0.579: [Finalize Marking, 0.0002818 secs] 2021-01-19T10:10:17.349-0800: 0.579: [GC ref-proc, 0.0000498 secs] 2021-01-19T10:10:17.349-0800: 0.579: [Unloading, 0.0004711 secs], 0.0011821 secs]
 [Times: user=0.00 sys=0.00, real=0.01 secs] 
2021-01-19T10:10:17.350-0800: 0.580: [GC cleanup 321M->321M(512M), 0.0006618 secs]
 [Times: user=0.00 sys=0.00, real=0.00 secs] 
2021-01-19T10:10:17.370-0800: 0.600: [GC pause (G1 Evacuation Pause) (young), 0.0040708 secs]
   [Parallel Time: 3.3 ms, GC Workers: 10]
      [GC Worker Start (ms): Min: 600.4, Avg: 600.4, Max: 600.5, Diff: 0.1]
      [Ext Root Scanning (ms): Min: 0.1, Avg: 0.1, Max: 0.2, Diff: 0.1, Sum: 1.0]
      [Update RS (ms): Min: 0.1, Avg: 0.1, Max: 0.4, Diff: 0.3, Sum: 1.4]
         [Processed Buffers: Min: 0, Avg: 1.6, Max: 2, Diff: 2, Sum: 16]
      [Scan RS (ms): Min: 0.0, Avg: 0.0, Max: 0.0, Diff: 0.0, Sum: 0.1]
      [Code Root Scanning (ms): Min: 0.0, Avg: 0.0, Max: 0.0, Diff: 0.0, Sum: 0.0]
      [Object Copy (ms): Min: 2.5, Avg: 2.7, Max: 2.8, Diff: 0.3, Sum: 27.5]
      [Termination (ms): Min: 0.0, Avg: 0.1, Max: 0.2, Diff: 0.2, Sum: 1.1]
         [Termination Attempts: Min: 1, Avg: 1.4, Max: 2, Diff: 1, Sum: 14]
      [GC Worker Other (ms): Min: 0.0, Avg: 0.0, Max: 0.0, Diff: 0.0, Sum: 0.1]
      [GC Worker Total (ms): Min: 3.0, Avg: 3.1, Max: 3.2, Diff: 0.1, Sum: 31.3]
      [GC Worker End (ms): Min: 603.5, Avg: 603.5, Max: 603.6, Diff: 0.1]
   [Code Root Fixup: 0.0 ms]
   [Code Root Purge: 0.0 ms]
   [Clear CT: 0.2 ms]
   [Other: 0.6 ms]
      [Choose CSet: 0.0 ms]
      [Ref Proc: 0.2 ms]
      [Ref Enq: 0.0 ms]
      [Redirty Cards: 0.2 ms]
      [Humongous Register: 0.0 ms]
      [Humongous Reclaim: 0.0 ms]
      [Free CSet: 0.0 ms]
   [Eden: 102.0M(102.0M)->0.0B(12.0M) Survivors: 1024.0K->13.0M Heap: 434.6M(512.0M)->346.9M(512.0M)]
 [Times: user=0.03 sys=0.01, real=0.00 secs] 
2021-01-19T10:10:17.375-0800: 0.606: [GC pause (G1 Evacuation Pause) (mixed), 0.0038966 secs]
   [Parallel Time: 3.2 ms, GC Workers: 10]
      [GC Worker Start (ms): Min: 606.0, Avg: 606.0, Max: 606.1, Diff: 0.1]
      [Ext Root Scanning (ms): Min: 0.1, Avg: 0.1, Max: 0.2, Diff: 0.1, Sum: 1.1]
      [Update RS (ms): Min: 0.1, Avg: 0.1, Max: 0.2, Diff: 0.1, Sum: 0.9]
         [Processed Buffers: Min: 1, Avg: 1.7, Max: 3, Diff: 2, Sum: 17]
      [Scan RS (ms): Min: 0.0, Avg: 0.0, Max: 0.0, Diff: 0.0, Sum: 0.2]
      [Code Root Scanning (ms): Min: 0.0, Avg: 0.0, Max: 0.0, Diff: 0.0, Sum: 0.0]
      [Object Copy (ms): Min: 1.9, Avg: 2.1, Max: 2.7, Diff: 0.7, Sum: 21.2]
      [Termination (ms): Min: 0.0, Avg: 0.6, Max: 0.7, Diff: 0.7, Sum: 6.0]
         [Termination Attempts: Min: 1, Avg: 1.0, Max: 1, Diff: 0, Sum: 10]
      [GC Worker Other (ms): Min: 0.0, Avg: 0.0, Max: 0.0, Diff: 0.0, Sum: 0.1]
      [GC Worker Total (ms): Min: 2.9, Avg: 3.0, Max: 3.2, Diff: 0.3, Sum: 29.5]
      [GC Worker End (ms): Min: 609.0, Avg: 609.0, Max: 609.1, Diff: 0.2]
   [Code Root Fixup: 0.0 ms]
   [Code Root Purge: 0.0 ms]
   [Clear CT: 0.2 ms]
   [Other: 0.5 ms]
      [Choose CSet: 0.0 ms]
      [Ref Proc: 0.1 ms]
      [Ref Enq: 0.0 ms]
      [Redirty Cards: 0.1 ms]
      [Humongous Register: 0.0 ms]
      [Humongous Reclaim: 0.0 ms]
      [Free CSet: 0.1 ms]
   [Eden: 12.0M(12.0M)->0.0B(21.0M) Survivors: 13.0M->4096.0K Heap: 359.6M(512.0M)->303.6M(512.0M)]
 [Times: user=0.02 sys=0.01, real=0.00 secs] 
2021-01-19T10:10:17.383-0800: 0.614: [GC pause (G1 Evacuation Pause) (mixed), 0.0027985 secs]
   [Parallel Time: 2.1 ms, GC Workers: 10]
      [GC Worker Start (ms): Min: 613.8, Avg: 613.8, Max: 613.9, Diff: 0.1]
      [Ext Root Scanning (ms): Min: 0.1, Avg: 0.1, Max: 0.2, Diff: 0.1, Sum: 1.1]
      [Update RS (ms): Min: 0.2, Avg: 0.2, Max: 0.3, Diff: 0.1, Sum: 2.4]
         [Processed Buffers: Min: 1, Avg: 2.7, Max: 4, Diff: 3, Sum: 27]
      [Scan RS (ms): Min: 0.0, Avg: 0.0, Max: 0.0, Diff: 0.0, Sum: 0.1]
      [Code Root Scanning (ms): Min: 0.0, Avg: 0.0, Max: 0.0, Diff: 0.0, Sum: 0.0]
      [Object Copy (ms): Min: 1.5, Avg: 1.6, Max: 1.6, Diff: 0.1, Sum: 15.7]
      [Termination (ms): Min: 0.0, Avg: 0.1, Max: 0.1, Diff: 0.1, Sum: 0.6]
         [Termination Attempts: Min: 1, Avg: 1.0, Max: 1, Diff: 0, Sum: 10]
      [GC Worker Other (ms): Min: 0.0, Avg: 0.0, Max: 0.0, Diff: 0.0, Sum: 0.1]
      [GC Worker Total (ms): Min: 1.9, Avg: 2.0, Max: 2.1, Diff: 0.1, Sum: 20.1]
      [GC Worker End (ms): Min: 615.8, Avg: 615.8, Max: 615.9, Diff: 0.0]
   [Code Root Fixup: 0.0 ms]
   [Code Root Purge: 0.0 ms]
   [Clear CT: 0.1 ms]
   [Other: 0.5 ms]
      [Choose CSet: 0.0 ms]
      [Ref Proc: 0.2 ms]
      [Ref Enq: 0.0 ms]
      [Redirty Cards: 0.1 ms]
      [Humongous Register: 0.1 ms]
      [Humongous Reclaim: 0.0 ms]
      [Free CSet: 0.1 ms]
   [Eden: 21.0M(21.0M)->0.0B(21.0M) Survivors: 4096.0K->4096.0K Heap: 332.5M(512.0M)->268.7M(512.0M)]
 [Times: user=0.02 sys=0.00, real=0.00 secs] 
2021-01-19T10:10:17.390-0800: 0.620: [GC pause (G1 Evacuation Pause) (mixed), 0.0042864 secs]
   [Parallel Time: 3.5 ms, GC Workers: 10]
      [GC Worker Start (ms): Min: 620.4, Avg: 620.5, Max: 620.6, Diff: 0.2]
      [Ext Root Scanning (ms): Min: 0.0, Avg: 0.1, Max: 0.2, Diff: 0.2, Sum: 1.0]
      [Update RS (ms): Min: 0.1, Avg: 0.2, Max: 0.2, Diff: 0.1, Sum: 1.6]
         [Processed Buffers: Min: 0, Avg: 1.8, Max: 2, Diff: 2, Sum: 18]
      [Scan RS (ms): Min: 0.0, Avg: 0.0, Max: 0.1, Diff: 0.1, Sum: 0.1]
      [Code Root Scanning (ms): Min: 0.0, Avg: 0.0, Max: 0.0, Diff: 0.0, Sum: 0.0]
      [Object Copy (ms): Min: 2.0, Avg: 2.3, Max: 2.8, Diff: 0.8, Sum: 22.5]
      [Termination (ms): Min: 0.0, Avg: 0.6, Max: 0.8, Diff: 0.8, Sum: 6.5]
         [Termination Attempts: Min: 1, Avg: 1.0, Max: 1, Diff: 0, Sum: 10]
      [GC Worker Other (ms): Min: 0.0, Avg: 0.0, Max: 0.0, Diff: 0.0, Sum: 0.1]
      [GC Worker Total (ms): Min: 3.1, Avg: 3.2, Max: 3.3, Diff: 0.2, Sum: 31.9]
      [GC Worker End (ms): Min: 623.6, Avg: 623.7, Max: 623.8, Diff: 0.2]
   [Code Root Fixup: 0.0 ms]
   [Code Root Purge: 0.0 ms]
   [Clear CT: 0.3 ms]
   [Other: 0.6 ms]
      [Choose CSet: 0.0 ms]
      [Ref Proc: 0.2 ms]
      [Ref Enq: 0.0 ms]
      [Redirty Cards: 0.1 ms]
      [Humongous Register: 0.1 ms]
      [Humongous Reclaim: 0.0 ms]
      [Free CSet: 0.1 ms]
   [Eden: 21.0M(21.0M)->0.0B(21.0M) Survivors: 4096.0K->4096.0K Heap: 294.2M(512.0M)->238.4M(512.0M)]
 [Times: user=0.03 sys=0.00, real=0.00 secs] 
2021-01-19T10:10:17.397-0800: 0.628: [GC pause (G1 Evacuation Pause) (mixed), 0.0025115 secs]
   [Parallel Time: 1.9 ms, GC Workers: 10]
      [GC Worker Start (ms): Min: 628.0, Avg: 628.1, Max: 628.2, Diff: 0.1]
      [Ext Root Scanning (ms): Min: 0.1, Avg: 0.1, Max: 0.2, Diff: 0.1, Sum: 1.3]
      [Update RS (ms): Min: 0.1, Avg: 0.2, Max: 0.6, Diff: 0.5, Sum: 1.9]
         [Processed Buffers: Min: 0, Avg: 2.0, Max: 3, Diff: 3, Sum: 20]
      [Scan RS (ms): Min: 0.0, Avg: 0.0, Max: 0.0, Diff: 0.0, Sum: 0.1]
      [Code Root Scanning (ms): Min: 0.0, Avg: 0.0, Max: 0.0, Diff: 0.0, Sum: 0.0]
      [Object Copy (ms): Min: 0.5, Avg: 1.0, Max: 1.2, Diff: 0.7, Sum: 10.0]
      [Termination (ms): Min: 0.0, Avg: 0.3, Max: 0.5, Diff: 0.5, Sum: 2.7]
         [Termination Attempts: Min: 1, Avg: 1.0, Max: 1, Diff: 0, Sum: 10]
      [GC Worker Other (ms): Min: 0.0, Avg: 0.0, Max: 0.0, Diff: 0.0, Sum: 0.1]
      [GC Worker Total (ms): Min: 1.5, Avg: 1.6, Max: 1.8, Diff: 0.3, Sum: 16.1]
      [GC Worker End (ms): Min: 629.6, Avg: 629.7, Max: 629.8, Diff: 0.2]
   [Code Root Fixup: 0.0 ms]
   [Code Root Purge: 0.0 ms]
   [Clear CT: 0.2 ms]
   [Other: 0.5 ms]
      [Choose CSet: 0.0 ms]
      [Ref Proc: 0.2 ms]
      [Ref Enq: 0.0 ms]
      [Redirty Cards: 0.1 ms]
      [Humongous Register: 0.1 ms]
      [Humongous Reclaim: 0.0 ms]
      [Free CSet: 0.0 ms]
   [Eden: 21.0M(21.0M)->0.0B(154.0M) Survivors: 4096.0K->4096.0K Heap: 260.7M(512.0M)->232.9M(512.0M)]
 [Times: user=0.01 sys=0.00, real=0.01 secs] 
2021-01-19T10:10:17.400-0800: 0.631: [GC pause (G1 Humongous Allocation) (young) (initial-mark), 0.0013564 secs]
   [Parallel Time: 0.7 ms, GC Workers: 10]
      [GC Worker Start (ms): Min: 630.8, Avg: 630.8, Max: 630.9, Diff: 0.1]
      [Ext Root Scanning (ms): Min: 0.1, Avg: 0.1, Max: 0.2, Diff: 0.1, Sum: 1.2]
      [Update RS (ms): Min: 0.0, Avg: 0.0, Max: 0.1, Diff: 0.1, Sum: 0.3]
         [Processed Buffers: Min: 1, Avg: 1.1, Max: 2, Diff: 1, Sum: 11]
      [Scan RS (ms): Min: 0.0, Avg: 0.0, Max: 0.0, Diff: 0.0, Sum: 0.0]
      [Code Root Scanning (ms): Min: 0.0, Avg: 0.0, Max: 0.0, Diff: 0.0, Sum: 0.0]
      [Object Copy (ms): Min: 0.3, Avg: 0.3, Max: 0.4, Diff: 0.1, Sum: 3.1]
      [Termination (ms): Min: 0.0, Avg: 0.1, Max: 0.1, Diff: 0.1, Sum: 0.6]
         [Termination Attempts: Min: 1, Avg: 1.0, Max: 1, Diff: 0, Sum: 10]
      [GC Worker Other (ms): Min: 0.0, Avg: 0.0, Max: 0.0, Diff: 0.0, Sum: 0.1]
      [GC Worker Total (ms): Min: 0.5, Avg: 0.5, Max: 0.6, Diff: 0.1, Sum: 5.3]
      [GC Worker End (ms): Min: 631.3, Avg: 631.4, Max: 631.4, Diff: 0.1]
   [Code Root Fixup: 0.0 ms]
   [Code Root Purge: 0.0 ms]
   [Clear CT: 0.2 ms]
   [Other: 0.5 ms]
      [Choose CSet: 0.0 ms]
      [Ref Proc: 0.1 ms]
      [Ref Enq: 0.0 ms]
      [Redirty Cards: 0.2 ms]
      [Humongous Register: 0.0 ms]
      [Humongous Reclaim: 0.0 ms]
      [Free CSet: 0.0 ms]
   [Eden: 2048.0K(154.0M)->0.0B(163.0M) Survivors: 4096.0K->5120.0K Heap: 234.2M(512.0M)->233.4M(512.0M)]
 [Times: user=0.01 sys=0.00, real=0.00 secs] 
2021-01-19T10:10:17.402-0800: 0.632: [GC concurrent-root-region-scan-start]
2021-01-19T10:10:17.402-0800: 0.632: [GC concurrent-root-region-scan-end, 0.0001718 secs]
2021-01-19T10:10:17.402-0800: 0.632: [GC concurrent-mark-start]
2021-01-19T10:10:17.403-0800: 0.633: [GC concurrent-mark-end, 0.0010173 secs]
2021-01-19T10:10:17.403-0800: 0.633: [GC remark 2021-01-19T10:10:17.403-0800: 0.633: [Finalize Marking, 0.0002534 secs] 2021-01-19T10:10:17.403-0800: 0.634: [GC ref-proc, 0.0000542 secs] 2021-01-19T10:10:17.403-0800: 0.634: [Unloading, 0.0004986 secs], 0.0012641 secs]
 [Times: user=0.01 sys=0.01, real=0.00 secs] 
2021-01-19T10:10:17.404-0800: 0.635: [GC cleanup 244M->243M(512M), 0.0007768 secs]
 [Times: user=0.00 sys=0.00, real=0.00 secs] 
2021-01-19T10:10:17.405-0800: 0.636: [GC concurrent-cleanup-start]
2021-01-19T10:10:17.405-0800: 0.636: [GC concurrent-cleanup-end, 0.0000116 secs]
2021-01-19T10:10:17.439-0800: 0.670: [GC pause (G1 Evacuation Pause) (young) (to-space exhausted), 0.0039033 secs]
   [Parallel Time: 2.8 ms, GC Workers: 10]
      [GC Worker Start (ms): Min: 669.7, Avg: 669.8, Max: 669.8, Diff: 0.1]
      [Ext Root Scanning (ms): Min: 0.1, Avg: 0.1, Max: 0.4, Diff: 0.3, Sum: 1.4]
      [Update RS (ms): Min: 0.0, Avg: 0.2, Max: 0.3, Diff: 0.3, Sum: 1.9]
         [Processed Buffers: Min: 0, Avg: 2.0, Max: 3, Diff: 3, Sum: 20]
      [Scan RS (ms): Min: 0.0, Avg: 0.0, Max: 0.0, Diff: 0.0, Sum: 0.1]
      [Code Root Scanning (ms): Min: 0.0, Avg: 0.0, Max: 0.0, Diff: 0.0, Sum: 0.0]
      [Object Copy (ms): Min: 1.6, Avg: 1.7, Max: 2.2, Diff: 0.7, Sum: 16.8]
      [Termination (ms): Min: 0.0, Avg: 0.6, Max: 0.7, Diff: 0.7, Sum: 5.9]
         [Termination Attempts: Min: 1, Avg: 1.5, Max: 3, Diff: 2, Sum: 15]
      [GC Worker Other (ms): Min: 0.0, Avg: 0.0, Max: 0.0, Diff: 0.0, Sum: 0.1]
      [GC Worker Total (ms): Min: 2.5, Avg: 2.6, Max: 2.7, Diff: 0.2, Sum: 26.3]
      [GC Worker End (ms): Min: 672.4, Avg: 672.4, Max: 672.5, Diff: 0.1]
   [Code Root Fixup: 0.0 ms]
   [Code Root Purge: 0.0 ms]
   [Clear CT: 0.2 ms]
   [Other: 0.9 ms]
      [Evacuation Failure: 0.3 ms]
      [Choose CSet: 0.0 ms]
      [Ref Proc: 0.2 ms]
      [Ref Enq: 0.0 ms]
      [Redirty Cards: 0.1 ms]
      [Humongous Register: 0.1 ms]
      [Humongous Reclaim: 0.1 ms]
      [Free CSet: 0.0 ms]
   [Eden: 163.0M(163.0M)->0.0B(8192.0K) Survivors: 5120.0K->17.0M Heap: 437.6M(512.0M)->390.9M(512.0M)]
 [Times: user=0.03 sys=0.00, real=0.01 secs] 
2021-01-19T10:10:17.445-0800: 0.675: [GC pause (G1 Evacuation Pause) (mixed), 0.0035486 secs]
   [Parallel Time: 2.9 ms, GC Workers: 10]
      [GC Worker Start (ms): Min: 675.2, Avg: 675.2, Max: 675.3, Diff: 0.1]
      [Ext Root Scanning (ms): Min: 0.1, Avg: 0.1, Max: 0.2, Diff: 0.1, Sum: 1.2]
      [Update RS (ms): Min: 0.2, Avg: 0.2, Max: 0.3, Diff: 0.1, Sum: 2.0]
         [Processed Buffers: Min: 0, Avg: 2.1, Max: 3, Diff: 3, Sum: 21]
      [Scan RS (ms): Min: 0.0, Avg: 0.0, Max: 0.2, Diff: 0.2, Sum: 0.4]
      [Code Root Scanning (ms): Min: 0.0, Avg: 0.0, Max: 0.0, Diff: 0.0, Sum: 0.0]
      [Object Copy (ms): Min: 2.2, Avg: 2.3, Max: 2.4, Diff: 0.2, Sum: 23.2]
      [Termination (ms): Min: 0.0, Avg: 0.1, Max: 0.1, Diff: 0.1, Sum: 0.6]
         [Termination Attempts: Min: 1, Avg: 1.0, Max: 1, Diff: 0, Sum: 10]
      [GC Worker Other (ms): Min: 0.0, Avg: 0.0, Max: 0.0, Diff: 0.0, Sum: 0.1]
      [GC Worker Total (ms): Min: 2.7, Avg: 2.8, Max: 2.8, Diff: 0.1, Sum: 27.5]
      [GC Worker End (ms): Min: 678.0, Avg: 678.0, Max: 678.0, Diff: 0.1]
   [Code Root Fixup: 0.0 ms]
   [Code Root Purge: 0.0 ms]
   [Clear CT: 0.1 ms]
   [Other: 0.5 ms]
      [Choose CSet: 0.0 ms]
      [Ref Proc: 0.2 ms]
      [Ref Enq: 0.0 ms]
      [Redirty Cards: 0.2 ms]
      [Humongous Register: 0.1 ms]
      [Humongous Reclaim: 0.0 ms]
      [Free CSet: 0.0 ms]
   [Eden: 8192.0K(8192.0K)->0.0B(40.0M) Survivors: 17.0M->3072.0K Heap: 401.8M(512.0M)->369.8M(512.0M)]
 [Times: user=0.02 sys=0.01, real=0.00 secs] 
2021-01-19T10:10:17.449-0800: 0.679: [GC pause (G1 Humongous Allocation) (young) (initial-mark), 0.0013746 secs]
   [Parallel Time: 0.6 ms, GC Workers: 10]
      [GC Worker Start (ms): Min: 679.2, Avg: 679.2, Max: 679.3, Diff: 0.1]
      [Ext Root Scanning (ms): Min: 0.1, Avg: 0.1, Max: 0.2, Diff: 0.1, Sum: 1.3]
      [Update RS (ms): Min: 0.0, Avg: 0.1, Max: 0.2, Diff: 0.2, Sum: 0.9]
         [Processed Buffers: Min: 1, Avg: 1.2, Max: 2, Diff: 1, Sum: 12]
      [Scan RS (ms): Min: 0.0, Avg: 0.0, Max: 0.0, Diff: 0.0, Sum: 0.0]
      [Code Root Scanning (ms): Min: 0.0, Avg: 0.0, Max: 0.0, Diff: 0.0, Sum: 0.0]
      [Object Copy (ms): Min: 0.0, Avg: 0.1, Max: 0.2, Diff: 0.2, Sum: 0.9]
      [Termination (ms): Min: 0.0, Avg: 0.1, Max: 0.2, Diff: 0.2, Sum: 0.9]
         [Termination Attempts: Min: 1, Avg: 1.3, Max: 2, Diff: 1, Sum: 13]
      [GC Worker Other (ms): Min: 0.0, Avg: 0.0, Max: 0.0, Diff: 0.0, Sum: 0.1]
      [GC Worker Total (ms): Min: 0.3, Avg: 0.4, Max: 0.5, Diff: 0.2, Sum: 4.0]
      [GC Worker End (ms): Min: 679.6, Avg: 679.6, Max: 679.7, Diff: 0.1]
   [Code Root Fixup: 0.0 ms]
   [Code Root Purge: 0.0 ms]
   [Clear CT: 0.2 ms]
   [Other: 0.6 ms]
      [Choose CSet: 0.0 ms]
      [Ref Proc: 0.3 ms]
      [Ref Enq: 0.0 ms]
      [Redirty Cards: 0.1 ms]
      [Humongous Register: 0.0 ms]
      [Humongous Reclaim: 0.0 ms]
      [Free CSet: 0.0 ms]
   [Eden: 2048.0K(40.0M)->0.0B(42.0M) Survivors: 3072.0K->3072.0K Heap: 371.3M(512.0M)->369.5M(512.0M)]
 [Times: user=0.01 sys=0.00, real=0.01 secs] 
2021-01-19T10:10:17.450-0800: 0.681: [GC concurrent-root-region-scan-start]
2021-01-19T10:10:17.450-0800: 0.681: [GC concurrent-root-region-scan-end, 0.0001347 secs]
2021-01-19T10:10:17.450-0800: 0.681: [GC concurrent-mark-start]
2021-01-19T10:10:17.451-0800: 0.682: [GC concurrent-mark-end, 0.0010153 secs]
2021-01-19T10:10:17.451-0800: 0.682: [GC remark 2021-01-19T10:10:17.451-0800: 0.682: [Finalize Marking, 0.0003149 secs] 2021-01-19T10:10:17.452-0800: 0.682: [GC ref-proc, 0.0000546 secs] 2021-01-19T10:10:17.452-0800: 0.682: [Unloading, 0.0005829 secs], 0.0014298 secs]
 [Times: user=0.01 sys=0.00, real=0.00 secs] 
2021-01-19T10:10:17.453-0800: 0.683: [GC cleanup 379M->375M(512M), 0.0006671 secs]
 [Times: user=0.00 sys=0.00, real=0.00 secs] 
2021-01-19T10:10:17.454-0800: 0.684: [GC concurrent-cleanup-start]
2021-01-19T10:10:17.454-0800: 0.684: [GC concurrent-cleanup-end, 0.0000119 secs]
2021-01-19T10:10:17.460-0800: 0.691: [GC pause (G1 Evacuation Pause) (young), 0.0033293 secs]
   [Parallel Time: 2.2 ms, GC Workers: 10]
      [GC Worker Start (ms): Min: 690.6, Avg: 690.7, Max: 690.8, Diff: 0.1]
      [Ext Root Scanning (ms): Min: 0.1, Avg: 0.1, Max: 0.2, Diff: 0.1, Sum: 1.2]
      [Update RS (ms): Min: 0.2, Avg: 0.2, Max: 0.3, Diff: 0.1, Sum: 2.4]
         [Processed Buffers: Min: 0, Avg: 2.7, Max: 3, Diff: 3, Sum: 27]
      [Scan RS (ms): Min: 0.0, Avg: 0.0, Max: 0.0, Diff: 0.0, Sum: 0.0]
      [Code Root Scanning (ms): Min: 0.0, Avg: 0.0, Max: 0.0, Diff: 0.0, Sum: 0.0]
      [Object Copy (ms): Min: 1.1, Avg: 1.2, Max: 1.5, Diff: 0.4, Sum: 12.3]
      [Termination (ms): Min: 0.0, Avg: 0.4, Max: 0.5, Diff: 0.5, Sum: 3.7]
         [Termination Attempts: Min: 1, Avg: 1.0, Max: 1, Diff: 0, Sum: 10]
      [GC Worker Other (ms): Min: 0.0, Avg: 0.0, Max: 0.0, Diff: 0.0, Sum: 0.1]
      [GC Worker Total (ms): Min: 1.9, Avg: 2.0, Max: 2.1, Diff: 0.2, Sum: 19.7]
      [GC Worker End (ms): Min: 692.6, Avg: 692.7, Max: 692.8, Diff: 0.2]
   [Code Root Fixup: 0.0 ms]
   [Code Root Purge: 0.0 ms]
   [Clear CT: 0.2 ms]
   [Other: 0.9 ms]
      [Choose CSet: 0.0 ms]
      [Ref Proc: 0.5 ms]
      [Ref Enq: 0.0 ms]
      [Redirty Cards: 0.2 ms]
      [Humongous Register: 0.1 ms]
      [Humongous Reclaim: 0.0 ms]
      [Free CSet: 0.1 ms]
   [Eden: 42.0M(42.0M)->0.0B(19.0M) Survivors: 3072.0K->6144.0K Heap: 415.4M(512.0M)->379.2M(512.0M)]
 [Times: user=0.02 sys=0.00, real=0.00 secs] 
2021-01-19T10:10:17.466-0800: 0.697: [GC pause (G1 Evacuation Pause) (mixed), 0.0029011 secs]
   [Parallel Time: 2.1 ms, GC Workers: 10]
      [GC Worker Start (ms): Min: 697.0, Avg: 697.1, Max: 697.7, Diff: 0.7]
      [Ext Root Scanning (ms): Min: 0.0, Avg: 0.1, Max: 0.2, Diff: 0.2, Sum: 1.2]
      [Update RS (ms): Min: 0.0, Avg: 0.2, Max: 0.3, Diff: 0.3, Sum: 2.1]
         [Processed Buffers: Min: 0, Avg: 2.4, Max: 4, Diff: 4, Sum: 24]
      [Scan RS (ms): Min: 0.0, Avg: 0.0, Max: 0.0, Diff: 0.0, Sum: 0.1]
      [Code Root Scanning (ms): Min: 0.0, Avg: 0.0, Max: 0.0, Diff: 0.0, Sum: 0.0]
      [Object Copy (ms): Min: 1.2, Avg: 1.4, Max: 1.5, Diff: 0.3, Sum: 13.9]
      [Termination (ms): Min: 0.0, Avg: 0.1, Max: 0.2, Diff: 0.2, Sum: 1.3]
         [Termination Attempts: Min: 1, Avg: 1.0, Max: 1, Diff: 0, Sum: 10]
      [GC Worker Other (ms): Min: 0.0, Avg: 0.0, Max: 0.0, Diff: 0.0, Sum: 0.1]
      [GC Worker Total (ms): Min: 1.3, Avg: 1.9, Max: 2.0, Diff: 0.7, Sum: 18.8]
      [GC Worker End (ms): Min: 698.9, Avg: 699.0, Max: 699.0, Diff: 0.1]
   [Code Root Fixup: 0.0 ms]
   [Code Root Purge: 0.0 ms]
   [Clear CT: 0.1 ms]
   [Other: 0.7 ms]
      [Choose CSet: 0.0 ms]
      [Ref Proc: 0.4 ms]
      [Ref Enq: 0.0 ms]
      [Redirty Cards: 0.1 ms]
      [Humongous Register: 0.1 ms]
      [Humongous Reclaim: 0.0 ms]
      [Free CSet: 0.0 ms]
   [Eden: 19.0M(19.0M)->0.0B(21.0M) Survivors: 6144.0K->4096.0K Heap: 402.0M(512.0M)->335.0M(512.0M)]
 [Times: user=0.02 sys=0.00, real=0.00 secs] 
2021-01-19T10:10:17.473-0800: 0.704: [GC pause (G1 Evacuation Pause) (mixed), 0.0040392 secs]
   [Parallel Time: 3.4 ms, GC Workers: 10]
      [GC Worker Start (ms): Min: 703.9, Avg: 704.0, Max: 704.0, Diff: 0.2]
      [Ext Root Scanning (ms): Min: 0.0, Avg: 0.1, Max: 0.2, Diff: 0.2, Sum: 0.9]
      [Update RS (ms): Min: 0.3, Avg: 0.3, Max: 0.4, Diff: 0.1, Sum: 3.5]
         [Processed Buffers: Min: 3, Avg: 3.7, Max: 4, Diff: 1, Sum: 37]
      [Scan RS (ms): Min: 0.0, Avg: 0.0, Max: 0.1, Diff: 0.1, Sum: 0.2]
      [Code Root Scanning (ms): Min: 0.0, Avg: 0.0, Max: 0.0, Diff: 0.0, Sum: 0.0]
      [Object Copy (ms): Min: 2.2, Avg: 2.3, Max: 2.5, Diff: 0.3, Sum: 22.8]
      [Termination (ms): Min: 0.0, Avg: 0.4, Max: 0.5, Diff: 0.5, Sum: 3.8]
         [Termination Attempts: Min: 1, Avg: 1.0, Max: 1, Diff: 0, Sum: 10]
      [GC Worker Other (ms): Min: 0.0, Avg: 0.0, Max: 0.0, Diff: 0.0, Sum: 0.1]
      [GC Worker Total (ms): Min: 3.0, Avg: 3.1, Max: 3.3, Diff: 0.2, Sum: 31.3]
      [GC Worker End (ms): Min: 706.9, Avg: 707.1, Max: 707.2, Diff: 0.2]
   [Code Root Fixup: 0.0 ms]
   [Code Root Purge: 0.0 ms]
   [Clear CT: 0.1 ms]
   [Other: 0.5 ms]
      [Choose CSet: 0.0 ms]
      [Ref Proc: 0.2 ms]
      [Ref Enq: 0.0 ms]
      [Redirty Cards: 0.2 ms]
      [Humongous Register: 0.1 ms]
      [Humongous Reclaim: 0.0 ms]
      [Free CSet: 0.0 ms]
   [Eden: 21.0M(21.0M)->0.0B(21.0M) Survivors: 4096.0K->4096.0K Heap: 361.8M(512.0M)->305.4M(512.0M)]
 [Times: user=0.03 sys=0.00, real=0.00 secs] 
2021-01-19T10:10:17.481-0800: 0.711: [GC pause (G1 Evacuation Pause) (mixed), 0.0045293 secs]
   [Parallel Time: 3.7 ms, GC Workers: 10]
      [GC Worker Start (ms): Min: 711.4, Avg: 711.4, Max: 711.5, Diff: 0.1]
      [Ext Root Scanning (ms): Min: 0.1, Avg: 0.1, Max: 0.2, Diff: 0.1, Sum: 1.3]
      [Update RS (ms): Min: 0.3, Avg: 0.3, Max: 0.3, Diff: 0.1, Sum: 2.9]
         [Processed Buffers: Min: 1, Avg: 3.2, Max: 4, Diff: 3, Sum: 32]
      [Scan RS (ms): Min: 0.0, Avg: 0.0, Max: 0.0, Diff: 0.0, Sum: 0.2]
      [Code Root Scanning (ms): Min: 0.0, Avg: 0.0, Max: 0.0, Diff: 0.0, Sum: 0.0]
      [Object Copy (ms): Min: 2.9, Avg: 3.0, Max: 3.0, Diff: 0.2, Sum: 29.6]
      [Termination (ms): Min: 0.0, Avg: 0.1, Max: 0.2, Diff: 0.2, Sum: 1.1]
         [Termination Attempts: Min: 1, Avg: 1.0, Max: 1, Diff: 0, Sum: 10]
      [GC Worker Other (ms): Min: 0.0, Avg: 0.0, Max: 0.0, Diff: 0.0, Sum: 0.1]
      [GC Worker Total (ms): Min: 3.5, Avg: 3.5, Max: 3.6, Diff: 0.2, Sum: 35.2]
      [GC Worker End (ms): Min: 714.9, Avg: 715.0, Max: 715.0, Diff: 0.1]
   [Code Root Fixup: 0.0 ms]
   [Code Root Purge: 0.0 ms]
   [Clear CT: 0.1 ms]
   [Other: 0.7 ms]
      [Choose CSet: 0.0 ms]
      [Ref Proc: 0.3 ms]
      [Ref Enq: 0.0 ms]
      [Redirty Cards: 0.1 ms]
      [Humongous Register: 0.1 ms]
      [Humongous Reclaim: 0.0 ms]
      [Free CSet: 0.1 ms]
   [Eden: 21.0M(21.0M)->0.0B(21.0M) Survivors: 4096.0K->4096.0K Heap: 331.8M(512.0M)->284.7M(512.0M)]
 [Times: user=0.04 sys=0.01, real=0.00 secs] 
2021-01-19T10:10:17.489-0800: 0.720: [GC pause (G1 Evacuation Pause) (mixed), 0.0033347 secs]
   [Parallel Time: 2.7 ms, GC Workers: 10]
      [GC Worker Start (ms): Min: 719.9, Avg: 720.0, Max: 720.1, Diff: 0.2]
      [Ext Root Scanning (ms): Min: 0.0, Avg: 0.1, Max: 0.2, Diff: 0.2, Sum: 1.0]
      [Update RS (ms): Min: 0.3, Avg: 0.4, Max: 0.4, Diff: 0.1, Sum: 3.8]
         [Processed Buffers: Min: 2, Avg: 3.7, Max: 5, Diff: 3, Sum: 37]
      [Scan RS (ms): Min: 0.0, Avg: 0.0, Max: 0.0, Diff: 0.0, Sum: 0.1]
      [Code Root Scanning (ms): Min: 0.0, Avg: 0.0, Max: 0.0, Diff: 0.0, Sum: 0.0]
      [Object Copy (ms): Min: 1.5, Avg: 1.6, Max: 1.8, Diff: 0.3, Sum: 15.6]
      [Termination (ms): Min: 0.0, Avg: 0.3, Max: 0.5, Diff: 0.5, Sum: 2.9]
         [Termination Attempts: Min: 1, Avg: 1.0, Max: 1, Diff: 0, Sum: 10]
      [GC Worker Other (ms): Min: 0.0, Avg: 0.0, Max: 0.0, Diff: 0.0, Sum: 0.1]
      [GC Worker Total (ms): Min: 2.2, Avg: 2.4, Max: 2.5, Diff: 0.3, Sum: 23.5]
      [GC Worker End (ms): Min: 722.3, Avg: 722.4, Max: 722.5, Diff: 0.2]
   [Code Root Fixup: 0.0 ms]
   [Code Root Purge: 0.0 ms]
   [Clear CT: 0.1 ms]
   [Other: 0.5 ms]
      [Choose CSet: 0.0 ms]
      [Ref Proc: 0.2 ms]
      [Ref Enq: 0.0 ms]
      [Redirty Cards: 0.2 ms]
      [Humongous Register: 0.1 ms]
      [Humongous Reclaim: 0.0 ms]
      [Free CSet: 0.0 ms]
   [Eden: 21.0M(21.0M)->0.0B(117.0M) Survivors: 4096.0K->4096.0K Heap: 310.4M(512.0M)->283.9M(512.0M)]
 [Times: user=0.02 sys=0.00, real=0.01 secs] 
2021-01-19T10:10:17.493-0800: 0.723: [GC pause (G1 Humongous Allocation) (young) (initial-mark), 0.0012012 secs]
   [Parallel Time: 0.6 ms, GC Workers: 10]
      [GC Worker Start (ms): Min: 723.4, Avg: 723.5, Max: 723.5, Diff: 0.1]
      [Ext Root Scanning (ms): Min: 0.1, Avg: 0.1, Max: 0.2, Diff: 0.1, Sum: 1.3]
      [Update RS (ms): Min: 0.0, Avg: 0.0, Max: 0.1, Diff: 0.1, Sum: 0.4]
         [Processed Buffers: Min: 1, Avg: 1.1, Max: 2, Diff: 1, Sum: 11]
      [Scan RS (ms): Min: 0.0, Avg: 0.0, Max: 0.0, Diff: 0.0, Sum: 0.0]
      [Code Root Scanning (ms): Min: 0.0, Avg: 0.0, Max: 0.0, Diff: 0.0, Sum: 0.0]
      [Object Copy (ms): Min: 0.2, Avg: 0.2, Max: 0.3, Diff: 0.1, Sum: 2.3]
      [Termination (ms): Min: 0.0, Avg: 0.1, Max: 0.1, Diff: 0.1, Sum: 0.7]
         [Termination Attempts: Min: 1, Avg: 1.0, Max: 1, Diff: 0, Sum: 10]
      [GC Worker Other (ms): Min: 0.0, Avg: 0.0, Max: 0.0, Diff: 0.0, Sum: 0.1]
      [GC Worker Total (ms): Min: 0.4, Avg: 0.5, Max: 0.5, Diff: 0.1, Sum: 4.7]
      [GC Worker End (ms): Min: 723.9, Avg: 724.0, Max: 724.0, Diff: 0.1]
   [Code Root Fixup: 0.0 ms]
   [Code Root Purge: 0.0 ms]
   [Clear CT: 0.2 ms]
   [Other: 0.4 ms]
      [Choose CSet: 0.0 ms]
      [Ref Proc: 0.2 ms]
      [Ref Enq: 0.0 ms]
      [Redirty Cards: 0.1 ms]
      [Humongous Register: 0.0 ms]
      [Humongous Reclaim: 0.0 ms]
      [Free CSet: 0.0 ms]
   [Eden: 1024.0K(117.0M)->0.0B(114.0M) Survivors: 4096.0K->4096.0K Heap: 284.1M(512.0M)->283.7M(512.0M)]
 [Times: user=0.00 sys=0.00, real=0.00 secs] 
2021-01-19T10:10:17.494-0800: 0.725: [GC concurrent-root-region-scan-start]
2021-01-19T10:10:17.494-0800: 0.725: [GC concurrent-root-region-scan-end, 0.0000991 secs]
2021-01-19T10:10:17.494-0800: 0.725: [GC concurrent-mark-start]
2021-01-19T10:10:17.495-0800: 0.726: [GC concurrent-mark-end, 0.0009530 secs]
2021-01-19T10:10:17.495-0800: 0.726: [GC remark 2021-01-19T10:10:17.495-0800: 0.726: [Finalize Marking, 0.0002247 secs] 2021-01-19T10:10:17.496-0800: 0.726: [GC ref-proc, 0.0000605 secs] 2021-01-19T10:10:17.496-0800: 0.726: [Unloading, 0.0005183 secs], 0.0013380 secs]
 [Times: user=0.01 sys=0.00, real=0.00 secs] 
2021-01-19T10:10:17.497-0800: 0.727: [GC cleanup 295M->295M(512M), 0.0007141 secs]
 [Times: user=0.00 sys=0.00, real=0.00 secs] 
2021-01-19T10:10:17.516-0800: 0.746: [GC pause (G1 Evacuation Pause) (young) (to-space exhausted), 0.0038333 secs]
   [Parallel Time: 2.9 ms, GC Workers: 10]
      [GC Worker Start (ms): Min: 746.5, Avg: 746.6, Max: 746.7, Diff: 0.1]
      [Ext Root Scanning (ms): Min: 0.1, Avg: 0.1, Max: 0.2, Diff: 0.1, Sum: 1.2]
      [Update RS (ms): Min: 0.3, Avg: 0.3, Max: 0.3, Diff: 0.1, Sum: 2.8]
         [Processed Buffers: Min: 1, Avg: 3.2, Max: 4, Diff: 3, Sum: 32]
      [Scan RS (ms): Min: 0.0, Avg: 0.0, Max: 0.0, Diff: 0.0, Sum: 0.1]
      [Code Root Scanning (ms): Min: 0.0, Avg: 0.0, Max: 0.0, Diff: 0.0, Sum: 0.0]
      [Object Copy (ms): Min: 2.2, Avg: 2.3, Max: 2.3, Diff: 0.1, Sum: 22.9]
      [Termination (ms): Min: 0.0, Avg: 0.1, Max: 0.1, Diff: 0.1, Sum: 0.8]
         [Termination Attempts: Min: 1, Avg: 1.2, Max: 2, Diff: 1, Sum: 12]
      [GC Worker Other (ms): Min: 0.0, Avg: 0.0, Max: 0.0, Diff: 0.0, Sum: 0.1]
      [GC Worker Total (ms): Min: 2.8, Avg: 2.8, Max: 2.9, Diff: 0.1, Sum: 27.9]
      [GC Worker End (ms): Min: 749.4, Avg: 749.4, Max: 749.4, Diff: 0.1]
   [Code Root Fixup: 0.0 ms]
   [Code Root Purge: 0.0 ms]
   [Clear CT: 0.1 ms]
   [Other: 0.8 ms]
      [Evacuation Failure: 0.2 ms]
      [Choose CSet: 0.0 ms]
      [Ref Proc: 0.2 ms]
      [Ref Enq: 0.0 ms]
      [Redirty Cards: 0.1 ms]
      [Humongous Register: 0.1 ms]
      [Humongous Reclaim: 0.0 ms]
      [Free CSet: 0.0 ms]
   [Eden: 114.0M(114.0M)->0.0B(10.0M) Survivors: 4096.0K->15.0M Heap: 429.1M(512.0M)->365.0M(512.0M)]
 [Times: user=0.03 sys=0.01, real=0.01 secs] 
2021-01-19T10:10:17.521-0800: 0.752: [GC pause (G1 Evacuation Pause) (mixed), 0.0052362 secs]
   [Parallel Time: 4.6 ms, GC Workers: 10]
      [GC Worker Start (ms): Min: 752.1, Avg: 752.2, Max: 752.2, Diff: 0.1]
      [Ext Root Scanning (ms): Min: 0.1, Avg: 0.1, Max: 0.2, Diff: 0.1, Sum: 1.1]
      [Update RS (ms): Min: 0.1, Avg: 0.2, Max: 0.2, Diff: 0.1, Sum: 1.7]
         [Processed Buffers: Min: 2, Avg: 2.9, Max: 4, Diff: 2, Sum: 29]
      [Scan RS (ms): Min: 0.0, Avg: 0.0, Max: 0.1, Diff: 0.1, Sum: 0.3]
      [Code Root Scanning (ms): Min: 0.0, Avg: 0.0, Max: 0.0, Diff: 0.0, Sum: 0.0]
      [Object Copy (ms): Min: 3.5, Avg: 3.6, Max: 3.9, Diff: 0.3, Sum: 36.1]
      [Termination (ms): Min: 0.0, Avg: 0.4, Max: 0.5, Diff: 0.5, Sum: 4.1]
         [Termination Attempts: Min: 1, Avg: 1.0, Max: 1, Diff: 0, Sum: 10]
      [GC Worker Other (ms): Min: 0.0, Avg: 0.0, Max: 0.0, Diff: 0.0, Sum: 0.1]
      [GC Worker Total (ms): Min: 4.2, Avg: 4.4, Max: 4.5, Diff: 0.2, Sum: 43.6]
      [GC Worker End (ms): Min: 756.5, Avg: 756.6, Max: 756.6, Diff: 0.1]
   [Code Root Fixup: 0.0 ms]
   [Code Root Purge: 0.0 ms]
   [Clear CT: 0.1 ms]
   [Other: 0.5 ms]
      [Choose CSet: 0.0 ms]
      [Ref Proc: 0.2 ms]
      [Ref Enq: 0.0 ms]
      [Redirty Cards: 0.1 ms]
      [Humongous Register: 0.1 ms]
      [Humongous Reclaim: 0.0 ms]
      [Free CSet: 0.0 ms]
   [Eden: 10.0M(10.0M)->0.0B(57.0M) Survivors: 15.0M->4096.0K Heap: 376.9M(512.0M)->346.6M(512.0M)]
 [Times: user=0.03 sys=0.00, real=0.00 secs] 
2021-01-19T10:10:17.527-0800: 0.758: [GC pause (G1 Humongous Allocation) (young) (initial-mark), 0.0019639 secs]
   [Parallel Time: 1.1 ms, GC Workers: 10]
      [GC Worker Start (ms): Min: 758.0, Avg: 758.1, Max: 758.2, Diff: 0.2]
      [Ext Root Scanning (ms): Min: 0.0, Avg: 0.2, Max: 0.9, Diff: 0.9, Sum: 2.5]
      [Update RS (ms): Min: 0.0, Avg: 0.1, Max: 0.4, Diff: 0.4, Sum: 1.1]
         [Processed Buffers: Min: 0, Avg: 1.1, Max: 2, Diff: 2, Sum: 11]
      [Scan RS (ms): Min: 0.0, Avg: 0.0, Max: 0.0, Diff: 0.0, Sum: 0.0]
      [Code Root Scanning (ms): Min: 0.0, Avg: 0.0, Max: 0.0, Diff: 0.0, Sum: 0.0]
      [Object Copy (ms): Min: 0.0, Avg: 0.2, Max: 0.3, Diff: 0.3, Sum: 2.0]
      [Termination (ms): Min: 0.0, Avg: 0.4, Max: 0.5, Diff: 0.5, Sum: 4.0]
         [Termination Attempts: Min: 1, Avg: 1.0, Max: 1, Diff: 0, Sum: 10]
      [GC Worker Other (ms): Min: 0.0, Avg: 0.0, Max: 0.0, Diff: 0.0, Sum: 0.1]
      [GC Worker Total (ms): Min: 0.9, Avg: 1.0, Max: 1.1, Diff: 0.2, Sum: 9.6]
      [GC Worker End (ms): Min: 758.9, Avg: 759.1, Max: 759.1, Diff: 0.2]
   [Code Root Fixup: 0.0 ms]
   [Code Root Purge: 0.0 ms]
   [Clear CT: 0.2 ms]
   [Other: 0.6 ms]
      [Choose CSet: 0.0 ms]
      [Ref Proc: 0.3 ms]
      [Ref Enq: 0.0 ms]
      [Redirty Cards: 0.2 ms]
      [Humongous Register: 0.1 ms]
      [Humongous Reclaim: 0.0 ms]
      [Free CSet: 0.0 ms]
   [Eden: 3072.0K(57.0M)->0.0B(59.0M) Survivors: 4096.0K->4096.0K Heap: 349.5M(512.0M)->347.0M(512.0M)]
 [Times: user=0.01 sys=0.00, real=0.00 secs] 
2021-01-19T10:10:17.529-0800: 0.760: [GC concurrent-root-region-scan-start]
2021-01-19T10:10:17.530-0800: 0.760: [GC concurrent-root-region-scan-end, 0.0000983 secs]
2021-01-19T10:10:17.530-0800: 0.760: [GC concurrent-mark-start]
2021-01-19T10:10:17.531-0800: 0.761: [GC concurrent-mark-end, 0.0009958 secs]
2021-01-19T10:10:17.531-0800: 0.761: [GC remark 2021-01-19T10:10:17.531-0800: 0.761: [Finalize Marking, 0.0002364 secs] 2021-01-19T10:10:17.531-0800: 0.761: [GC ref-proc, 0.0000562 secs] 2021-01-19T10:10:17.531-0800: 0.762: [Unloading, 0.0005274 secs], 0.0014068 secs]
 [Times: user=0.00 sys=0.00, real=0.00 secs] 
2021-01-19T10:10:17.532-0800: 0.763: [GC cleanup 358M->358M(512M), 0.0007134 secs]
 [Times: user=0.00 sys=0.00, real=0.00 secs] 
2021-01-19T10:10:17.542-0800: 0.772: [GC pause (G1 Evacuation Pause) (young), 0.0035617 secs]
   [Parallel Time: 2.9 ms, GC Workers: 10]
      [GC Worker Start (ms): Min: 772.5, Avg: 772.6, Max: 772.6, Diff: 0.1]
      [Ext Root Scanning (ms): Min: 0.1, Avg: 0.2, Max: 1.2, Diff: 1.1, Sum: 2.4]
      [Update RS (ms): Min: 0.0, Avg: 0.4, Max: 0.5, Diff: 0.5, Sum: 4.4]
         [Processed Buffers: Min: 0, Avg: 5.0, Max: 6, Diff: 6, Sum: 50]
      [Scan RS (ms): Min: 0.0, Avg: 0.0, Max: 0.0, Diff: 0.0, Sum: 0.1]
      [Code Root Scanning (ms): Min: 0.0, Avg: 0.0, Max: 0.0, Diff: 0.0, Sum: 0.0]
      [Object Copy (ms): Min: 1.4, Avg: 1.9, Max: 2.1, Diff: 0.7, Sum: 19.4]
      [Termination (ms): Min: 0.0, Avg: 0.1, Max: 0.1, Diff: 0.1, Sum: 0.6]
         [Termination Attempts: Min: 1, Avg: 1.0, Max: 1, Diff: 0, Sum: 10]
      [GC Worker Other (ms): Min: 0.0, Avg: 0.0, Max: 0.0, Diff: 0.0, Sum: 0.1]
      [GC Worker Total (ms): Min: 2.6, Avg: 2.7, Max: 2.7, Diff: 0.1, Sum: 27.0]
      [GC Worker End (ms): Min: 775.2, Avg: 775.3, Max: 775.3, Diff: 0.0]
   [Code Root Fixup: 0.0 ms]
   [Code Root Purge: 0.0 ms]
   [Clear CT: 0.1 ms]
   [Other: 0.6 ms]
      [Choose CSet: 0.0 ms]
      [Ref Proc: 0.2 ms]
      [Ref Enq: 0.0 ms]
      [Redirty Cards: 0.2 ms]
      [Humongous Register: 0.1 ms]
      [Humongous Reclaim: 0.0 ms]
      [Free CSet: 0.0 ms]
   [Eden: 59.0M(59.0M)->0.0B(17.0M) Survivors: 4096.0K->8192.0K Heap: 423.0M(512.0M)->371.1M(512.0M)]
 [Times: user=0.02 sys=0.01, real=0.00 secs] 
2021-01-19T10:10:17.549-0800: 0.779: [GC pause (G1 Evacuation Pause) (mixed), 0.0040309 secs]
   [Parallel Time: 3.1 ms, GC Workers: 10]
      [GC Worker Start (ms): Min: 779.2, Avg: 779.2, Max: 779.3, Diff: 0.1]
      [Ext Root Scanning (ms): Min: 0.1, Avg: 0.2, Max: 0.6, Diff: 0.5, Sum: 1.7]
      [Update RS (ms): Min: 0.0, Avg: 0.4, Max: 0.4, Diff: 0.4, Sum: 3.9]
         [Processed Buffers: Min: 0, Avg: 4.5, Max: 8, Diff: 8, Sum: 45]
      [Scan RS (ms): Min: 0.0, Avg: 0.0, Max: 0.0, Diff: 0.0, Sum: 0.2]
      [Code Root Scanning (ms): Min: 0.0, Avg: 0.0, Max: 0.0, Diff: 0.0, Sum: 0.0]
      [Object Copy (ms): Min: 2.2, Avg: 2.2, Max: 2.3, Diff: 0.1, Sum: 22.3]
      [Termination (ms): Min: 0.0, Avg: 0.1, Max: 0.1, Diff: 0.1, Sum: 0.7]
         [Termination Attempts: Min: 1, Avg: 1.1, Max: 2, Diff: 1, Sum: 11]
      [GC Worker Other (ms): Min: 0.0, Avg: 0.0, Max: 0.0, Diff: 0.0, Sum: 0.1]
      [GC Worker Total (ms): Min: 2.8, Avg: 2.9, Max: 3.0, Diff: 0.1, Sum: 29.0]
      [GC Worker End (ms): Min: 782.1, Avg: 782.1, Max: 782.2, Diff: 0.1]
   [Code Root Fixup: 0.0 ms]
   [Code Root Purge: 0.0 ms]
   [Clear CT: 0.2 ms]
   [Other: 0.7 ms]
      [Choose CSet: 0.0 ms]
      [Ref Proc: 0.3 ms]
      [Ref Enq: 0.0 ms]
      [Redirty Cards: 0.2 ms]
      [Humongous Register: 0.1 ms]
      [Humongous Reclaim: 0.0 ms]
      [Free CSet: 0.0 ms]
   [Eden: 17.0M(17.0M)->0.0B(21.0M) Survivors: 8192.0K->4096.0K Heap: 394.2M(512.0M)->339.6M(512.0M)]
 [Times: user=0.02 sys=0.00, real=0.01 secs] 
2021-01-19T10:10:17.556-0800: 0.787: [GC pause (G1 Evacuation Pause) (mixed), 0.0052383 secs]
   [Parallel Time: 4.4 ms, GC Workers: 10]
      [GC Worker Start (ms): Min: 787.1, Avg: 787.2, Max: 787.3, Diff: 0.1]
      [Ext Root Scanning (ms): Min: 0.1, Avg: 0.1, Max: 0.2, Diff: 0.1, Sum: 1.3]
      [Update RS (ms): Min: 0.5, Avg: 0.5, Max: 0.5, Diff: 0.1, Sum: 5.1]
         [Processed Buffers: Min: 2, Avg: 5.2, Max: 7, Diff: 5, Sum: 52]
      [Scan RS (ms): Min: 0.0, Avg: 0.0, Max: 0.1, Diff: 0.0, Sum: 0.3]
      [Code Root Scanning (ms): Min: 0.0, Avg: 0.0, Max: 0.0, Diff: 0.0, Sum: 0.0]
      [Object Copy (ms): Min: 3.4, Avg: 3.5, Max: 3.5, Diff: 0.1, Sum: 34.8]
      [Termination (ms): Min: 0.0, Avg: 0.1, Max: 0.1, Diff: 0.1, Sum: 0.7]
         [Termination Attempts: Min: 1, Avg: 1.0, Max: 1, Diff: 0, Sum: 10]
      [GC Worker Other (ms): Min: 0.0, Avg: 0.0, Max: 0.0, Diff: 0.0, Sum: 0.1]
      [GC Worker Total (ms): Min: 4.2, Avg: 4.2, Max: 4.3, Diff: 0.1, Sum: 42.2]
      [GC Worker End (ms): Min: 791.4, Avg: 791.4, Max: 791.5, Diff: 0.1]
   [Code Root Fixup: 0.0 ms]
   [Code Root Purge: 0.0 ms]
   [Clear CT: 0.2 ms]
   [Other: 0.7 ms]
      [Choose CSet: 0.0 ms]
      [Ref Proc: 0.3 ms]
      [Ref Enq: 0.0 ms]
      [Redirty Cards: 0.1 ms]
      [Humongous Register: 0.1 ms]
      [Humongous Reclaim: 0.0 ms]
      [Free CSet: 0.1 ms]
   [Eden: 21.0M(21.0M)->0.0B(64.0M) Survivors: 4096.0K->4096.0K Heap: 369.1M(512.0M)->331.3M(512.0M)]
 [Times: user=0.04 sys=0.00, real=0.01 secs] 
2021-01-19T10:10:17.562-0800: 0.793: [GC pause (G1 Humongous Allocation) (young) (initial-mark), 0.0014913 secs]
   [Parallel Time: 0.8 ms, GC Workers: 10]
      [GC Worker Start (ms): Min: 792.9, Avg: 792.9, Max: 793.0, Diff: 0.1]
      [Ext Root Scanning (ms): Min: 0.1, Avg: 0.1, Max: 0.2, Diff: 0.1, Sum: 1.3]
      [Update RS (ms): Min: 0.0, Avg: 0.1, Max: 0.2, Diff: 0.2, Sum: 0.8]
         [Processed Buffers: Min: 1, Avg: 1.1, Max: 2, Diff: 1, Sum: 11]
      [Scan RS (ms): Min: 0.0, Avg: 0.0, Max: 0.0, Diff: 0.0, Sum: 0.0]
      [Code Root Scanning (ms): Min: 0.0, Avg: 0.0, Max: 0.0, Diff: 0.0, Sum: 0.0]
      [Object Copy (ms): Min: 0.2, Avg: 0.3, Max: 0.4, Diff: 0.2, Sum: 2.9]
      [Termination (ms): Min: 0.0, Avg: 0.1, Max: 0.2, Diff: 0.2, Sum: 1.0]
         [Termination Attempts: Min: 1, Avg: 1.0, Max: 1, Diff: 0, Sum: 10]
      [GC Worker Other (ms): Min: 0.0, Avg: 0.0, Max: 0.0, Diff: 0.0, Sum: 0.1]
      [GC Worker Total (ms): Min: 0.6, Avg: 0.6, Max: 0.7, Diff: 0.1, Sum: 6.1]
      [GC Worker End (ms): Min: 793.5, Avg: 793.6, Max: 793.6, Diff: 0.1]
   [Code Root Fixup: 0.0 ms]
   [Code Root Purge: 0.0 ms]
   [Clear CT: 0.2 ms]
   [Other: 0.5 ms]
      [Choose CSet: 0.0 ms]
      [Ref Proc: 0.2 ms]
      [Ref Enq: 0.0 ms]
      [Redirty Cards: 0.2 ms]
      [Humongous Register: 0.1 ms]
      [Humongous Reclaim: 0.0 ms]
      [Free CSet: 0.0 ms]
   [Eden: 4096.0K(64.0M)->0.0B(57.0M) Survivors: 4096.0K->6144.0K Heap: 334.6M(512.0M)->333.2M(512.0M)]
 [Times: user=0.00 sys=0.00, real=0.00 secs] 
2021-01-19T10:10:17.564-0800: 0.794: [GC concurrent-root-region-scan-start]
2021-01-19T10:10:17.564-0800: 0.795: [GC concurrent-root-region-scan-end, 0.0001121 secs]
2021-01-19T10:10:17.564-0800: 0.795: [GC concurrent-mark-start]
2021-01-19T10:10:17.565-0800: 0.796: [GC concurrent-mark-end, 0.0010203 secs]
2021-01-19T10:10:17.565-0800: 0.796: [GC remark 2021-01-19T10:10:17.565-0800: 0.796: [Finalize Marking, 0.0002079 secs] 2021-01-19T10:10:17.565-0800: 0.796: [GC ref-proc, 0.0000545 secs] 2021-01-19T10:10:17.565-0800: 0.796: [Unloading, 0.0005712 secs], 0.0014294 secs]
 [Times: user=0.01 sys=0.00, real=0.00 secs] 
2021-01-19T10:10:17.567-0800: 0.797: [GC cleanup 344M->343M(512M), 0.0008141 secs]
 [Times: user=0.00 sys=0.00, real=0.00 secs] 
2021-01-19T10:10:17.568-0800: 0.798: [GC concurrent-cleanup-start]
2021-01-19T10:10:17.568-0800: 0.798: [GC concurrent-cleanup-end, 0.0000084 secs]
2021-01-19T10:10:17.576-0800: 0.807: [GC pause (G1 Evacuation Pause) (young), 0.0039394 secs]
   [Parallel Time: 3.3 ms, GC Workers: 10]
      [GC Worker Start (ms): Min: 807.0, Avg: 807.1, Max: 807.1, Diff: 0.1]
      [Ext Root Scanning (ms): Min: 0.1, Avg: 0.1, Max: 0.2, Diff: 0.1, Sum: 1.3]
      [Update RS (ms): Min: 0.5, Avg: 0.7, Max: 1.5, Diff: 1.0, Sum: 7.5]
         [Processed Buffers: Min: 3, Avg: 6.0, Max: 7, Diff: 4, Sum: 60]
      [Scan RS (ms): Min: 0.0, Avg: 0.0, Max: 0.0, Diff: 0.0, Sum: 0.1]
      [Code Root Scanning (ms): Min: 0.0, Avg: 0.0, Max: 0.0, Diff: 0.0, Sum: 0.0]
      [Object Copy (ms): Min: 1.1, Avg: 1.9, Max: 2.2, Diff: 1.1, Sum: 18.9]
      [Termination (ms): Min: 0.0, Avg: 0.2, Max: 0.5, Diff: 0.5, Sum: 2.1]
         [Termination Attempts: Min: 1, Avg: 1.0, Max: 1, Diff: 0, Sum: 10]
      [GC Worker Other (ms): Min: 0.0, Avg: 0.0, Max: 0.0, Diff: 0.0, Sum: 0.1]
      [GC Worker Total (ms): Min: 2.9, Avg: 3.0, Max: 3.1, Diff: 0.2, Sum: 29.9]
      [GC Worker End (ms): Min: 810.0, Avg: 810.1, Max: 810.2, Diff: 0.2]
   [Code Root Fixup: 0.0 ms]
   [Code Root Purge: 0.0 ms]
   [Clear CT: 0.1 ms]
   [Other: 0.6 ms]
      [Choose CSet: 0.0 ms]
      [Ref Proc: 0.2 ms]
      [Ref Enq: 0.0 ms]
      [Redirty Cards: 0.1 ms]
      [Humongous Register: 0.1 ms]
      [Humongous Reclaim: 0.0 ms]
      [Free CSet: 0.0 ms]
   [Eden: 57.0M(57.0M)->0.0B(17.0M) Survivors: 6144.0K->8192.0K Heap: 407.3M(512.0M)->357.7M(512.0M)]
 [Times: user=0.03 sys=0.00, real=0.01 secs] 
2021-01-19T10:10:17.583-0800: 0.813: [GC pause (G1 Evacuation Pause) (mixed), 0.0055121 secs]
   [Parallel Time: 4.8 ms, GC Workers: 10]
      [GC Worker Start (ms): Min: 813.5, Avg: 813.5, Max: 813.6, Diff: 0.1]
      [Ext Root Scanning (ms): Min: 0.1, Avg: 0.1, Max: 0.2, Diff: 0.1, Sum: 1.3]
      [Update RS (ms): Min: 0.3, Avg: 0.3, Max: 0.4, Diff: 0.1, Sum: 3.3]
         [Processed Buffers: Min: 3, Avg: 4.3, Max: 5, Diff: 2, Sum: 43]
      [Scan RS (ms): Min: 0.0, Avg: 0.0, Max: 0.1, Diff: 0.1, Sum: 0.2]
      [Code Root Scanning (ms): Min: 0.0, Avg: 0.0, Max: 0.0, Diff: 0.0, Sum: 0.0]
      [Object Copy (ms): Min: 3.4, Avg: 3.5, Max: 4.1, Diff: 0.7, Sum: 35.4]
      [Termination (ms): Min: 0.0, Avg: 0.6, Max: 0.8, Diff: 0.8, Sum: 5.8]
         [Termination Attempts: Min: 1, Avg: 1.1, Max: 2, Diff: 1, Sum: 11]
      [GC Worker Other (ms): Min: 0.0, Avg: 0.0, Max: 0.0, Diff: 0.0, Sum: 0.1]
      [GC Worker Total (ms): Min: 4.5, Avg: 4.6, Max: 4.7, Diff: 0.2, Sum: 46.2]
      [GC Worker End (ms): Min: 818.1, Avg: 818.2, Max: 818.3, Diff: 0.1]
   [Code Root Fixup: 0.0 ms]
   [Code Root Purge: 0.0 ms]
   [Clear CT: 0.2 ms]
   [Other: 0.5 ms]
      [Choose CSet: 0.0 ms]
      [Ref Proc: 0.2 ms]
      [Ref Enq: 0.0 ms]
      [Redirty Cards: 0.1 ms]
      [Humongous Register: 0.1 ms]
      [Humongous Reclaim: 0.0 ms]
      [Free CSet: 0.0 ms]
   [Eden: 17.0M(17.0M)->0.0B(21.0M) Survivors: 8192.0K->4096.0K Heap: 378.5M(512.0M)->337.0M(512.0M)]
 [Times: user=0.03 sys=0.01, real=0.00 secs] 
2021-01-19T10:10:17.592-0800: 0.822: [GC pause (G1 Evacuation Pause) (mixed), 0.0031362 secs]
   [Parallel Time: 2.3 ms, GC Workers: 10]
      [GC Worker Start (ms): Min: 822.3, Avg: 822.4, Max: 822.5, Diff: 0.2]
      [Ext Root Scanning (ms): Min: 0.0, Avg: 0.1, Max: 0.2, Diff: 0.2, Sum: 1.3]
      [Update RS (ms): Min: 0.5, Avg: 0.6, Max: 0.6, Diff: 0.1, Sum: 5.6]
         [Processed Buffers: Min: 5, Avg: 6.4, Max: 8, Diff: 3, Sum: 64]
      [Scan RS (ms): Min: 0.0, Avg: 0.0, Max: 0.0, Diff: 0.0, Sum: 0.1]
      [Code Root Scanning (ms): Min: 0.0, Avg: 0.0, Max: 0.0, Diff: 0.0, Sum: 0.0]
      [Object Copy (ms): Min: 0.9, Avg: 1.0, Max: 1.3, Diff: 0.3, Sum: 10.1]
      [Termination (ms): Min: 0.0, Avg: 0.4, Max: 0.5, Diff: 0.5, Sum: 3.9]
         [Termination Attempts: Min: 1, Avg: 1.0, Max: 1, Diff: 0, Sum: 10]
      [GC Worker Other (ms): Min: 0.0, Avg: 0.0, Max: 0.0, Diff: 0.0, Sum: 0.1]
      [GC Worker Total (ms): Min: 2.0, Avg: 2.1, Max: 2.2, Diff: 0.2, Sum: 21.0]
      [GC Worker End (ms): Min: 824.3, Avg: 824.5, Max: 824.5, Diff: 0.2]
   [Code Root Fixup: 0.0 ms]
   [Code Root Purge: 0.0 ms]
   [Clear CT: 0.1 ms]
   [Other: 0.7 ms]
      [Choose CSet: 0.0 ms]
      [Ref Proc: 0.3 ms]
      [Ref Enq: 0.0 ms]
      [Redirty Cards: 0.2 ms]
      [Humongous Register: 0.1 ms]
      [Humongous Reclaim: 0.0 ms]
      [Free CSet: 0.0 ms]
   [Eden: 21.0M(21.0M)->0.0B(45.0M) Survivors: 4096.0K->4096.0K Heap: 364.5M(512.0M)->345.4M(512.0M)]
 [Times: user=0.02 sys=0.00, real=0.00 secs] 
2021-01-19T10:10:17.595-0800: 0.826: [GC pause (G1 Humongous Allocation) (young) (initial-mark), 0.0019534 secs]
   [Parallel Time: 1.4 ms, GC Workers: 10]
      [GC Worker Start (ms): Min: 825.7, Avg: 825.7, Max: 825.9, Diff: 0.2]
      [Ext Root Scanning (ms): Min: 0.0, Avg: 0.2, Max: 0.3, Diff: 0.3, Sum: 1.8]
      [Update RS (ms): Min: 0.0, Avg: 0.2, Max: 0.9, Diff: 0.9, Sum: 1.9]
         [Processed Buffers: Min: 0, Avg: 1.1, Max: 2, Diff: 2, Sum: 11]
      [Scan RS (ms): Min: 0.0, Avg: 0.0, Max: 0.0, Diff: 0.0, Sum: 0.0]
      [Code Root Scanning (ms): Min: 0.0, Avg: 0.0, Max: 0.0, Diff: 0.0, Sum: 0.0]
      [Object Copy (ms): Min: 0.0, Avg: 0.2, Max: 0.3, Diff: 0.3, Sum: 1.8]
      [Termination (ms): Min: 0.0, Avg: 0.6, Max: 0.8, Diff: 0.8, Sum: 6.3]
         [Termination Attempts: Min: 1, Avg: 1.4, Max: 2, Diff: 1, Sum: 14]
      [GC Worker Other (ms): Min: 0.0, Avg: 0.0, Max: 0.0, Diff: 0.0, Sum: 0.1]
      [GC Worker Total (ms): Min: 1.1, Avg: 1.2, Max: 1.3, Diff: 0.2, Sum: 11.9]
      [GC Worker End (ms): Min: 826.8, Avg: 826.9, Max: 827.0, Diff: 0.2]
   [Code Root Fixup: 0.0 ms]
   [Code Root Purge: 0.0 ms]
   [Clear CT: 0.1 ms]
   [Other: 0.4 ms]
      [Choose CSet: 0.0 ms]
      [Ref Proc: 0.2 ms]
      [Ref Enq: 0.0 ms]
      [Redirty Cards: 0.1 ms]
      [Humongous Register: 0.1 ms]
      [Humongous Reclaim: 0.0 ms]
      [Free CSet: 0.0 ms]
   [Eden: 1024.0K(45.0M)->0.0B(47.0M) Survivors: 4096.0K->1024.0K Heap: 346.2M(512.0M)->345.3M(512.0M)]
 [Times: user=0.01 sys=0.00, real=0.00 secs] 
2021-01-19T10:10:17.597-0800: 0.828: [GC concurrent-root-region-scan-start]
2021-01-19T10:10:17.597-0800: 0.828: [GC concurrent-root-region-scan-end, 0.0001261 secs]
2021-01-19T10:10:17.597-0800: 0.828: [GC concurrent-mark-start]
2021-01-19T10:10:17.599-0800: 0.829: [GC concurrent-mark-end, 0.0013209 secs]
2021-01-19T10:10:17.599-0800: 0.829: [GC remark 2021-01-19T10:10:17.599-0800: 0.829: [Finalize Marking, 0.0003127 secs] 2021-01-19T10:10:17.599-0800: 0.830: [GC ref-proc, 0.0000545 secs] 2021-01-19T10:10:17.599-0800: 0.830: [Unloading, 0.0005472 secs], 0.0015343 secs]
 [Times: user=0.01 sys=0.00, real=0.01 secs] 
2021-01-19T10:10:17.600-0800: 0.831: [GC cleanup 356M->356M(512M), 0.0006406 secs]
 [Times: user=0.00 sys=0.00, real=0.00 secs] 
2021-01-19T10:10:17.609-0800: 0.839: [GC pause (G1 Evacuation Pause) (young), 0.0036924 secs]
   [Parallel Time: 2.7 ms, GC Workers: 10]
      [GC Worker Start (ms): Min: 839.6, Avg: 839.8, Max: 840.7, Diff: 1.1]
      [Ext Root Scanning (ms): Min: 0.0, Avg: 0.1, Max: 0.2, Diff: 0.2, Sum: 1.2]
      [Update RS (ms): Min: 0.0, Avg: 0.5, Max: 0.6, Diff: 0.6, Sum: 4.9]
         [Processed Buffers: Min: 0, Avg: 5.2, Max: 7, Diff: 7, Sum: 52]
      [Scan RS (ms): Min: 0.0, Avg: 0.0, Max: 0.0, Diff: 0.0, Sum: 0.1]
      [Code Root Scanning (ms): Min: 0.0, Avg: 0.0, Max: 0.0, Diff: 0.0, Sum: 0.0]
      [Object Copy (ms): Min: 0.7, Avg: 1.1, Max: 1.7, Diff: 1.0, Sum: 10.9]
      [Termination (ms): Min: 0.0, Avg: 0.6, Max: 0.7, Diff: 0.7, Sum: 6.3]
         [Termination Attempts: Min: 1, Avg: 1.0, Max: 1, Diff: 0, Sum: 10]
      [GC Worker Other (ms): Min: 0.0, Avg: 0.0, Max: 0.0, Diff: 0.0, Sum: 0.1]
      [GC Worker Total (ms): Min: 1.4, Avg: 2.4, Max: 2.6, Diff: 1.2, Sum: 23.5]
      [GC Worker End (ms): Min: 842.1, Avg: 842.1, Max: 842.2, Diff: 0.2]
   [Code Root Fixup: 0.0 ms]
   [Code Root Purge: 0.0 ms]
   [Clear CT: 0.2 ms]
   [Other: 0.9 ms]
      [Choose CSet: 0.0 ms]
      [Ref Proc: 0.5 ms]
      [Ref Enq: 0.0 ms]
      [Redirty Cards: 0.1 ms]
      [Humongous Register: 0.1 ms]
      [Humongous Reclaim: 0.0 ms]
      [Free CSet: 0.0 ms]
   [Eden: 47.0M(47.0M)->0.0B(19.0M) Survivors: 1024.0K->6144.0K Heap: 408.6M(512.0M)->359.0M(512.0M)]
 [Times: user=0.02 sys=0.00, real=0.01 secs] 
2021-01-19T10:10:17.616-0800: 0.846: [GC pause (G1 Evacuation Pause) (mixed), 0.0056876 secs]
   [Parallel Time: 4.9 ms, GC Workers: 10]
      [GC Worker Start (ms): Min: 846.6, Avg: 846.7, Max: 846.8, Diff: 0.2]
      [Ext Root Scanning (ms): Min: 0.0, Avg: 0.1, Max: 0.2, Diff: 0.2, Sum: 0.9]
      [Update RS (ms): Min: 0.3, Avg: 0.3, Max: 0.5, Diff: 0.3, Sum: 3.4]
         [Processed Buffers: Min: 1, Avg: 3.9, Max: 5, Diff: 4, Sum: 39]
      [Scan RS (ms): Min: 0.0, Avg: 0.0, Max: 0.1, Diff: 0.1, Sum: 0.3]
      [Code Root Scanning (ms): Min: 0.0, Avg: 0.0, Max: 0.0, Diff: 0.0, Sum: 0.0]
      [Object Copy (ms): Min: 3.3, Avg: 3.5, Max: 4.1, Diff: 0.8, Sum: 35.3]
      [Termination (ms): Min: 0.0, Avg: 0.6, Max: 0.7, Diff: 0.7, Sum: 6.2]
         [Termination Attempts: Min: 1, Avg: 1.0, Max: 1, Diff: 0, Sum: 10]
      [GC Worker Other (ms): Min: 0.0, Avg: 0.0, Max: 0.0, Diff: 0.0, Sum: 0.1]
      [GC Worker Total (ms): Min: 4.5, Avg: 4.6, Max: 4.7, Diff: 0.2, Sum: 46.2]
      [GC Worker End (ms): Min: 851.3, Avg: 851.3, Max: 851.5, Diff: 0.2]
   [Code Root Fixup: 0.0 ms]
   [Code Root Purge: 0.0 ms]
   [Clear CT: 0.2 ms]
   [Other: 0.6 ms]
      [Choose CSet: 0.0 ms]
      [Ref Proc: 0.2 ms]
      [Ref Enq: 0.0 ms]
      [Redirty Cards: 0.1 ms]
      [Humongous Register: 0.1 ms]
      [Humongous Reclaim: 0.0 ms]
      [Free CSet: 0.0 ms]
   [Eden: 19.0M(19.0M)->0.0B(21.0M) Survivors: 6144.0K->4096.0K Heap: 381.7M(512.0M)->338.8M(512.0M)]
 [Times: user=0.03 sys=0.01, real=0.01 secs] 
2021-01-19T10:10:17.625-0800: 0.856: [GC pause (G1 Evacuation Pause) (mixed), 0.0040849 secs]
   [Parallel Time: 2.7 ms, GC Workers: 10]
      [GC Worker Start (ms): Min: 855.9, Avg: 856.0, Max: 856.1, Diff: 0.1]
      [Ext Root Scanning (ms): Min: 0.1, Avg: 0.1, Max: 0.2, Diff: 0.1, Sum: 1.3]
      [Update RS (ms): Min: 0.5, Avg: 0.5, Max: 0.8, Diff: 0.3, Sum: 5.3]
         [Processed Buffers: Min: 1, Avg: 5.1, Max: 7, Diff: 6, Sum: 51]
      [Scan RS (ms): Min: 0.0, Avg: 0.0, Max: 0.0, Diff: 0.0, Sum: 0.1]
      [Code Root Scanning (ms): Min: 0.0, Avg: 0.0, Max: 0.0, Diff: 0.0, Sum: 0.0]
      [Object Copy (ms): Min: 1.0, Avg: 1.2, Max: 1.8, Diff: 0.8, Sum: 12.2]
      [Termination (ms): Min: 0.0, Avg: 0.6, Max: 0.8, Diff: 0.8, Sum: 5.7]
         [Termination Attempts: Min: 1, Avg: 1.2, Max: 2, Diff: 1, Sum: 12]
      [GC Worker Other (ms): Min: 0.0, Avg: 0.0, Max: 0.0, Diff: 0.0, Sum: 0.1]
      [GC Worker Total (ms): Min: 2.4, Avg: 2.5, Max: 2.6, Diff: 0.3, Sum: 24.6]
      [GC Worker End (ms): Min: 858.4, Avg: 858.5, Max: 858.6, Diff: 0.2]
   [Code Root Fixup: 0.0 ms]
   [Code Root Purge: 0.0 ms]
   [Clear CT: 0.1 ms]
   [Other: 1.2 ms]
      [Choose CSet: 0.0 ms]
      [Ref Proc: 0.9 ms]
      [Ref Enq: 0.0 ms]
      [Redirty Cards: 0.1 ms]
      [Humongous Register: 0.1 ms]
      [Humongous Reclaim: 0.0 ms]
      [Free CSet: 0.0 ms]
   [Eden: 21.0M(21.0M)->0.0B(46.0M) Survivors: 4096.0K->4096.0K Heap: 364.7M(512.0M)->345.8M(512.0M)]
 [Times: user=0.03 sys=0.00, real=0.00 secs] 
2021-01-19T10:10:17.632-0800: 0.862: [GC pause (G1 Humongous Allocation) (young) (initial-mark), 0.0023724 secs]
   [Parallel Time: 1.7 ms, GC Workers: 10]
      [GC Worker Start (ms): Min: 862.5, Avg: 862.5, Max: 862.6, Diff: 0.1]
      [Ext Root Scanning (ms): Min: 0.1, Avg: 0.1, Max: 0.2, Diff: 0.1, Sum: 1.2]
      [Update RS (ms): Min: 0.0, Avg: 0.1, Max: 0.1, Diff: 0.1, Sum: 0.6]
         [Processed Buffers: Min: 0, Avg: 1.1, Max: 2, Diff: 2, Sum: 11]
      [Scan RS (ms): Min: 0.0, Avg: 0.0, Max: 0.0, Diff: 0.0, Sum: 0.0]
      [Code Root Scanning (ms): Min: 0.0, Avg: 0.0, Max: 0.0, Diff: 0.0, Sum: 0.0]
      [Object Copy (ms): Min: 0.0, Avg: 0.6, Max: 0.7, Diff: 0.7, Sum: 5.8]
      [Termination (ms): Min: 0.0, Avg: 0.6, Max: 0.7, Diff: 0.7, Sum: 6.1]
         [Termination Attempts: Min: 1, Avg: 1.0, Max: 1, Diff: 0, Sum: 10]
      [GC Worker Other (ms): Min: 0.0, Avg: 0.1, Max: 1.3, Diff: 1.3, Sum: 1.4]
      [GC Worker Total (ms): Min: 1.4, Avg: 1.5, Max: 1.6, Diff: 0.2, Sum: 15.1]
      [GC Worker End (ms): Min: 864.0, Avg: 864.0, Max: 864.1, Diff: 0.1]
   [Code Root Fixup: 0.0 ms]
   [Code Root Purge: 0.0 ms]
   [Clear CT: 0.2 ms]
   [Other: 0.5 ms]
      [Choose CSet: 0.0 ms]
      [Ref Proc: 0.2 ms]
      [Ref Enq: 0.0 ms]
      [Redirty Cards: 0.1 ms]
      [Humongous Register: 0.1 ms]
      [Humongous Reclaim: 0.0 ms]
      [Free CSet: 0.0 ms]
   [Eden: 16.0M(46.0M)->0.0B(43.0M) Survivors: 4096.0K->5120.0K Heap: 361.1M(512.0M)->350.5M(512.0M)]
 [Times: user=0.02 sys=0.00, real=0.00 secs] 
2021-01-19T10:10:17.634-0800: 0.865: [GC concurrent-root-region-scan-start]
2021-01-19T10:10:17.634-0800: 0.865: [GC concurrent-root-region-scan-end, 0.0001219 secs]
2021-01-19T10:10:17.634-0800: 0.865: [GC concurrent-mark-start]
2021-01-19T10:10:17.636-0800: 0.866: [GC concurrent-mark-end, 0.0013970 secs]
2021-01-19T10:10:17.636-0800: 0.866: [GC remark 2021-01-19T10:10:17.636-0800: 0.866: [Finalize Marking, 0.0002017 secs] 2021-01-19T10:10:17.636-0800: 0.867: [GC ref-proc, 0.0000568 secs] 2021-01-19T10:10:17.636-0800: 0.867: [Unloading, 0.0005255 secs], 0.0014297 secs]
 [Times: user=0.01 sys=0.00, real=0.00 secs] 
2021-01-19T10:10:17.637-0800: 0.868: [GC cleanup 359M->359M(512M), 0.0006478 secs]
 [Times: user=0.00 sys=0.00, real=0.00 secs] 
2021-01-19T10:10:17.645-0800: 0.876: [GC pause (G1 Evacuation Pause) (young), 0.0039880 secs]
   [Parallel Time: 3.3 ms, GC Workers: 10]
      [GC Worker Start (ms): Min: 876.0, Avg: 876.1, Max: 876.9, Diff: 0.9]
      [Ext Root Scanning (ms): Min: 0.0, Avg: 0.1, Max: 0.2, Diff: 0.2, Sum: 1.2]
      [Update RS (ms): Min: 0.0, Avg: 0.7, Max: 1.3, Diff: 1.3, Sum: 7.2]
         [Processed Buffers: Min: 0, Avg: 7.5, Max: 10, Diff: 10, Sum: 75]
      [Scan RS (ms): Min: 0.0, Avg: 0.0, Max: 0.0, Diff: 0.0, Sum: 0.1]
      [Code Root Scanning (ms): Min: 0.0, Avg: 0.0, Max: 0.0, Diff: 0.0, Sum: 0.0]
      [Object Copy (ms): Min: 1.0, Avg: 1.5, Max: 2.0, Diff: 1.0, Sum: 14.9]
      [Termination (ms): Min: 0.0, Avg: 0.6, Max: 0.8, Diff: 0.8, Sum: 6.2]
         [Termination Attempts: Min: 1, Avg: 1.0, Max: 1, Diff: 0, Sum: 10]
      [GC Worker Other (ms): Min: 0.0, Avg: 0.0, Max: 0.0, Diff: 0.0, Sum: 0.1]
      [GC Worker Total (ms): Min: 2.2, Avg: 3.0, Max: 3.1, Diff: 0.9, Sum: 29.6]
      [GC Worker End (ms): Min: 878.9, Avg: 879.1, Max: 879.1, Diff: 0.2]
   [Code Root Fixup: 0.0 ms]
   [Code Root Purge: 0.0 ms]
   [Clear CT: 0.1 ms]
   [Other: 0.6 ms]
      [Choose CSet: 0.0 ms]
      [Ref Proc: 0.2 ms]
      [Ref Enq: 0.0 ms]
      [Redirty Cards: 0.1 ms]
      [Humongous Register: 0.1 ms]
      [Humongous Reclaim: 0.1 ms]
      [Free CSet: 0.0 ms]
   [Eden: 43.0M(43.0M)->0.0B(19.0M) Survivors: 5120.0K->6144.0K Heap: 408.8M(512.0M)->366.7M(512.0M)]
 [Times: user=0.03 sys=0.00, real=0.00 secs] 
2021-01-19T10:10:17.655-0800: 0.886: [GC pause (G1 Evacuation Pause) (mixed), 0.0070000 secs]
   [Parallel Time: 5.4 ms, GC Workers: 10]
      [GC Worker Start (ms): Min: 886.0, Avg: 886.1, Max: 886.8, Diff: 0.9]
      [Ext Root Scanning (ms): Min: 0.0, Avg: 0.1, Max: 0.2, Diff: 0.2, Sum: 1.0]
      [Update RS (ms): Min: 0.0, Avg: 0.5, Max: 0.6, Diff: 0.6, Sum: 4.6]
         [Processed Buffers: Min: 0, Avg: 5.7, Max: 8, Diff: 8, Sum: 57]
      [Scan RS (ms): Min: 0.0, Avg: 0.0, Max: 0.1, Diff: 0.1, Sum: 0.2]
      [Code Root Scanning (ms): Min: 0.0, Avg: 0.0, Max: 0.0, Diff: 0.0, Sum: 0.0]
      [Object Copy (ms): Min: 3.7, Avg: 4.0, Max: 4.5, Diff: 0.8, Sum: 39.9]
      [Termination (ms): Min: 0.0, Avg: 0.6, Max: 0.8, Diff: 0.8, Sum: 5.7]
         [Termination Attempts: Min: 1, Avg: 1.0, Max: 1, Diff: 0, Sum: 10]
      [GC Worker Other (ms): Min: 0.0, Avg: 0.0, Max: 0.0, Diff: 0.0, Sum: 0.1]
      [GC Worker Total (ms): Min: 4.5, Avg: 5.2, Max: 5.3, Diff: 0.9, Sum: 51.5]
      [GC Worker End (ms): Min: 891.2, Avg: 891.3, Max: 891.3, Diff: 0.1]
   [Code Root Fixup: 0.0 ms]
   [Code Root Purge: 0.0 ms]
   [Clear CT: 0.2 ms]
   [Other: 1.4 ms]
      [Choose CSet: 0.0 ms]
      [Ref Proc: 1.0 ms]
      [Ref Enq: 0.0 ms]
      [Redirty Cards: 0.1 ms]
      [Humongous Register: 0.1 ms]
      [Humongous Reclaim: 0.0 ms]
      [Free CSet: 0.1 ms]
   [Eden: 19.0M(19.0M)->0.0B(21.0M) Survivors: 6144.0K->4096.0K Heap: 391.3M(512.0M)->350.1M(512.0M)]
 [Times: user=0.04 sys=0.00, real=0.01 secs] 
2021-01-19T10:10:17.667-0800: 0.897: [GC pause (G1 Evacuation Pause) (mixed), 0.0045347 secs]
   [Parallel Time: 3.2 ms, GC Workers: 10]
      [GC Worker Start (ms): Min: 897.3, Avg: 897.8, Max: 900.4, Diff: 3.1]
      [Ext Root Scanning (ms): Min: 0.0, Avg: 0.2, Max: 0.6, Diff: 0.6, Sum: 1.6]
      [Update RS (ms): Min: 0.0, Avg: 0.8, Max: 1.1, Diff: 1.1, Sum: 7.9]
         [Processed Buffers: Min: 0, Avg: 8.2, Max: 13, Diff: 13, Sum: 82]
      [Scan RS (ms): Min: 0.0, Avg: 0.0, Max: 0.0, Diff: 0.0, Sum: 0.1]
      [Code Root Scanning (ms): Min: 0.0, Avg: 0.0, Max: 0.0, Diff: 0.0, Sum: 0.0]
      [Object Copy (ms): Min: 0.0, Avg: 1.2, Max: 1.9, Diff: 1.9, Sum: 11.8]
      [Termination (ms): Min: 0.0, Avg: 0.5, Max: 0.8, Diff: 0.8, Sum: 5.3]
         [Termination Attempts: Min: 1, Avg: 1.0, Max: 1, Diff: 0, Sum: 10]
      [GC Worker Other (ms): Min: 0.0, Avg: 0.0, Max: 0.0, Diff: 0.0, Sum: 0.1]
      [GC Worker Total (ms): Min: 0.0, Avg: 2.7, Max: 3.1, Diff: 3.1, Sum: 26.8]
      [GC Worker End (ms): Min: 900.5, Avg: 900.5, Max: 900.5, Diff: 0.1]
   [Code Root Fixup: 0.0 ms]
   [Code Root Purge: 0.0 ms]
   [Clear CT: 0.2 ms]
   [Other: 1.2 ms]
      [Choose CSet: 0.0 ms]
      [Ref Proc: 0.8 ms]
      [Ref Enq: 0.0 ms]
      [Redirty Cards: 0.1 ms]
      [Humongous Register: 0.1 ms]
      [Humongous Reclaim: 0.0 ms]
      [Free CSet: 0.0 ms]
   [Eden: 21.0M(21.0M)->0.0B(32.0M) Survivors: 4096.0K->4096.0K Heap: 381.2M(512.0M)->359.2M(512.0M)]
 [Times: user=0.03 sys=0.00, real=0.01 secs] 
2021-01-19T10:10:17.672-0800: 0.902: [GC pause (G1 Humongous Allocation) (young) (initial-mark), 0.0027351 secs]
   [Parallel Time: 1.3 ms, GC Workers: 10]
      [GC Worker Start (ms): Min: 902.2, Avg: 902.3, Max: 902.5, Diff: 0.2]
      [Ext Root Scanning (ms): Min: 0.0, Avg: 0.3, Max: 1.2, Diff: 1.2, Sum: 2.6]
      [Update RS (ms): Min: 0.0, Avg: 0.1, Max: 0.5, Diff: 0.5, Sum: 0.8]
         [Processed Buffers: Min: 0, Avg: 1.0, Max: 2, Diff: 2, Sum: 10]
      [Scan RS (ms): Min: 0.0, Avg: 0.0, Max: 0.0, Diff: 0.0, Sum: 0.0]
      [Code Root Scanning (ms): Min: 0.0, Avg: 0.0, Max: 0.0, Diff: 0.0, Sum: 0.0]
      [Object Copy (ms): Min: 0.0, Avg: 0.2, Max: 0.3, Diff: 0.3, Sum: 2.0]
      [Termination (ms): Min: 0.0, Avg: 0.6, Max: 0.7, Diff: 0.7, Sum: 6.1]
         [Termination Attempts: Min: 1, Avg: 1.1, Max: 2, Diff: 1, Sum: 11]
      [GC Worker Other (ms): Min: 0.0, Avg: 0.0, Max: 0.0, Diff: 0.0, Sum: 0.1]
      [GC Worker Total (ms): Min: 1.0, Avg: 1.2, Max: 1.3, Diff: 0.2, Sum: 11.6]
      [GC Worker End (ms): Min: 903.5, Avg: 903.5, Max: 903.6, Diff: 0.1]
   [Code Root Fixup: 0.0 ms]
   [Code Root Purge: 0.0 ms]
   [Clear CT: 0.1 ms]
   [Other: 1.3 ms]
      [Choose CSet: 0.0 ms]
      [Ref Proc: 0.9 ms]
      [Ref Enq: 0.0 ms]
      [Redirty Cards: 0.2 ms]
      [Humongous Register: 0.1 ms]
      [Humongous Reclaim: 0.0 ms]
      [Free CSet: 0.0 ms]
   [Eden: 2048.0K(32.0M)->0.0B(28.0M) Survivors: 4096.0K->1024.0K Heap: 360.5M(512.0M)->360.3M(512.0M)]
 [Times: user=0.01 sys=0.01, real=0.00 secs] 
2021-01-19T10:10:17.674-0800: 0.905: [GC concurrent-root-region-scan-start]
2021-01-19T10:10:17.675-0800: 0.905: [GC concurrent-root-region-scan-end, 0.0001190 secs]
2021-01-19T10:10:17.675-0800: 0.905: [GC concurrent-mark-start]
2021-01-19T10:10:17.676-0800: 0.906: [GC concurrent-mark-end, 0.0010887 secs]
2021-01-19T10:10:17.676-0800: 0.906: [GC remark 2021-01-19T10:10:17.676-0800: 0.906: [Finalize Marking, 0.0007953 secs] 2021-01-19T10:10:17.677-0800: 0.907: [GC ref-proc, 0.0000541 secs] 2021-01-19T10:10:17.677-0800: 0.907: [Unloading, 0.0004621 secs], 0.0019861 secs]
 [Times: user=0.01 sys=0.00, real=0.00 secs] 
2021-01-19T10:10:17.678-0800: 0.908: [GC cleanup 365M->365M(512M), 0.0006839 secs]
 [Times: user=0.00 sys=0.00, real=0.00 secs] 
2021-01-19T10:10:17.683-0800: 0.913: [GC pause (G1 Evacuation Pause) (young), 0.0033195 secs]
   [Parallel Time: 2.0 ms, GC Workers: 10]
      [GC Worker Start (ms): Min: 913.5, Avg: 913.6, Max: 913.6, Diff: 0.1]
      [Ext Root Scanning (ms): Min: 0.1, Avg: 0.1, Max: 0.2, Diff: 0.1, Sum: 1.2]
      [Update RS (ms): Min: 0.4, Avg: 0.5, Max: 0.8, Diff: 0.4, Sum: 5.1]
         [Processed Buffers: Min: 0, Avg: 5.2, Max: 6, Diff: 6, Sum: 52]
      [Scan RS (ms): Min: 0.0, Avg: 0.0, Max: 0.0, Diff: 0.0, Sum: 0.0]
      [Code Root Scanning (ms): Min: 0.0, Avg: 0.0, Max: 0.0, Diff: 0.0, Sum: 0.0]
      [Object Copy (ms): Min: 0.5, Avg: 0.6, Max: 0.7, Diff: 0.2, Sum: 6.4]
      [Termination (ms): Min: 0.0, Avg: 0.6, Max: 0.7, Diff: 0.7, Sum: 5.8]
         [Termination Attempts: Min: 1, Avg: 1.0, Max: 1, Diff: 0, Sum: 10]
      [GC Worker Other (ms): Min: 0.0, Avg: 0.0, Max: 0.0, Diff: 0.0, Sum: 0.1]
      [GC Worker Total (ms): Min: 1.7, Avg: 1.9, Max: 1.9, Diff: 0.2, Sum: 18.8]
      [GC Worker End (ms): Min: 915.3, Avg: 915.5, Max: 915.5, Diff: 0.2]
   [Code Root Fixup: 0.0 ms]
   [Code Root Purge: 0.0 ms]
   [Clear CT: 0.1 ms]
   [Other: 1.2 ms]
      [Choose CSet: 0.0 ms]
      [Ref Proc: 0.8 ms]
      [Ref Enq: 0.0 ms]
      [Redirty Cards: 0.1 ms]
      [Humongous Register: 0.1 ms]
      [Humongous Reclaim: 0.1 ms]
      [Free CSet: 0.0 ms]
   [Eden: 28.0M(28.0M)->0.0B(21.0M) Survivors: 1024.0K->4096.0K Heap: 393.9M(512.0M)->363.8M(512.0M)]
 [Times: user=0.02 sys=0.00, real=0.00 secs] 
2021-01-19T10:10:17.691-0800: 0.922: [GC pause (G1 Evacuation Pause) (mixed), 0.0059378 secs]
   [Parallel Time: 4.6 ms, GC Workers: 10]
      [GC Worker Start (ms): Min: 922.1, Avg: 922.1, Max: 922.3, Diff: 0.2]
      [Ext Root Scanning (ms): Min: 0.0, Avg: 0.1, Max: 0.2, Diff: 0.2, Sum: 1.1]
      [Update RS (ms): Min: 0.3, Avg: 0.4, Max: 0.4, Diff: 0.1, Sum: 3.9]
         [Processed Buffers: Min: 0, Avg: 4.2, Max: 6, Diff: 6, Sum: 42]
      [Scan RS (ms): Min: 0.0, Avg: 0.0, Max: 0.1, Diff: 0.1, Sum: 0.3]
      [Code Root Scanning (ms): Min: 0.0, Avg: 0.0, Max: 0.0, Diff: 0.0, Sum: 0.0]
      [Object Copy (ms): Min: 3.7, Avg: 3.7, Max: 3.8, Diff: 0.1, Sum: 37.3]
      [Termination (ms): Min: 0.0, Avg: 0.1, Max: 0.2, Diff: 0.2, Sum: 1.0]
         [Termination Attempts: Min: 1, Avg: 1.1, Max: 2, Diff: 1, Sum: 11]
      [GC Worker Other (ms): Min: 0.0, Avg: 0.0, Max: 0.0, Diff: 0.0, Sum: 0.1]
      [GC Worker Total (ms): Min: 4.2, Avg: 4.4, Max: 4.5, Diff: 0.3, Sum: 43.8]
      [GC Worker End (ms): Min: 926.5, Avg: 926.5, Max: 926.6, Diff: 0.1]
   [Code Root Fixup: 0.0 ms]
   [Code Root Purge: 0.0 ms]
   [Clear CT: 0.1 ms]
   [Other: 1.2 ms]
      [Choose CSet: 0.0 ms]
      [Ref Proc: 0.8 ms]
      [Ref Enq: 0.0 ms]
      [Redirty Cards: 0.1 ms]
      [Humongous Register: 0.1 ms]
      [Humongous Reclaim: 0.0 ms]
      [Free CSet: 0.1 ms]
   [Eden: 21.0M(21.0M)->0.0B(21.0M) Survivors: 4096.0K->4096.0K Heap: 388.7M(512.0M)->353.0M(512.0M)]
 [Times: user=0.04 sys=0.00, real=0.00 secs] 
2021-01-19T10:10:17.701-0800: 0.932: [GC pause (G1 Evacuation Pause) (mixed), 0.0033241 secs]
   [Parallel Time: 2.7 ms, GC Workers: 10]
      [GC Worker Start (ms): Min: 931.8, Avg: 931.9, Max: 932.0, Diff: 0.2]
      [Ext Root Scanning (ms): Min: 0.0, Avg: 0.1, Max: 0.2, Diff: 0.2, Sum: 1.2]
      [Update RS (ms): Min: 0.5, Avg: 0.5, Max: 1.1, Diff: 0.6, Sum: 5.5]
         [Processed Buffers: Min: 1, Avg: 4.8, Max: 6, Diff: 5, Sum: 48]
      [Scan RS (ms): Min: 0.0, Avg: 0.0, Max: 0.0, Diff: 0.0, Sum: 0.1]
      [Code Root Scanning (ms): Min: 0.0, Avg: 0.0, Max: 0.0, Diff: 0.0, Sum: 0.0]
      [Object Copy (ms): Min: 0.6, Avg: 1.2, Max: 1.8, Diff: 1.3, Sum: 11.6]
      [Termination (ms): Min: 0.0, Avg: 0.6, Max: 0.7, Diff: 0.7, Sum: 6.3]
         [Termination Attempts: Min: 1, Avg: 1.0, Max: 1, Diff: 0, Sum: 10]
      [GC Worker Other (ms): Min: 0.0, Avg: 0.0, Max: 0.0, Diff: 0.0, Sum: 0.1]
      [GC Worker Total (ms): Min: 2.3, Avg: 2.5, Max: 2.6, Diff: 0.2, Sum: 24.8]
      [GC Worker End (ms): Min: 934.3, Avg: 934.4, Max: 934.4, Diff: 0.1]
   [Code Root Fixup: 0.0 ms]
   [Code Root Purge: 0.0 ms]
   [Clear CT: 0.1 ms]
   [Other: 0.5 ms]
      [Choose CSet: 0.0 ms]
      [Ref Proc: 0.2 ms]
      [Ref Enq: 0.0 ms]
      [Redirty Cards: 0.1 ms]
      [Humongous Register: 0.1 ms]
      [Humongous Reclaim: 0.0 ms]
      [Free CSet: 0.0 ms]
   [Eden: 21.0M(21.0M)->0.0B(29.0M) Survivors: 4096.0K->4096.0K Heap: 378.6M(512.0M)->360.8M(512.0M)]
 [Times: user=0.02 sys=0.00, real=0.00 secs] 
2021-01-19T10:10:17.705-0800: 0.935: [GC pause (G1 Humongous Allocation) (young) (initial-mark), 0.0012939 secs]
   [Parallel Time: 0.7 ms, GC Workers: 10]
      [GC Worker Start (ms): Min: 935.5, Avg: 935.5, Max: 935.6, Diff: 0.1]
      [Ext Root Scanning (ms): Min: 0.1, Avg: 0.1, Max: 0.2, Diff: 0.1, Sum: 1.3]
      [Update RS (ms): Min: 0.0, Avg: 0.1, Max: 0.2, Diff: 0.2, Sum: 0.6]
         [Processed Buffers: Min: 0, Avg: 1.0, Max: 2, Diff: 2, Sum: 10]
      [Scan RS (ms): Min: 0.0, Avg: 0.0, Max: 0.0, Diff: 0.0, Sum: 0.0]
      [Code Root Scanning (ms): Min: 0.0, Avg: 0.0, Max: 0.0, Diff: 0.0, Sum: 0.0]
      [Object Copy (ms): Min: 0.1, Avg: 0.3, Max: 0.3, Diff: 0.2, Sum: 2.7]
      [Termination (ms): Min: 0.0, Avg: 0.1, Max: 0.1, Diff: 0.1, Sum: 0.7]
         [Termination Attempts: Min: 1, Avg: 1.2, Max: 2, Diff: 1, Sum: 12]
      [GC Worker Other (ms): Min: 0.0, Avg: 0.0, Max: 0.0, Diff: 0.0, Sum: 0.1]
      [GC Worker Total (ms): Min: 0.5, Avg: 0.5, Max: 0.6, Diff: 0.1, Sum: 5.4]
      [GC Worker End (ms): Min: 936.1, Avg: 936.1, Max: 936.1, Diff: 0.0]
   [Code Root Fixup: 0.0 ms]
   [Code Root Purge: 0.0 ms]
   [Clear CT: 0.1 ms]
   [Other: 0.5 ms]
      [Choose CSet: 0.0 ms]
      [Ref Proc: 0.2 ms]
      [Ref Enq: 0.0 ms]
      [Redirty Cards: 0.1 ms]
      [Humongous Register: 0.1 ms]
      [Humongous Reclaim: 0.0 ms]
      [Free CSet: 0.0 ms]
   [Eden: 2048.0K(29.0M)->0.0B(31.0M) Survivors: 4096.0K->1024.0K Heap: 362.5M(512.0M)->361.1M(512.0M)]
 [Times: user=0.01 sys=0.00, real=0.00 secs] 
2021-01-19T10:10:17.706-0800: 0.937: [GC concurrent-root-region-scan-start]
2021-01-19T10:10:17.706-0800: 0.937: [GC concurrent-root-region-scan-end, 0.0000571 secs]
2021-01-19T10:10:17.706-0800: 0.937: [GC concurrent-mark-start]
2021-01-19T10:10:17.708-0800: 0.938: [GC concurrent-mark-end, 0.0015769 secs]
2021-01-19T10:10:17.708-0800: 0.939: [GC remark 2021-01-19T10:10:17.708-0800: 0.939: [Finalize Marking, 0.0002309 secs] 2021-01-19T10:10:17.708-0800: 0.939: [GC ref-proc, 0.0000576 secs] 2021-01-19T10:10:17.708-0800: 0.939: [Unloading, 0.0005161 secs], 0.0014927 secs]
 [Times: user=0.01 sys=0.00, real=0.01 secs] 
2021-01-19T10:10:17.710-0800: 0.940: [GC cleanup 373M->373M(512M), 0.0007067 secs]
 [Times: user=0.00 sys=0.01, real=0.00 secs] 
2021-01-19T10:10:17.716-0800: 0.946: [GC pause (G1 Evacuation Pause) (young), 0.0030975 secs]
   [Parallel Time: 2.4 ms, GC Workers: 10]
      [GC Worker Start (ms): Min: 946.4, Avg: 946.4, Max: 946.6, Diff: 0.2]
      [Ext Root Scanning (ms): Min: 0.0, Avg: 0.1, Max: 0.2, Diff: 0.2, Sum: 1.2]
      [Update RS (ms): Min: 0.6, Avg: 0.6, Max: 0.7, Diff: 0.1, Sum: 6.3]
         [Processed Buffers: Min: 0, Avg: 7.1, Max: 9, Diff: 9, Sum: 71]
      [Scan RS (ms): Min: 0.0, Avg: 0.0, Max: 0.0, Diff: 0.0, Sum: 0.0]
      [Code Root Scanning (ms): Min: 0.0, Avg: 0.0, Max: 0.0, Diff: 0.0, Sum: 0.0]
      [Object Copy (ms): Min: 0.7, Avg: 0.8, Max: 1.3, Diff: 0.7, Sum: 8.2]
      [Termination (ms): Min: 0.0, Avg: 0.6, Max: 0.7, Diff: 0.7, Sum: 6.1]
         [Termination Attempts: Min: 1, Avg: 1.0, Max: 1, Diff: 0, Sum: 10]
      [GC Worker Other (ms): Min: 0.0, Avg: 0.0, Max: 0.0, Diff: 0.0, Sum: 0.1]
      [GC Worker Total (ms): Min: 2.1, Avg: 2.2, Max: 2.4, Diff: 0.3, Sum: 21.9]
      [GC Worker End (ms): Min: 948.6, Avg: 948.6, Max: 948.7, Diff: 0.2]
   [Code Root Fixup: 0.0 ms]
   [Code Root Purge: 0.0 ms]
   [Clear CT: 0.2 ms]
   [Other: 0.5 ms]
      [Choose CSet: 0.0 ms]
      [Ref Proc: 0.2 ms]
      [Ref Enq: 0.0 ms]
      [Redirty Cards: 0.1 ms]
      [Humongous Register: 0.1 ms]
      [Humongous Reclaim: 0.0 ms]
      [Free CSet: 0.0 ms]
   [Eden: 31.0M(31.0M)->0.0B(21.0M) Survivors: 1024.0K->4096.0K Heap: 399.8M(512.0M)->373.1M(512.0M)]
 [Times: user=0.02 sys=0.00, real=0.00 secs] 
2021-01-19T10:10:17.722-0800: 0.953: [GC pause (G1 Evacuation Pause) (mixed), 0.0060887 secs]
   [Parallel Time: 4.8 ms, GC Workers: 10]
      [GC Worker Start (ms): Min: 952.6, Avg: 952.7, Max: 952.7, Diff: 0.1]
      [Ext Root Scanning (ms): Min: 0.1, Avg: 0.1, Max: 0.2, Diff: 0.1, Sum: 1.2]
      [Update RS (ms): Min: 0.2, Avg: 0.3, Max: 0.3, Diff: 0.1, Sum: 2.7]
         [Processed Buffers: Min: 1, Avg: 3.4, Max: 4, Diff: 3, Sum: 34]
      [Scan RS (ms): Min: 0.0, Avg: 0.0, Max: 0.1, Diff: 0.1, Sum: 0.3]
      [Code Root Scanning (ms): Min: 0.0, Avg: 0.0, Max: 0.0, Diff: 0.0, Sum: 0.0]
      [Object Copy (ms): Min: 3.4, Avg: 3.5, Max: 4.1, Diff: 0.7, Sum: 35.3]
      [Termination (ms): Min: 0.0, Avg: 0.6, Max: 0.8, Diff: 0.8, Sum: 6.4]
         [Termination Attempts: Min: 1, Avg: 1.0, Max: 1, Diff: 0, Sum: 10]
      [GC Worker Other (ms): Min: 0.0, Avg: 0.0, Max: 0.0, Diff: 0.0, Sum: 0.1]
      [GC Worker Total (ms): Min: 4.5, Avg: 4.6, Max: 4.7, Diff: 0.1, Sum: 45.9]
      [GC Worker End (ms): Min: 957.2, Avg: 957.3, Max: 957.4, Diff: 0.2]
   [Code Root Fixup: 0.0 ms]
   [Code Root Purge: 0.0 ms]
   [Clear CT: 0.2 ms]
   [Other: 1.1 ms]
      [Choose CSet: 0.0 ms]
      [Ref Proc: 0.8 ms]
      [Ref Enq: 0.0 ms]
      [Redirty Cards: 0.1 ms]
      [Humongous Register: 0.1 ms]
      [Humongous Reclaim: 0.0 ms]
      [Free CSet: 0.0 ms]
   [Eden: 21.0M(21.0M)->0.0B(29.0M) Survivors: 4096.0K->4096.0K Heap: 396.9M(512.0M)->363.1M(512.0M)]
 [Times: user=0.05 sys=0.00, real=0.00 secs] 
2021-01-19T10:10:17.728-0800: 0.959: [GC pause (G1 Humongous Allocation) (young) (initial-mark), 0.0026546 secs]
   [Parallel Time: 1.4 ms, GC Workers: 10]
      [GC Worker Start (ms): Min: 958.9, Avg: 959.0, Max: 959.1, Diff: 0.2]
      [Ext Root Scanning (ms): Min: 0.0, Avg: 0.2, Max: 0.7, Diff: 0.7, Sum: 2.4]
      [Update RS (ms): Min: 0.0, Avg: 0.1, Max: 0.5, Diff: 0.5, Sum: 1.3]
         [Processed Buffers: Min: 0, Avg: 1.1, Max: 3, Diff: 3, Sum: 11]
      [Scan RS (ms): Min: 0.0, Avg: 0.0, Max: 0.0, Diff: 0.0, Sum: 0.0]
      [Code Root Scanning (ms): Min: 0.0, Avg: 0.0, Max: 0.0, Diff: 0.0, Sum: 0.0]
      [Object Copy (ms): Min: 0.0, Avg: 0.3, Max: 1.0, Diff: 0.9, Sum: 2.8]
      [Termination (ms): Min: 0.0, Avg: 0.6, Max: 0.7, Diff: 0.7, Sum: 6.0]
         [Termination Attempts: Min: 1, Avg: 1.0, Max: 1, Diff: 0, Sum: 10]
      [GC Worker Other (ms): Min: 0.0, Avg: 0.0, Max: 0.0, Diff: 0.0, Sum: 0.1]
      [GC Worker Total (ms): Min: 1.1, Avg: 1.3, Max: 1.4, Diff: 0.2, Sum: 12.5]
      [GC Worker End (ms): Min: 960.2, Avg: 960.3, Max: 960.3, Diff: 0.1]
   [Code Root Fixup: 0.0 ms]
   [Code Root Purge: 0.0 ms]
   [Clear CT: 0.1 ms]
   [Other: 1.1 ms]
      [Choose CSet: 0.0 ms]
      [Ref Proc: 0.8 ms]
      [Ref Enq: 0.0 ms]
      [Redirty Cards: 0.1 ms]
      [Humongous Register: 0.1 ms]
      [Humongous Reclaim: 0.0 ms]
      [Free CSet: 0.0 ms]
   [Eden: 1024.0K(29.0M)->0.0B(27.0M) Survivors: 4096.0K->1024.0K Heap: 364.1M(512.0M)->363.9M(512.0M)]
 [Times: user=0.01 sys=0.00, real=0.01 secs] 
2021-01-19T10:10:17.731-0800: 0.962: [GC concurrent-root-region-scan-start]
2021-01-19T10:10:17.731-0800: 0.962: [GC concurrent-root-region-scan-end, 0.0001077 secs]
2021-01-19T10:10:17.731-0800: 0.962: [GC concurrent-mark-start]
2021-01-19T10:10:17.733-0800: 0.963: [GC concurrent-mark-end, 0.0013072 secs]
2021-01-19T10:10:17.733-0800: 0.963: [GC remark 2021-01-19T10:10:17.733-0800: 0.963: [Finalize Marking, 0.0009873 secs] 2021-01-19T10:10:17.734-0800: 0.964: [GC ref-proc, 0.0000576 secs] 2021-01-19T10:10:17.734-0800: 0.964: [Unloading, 0.0005398 secs], 0.0022753 secs]
 [Times: user=0.01 sys=0.00, real=0.00 secs] 
2021-01-19T10:10:17.735-0800: 0.966: [GC cleanup 369M->369M(512M), 0.0008530 secs]
 [Times: user=0.00 sys=0.00, real=0.00 secs] 
2021-01-19T10:10:17.739-0800: 0.970: [GC pause (G1 Evacuation Pause) (young), 0.0027995 secs]
   [Parallel Time: 1.7 ms, GC Workers: 10]
      [GC Worker Start (ms): Min: 970.0, Avg: 970.1, Max: 970.1, Diff: 0.2]
      [Ext Root Scanning (ms): Min: 0.0, Avg: 0.1, Max: 0.2, Diff: 0.2, Sum: 1.0]
      [Update RS (ms): Min: 0.5, Avg: 0.5, Max: 0.6, Diff: 0.0, Sum: 5.4]
         [Processed Buffers: Min: 6, Avg: 6.4, Max: 8, Diff: 2, Sum: 64]
      [Scan RS (ms): Min: 0.0, Avg: 0.0, Max: 0.0, Diff: 0.0, Sum: 0.0]
      [Code Root Scanning (ms): Min: 0.0, Avg: 0.0, Max: 0.0, Diff: 0.0, Sum: 0.0]
      [Object Copy (ms): Min: 0.7, Avg: 0.7, Max: 0.8, Diff: 0.1, Sum: 7.3]
      [Termination (ms): Min: 0.0, Avg: 0.1, Max: 0.2, Diff: 0.2, Sum: 1.0]
         [Termination Attempts: Min: 1, Avg: 1.1, Max: 2, Diff: 1, Sum: 11]
      [GC Worker Other (ms): Min: 0.0, Avg: 0.0, Max: 0.0, Diff: 0.0, Sum: 0.1]
      [GC Worker Total (ms): Min: 1.4, Avg: 1.5, Max: 1.6, Diff: 0.2, Sum: 14.9]
      [GC Worker End (ms): Min: 971.5, Avg: 971.6, Max: 971.6, Diff: 0.1]
   [Code Root Fixup: 0.0 ms]
   [Code Root Purge: 0.0 ms]
   [Clear CT: 0.2 ms]
   [Other: 0.9 ms]
      [Choose CSet: 0.0 ms]
      [Ref Proc: 0.6 ms]
      [Ref Enq: 0.0 ms]
      [Redirty Cards: 0.2 ms]
      [Humongous Register: 0.1 ms]
      [Humongous Reclaim: 0.0 ms]
      [Free CSet: 0.0 ms]
   [Eden: 27.0M(27.0M)->0.0B(21.0M) Survivors: 1024.0K->4096.0K Heap: 397.8M(512.0M)->371.6M(512.0M)]
 [Times: user=0.01 sys=0.00, real=0.01 secs] 
2021-01-19T10:10:17.746-0800: 0.976: [GC pause (G1 Evacuation Pause) (mixed), 0.0045194 secs]
   [Parallel Time: 3.8 ms, GC Workers: 10]
      [GC Worker Start (ms): Min: 976.2, Avg: 976.3, Max: 976.4, Diff: 0.2]
      [Ext Root Scanning (ms): Min: 0.0, Avg: 0.1, Max: 0.2, Diff: 0.2, Sum: 1.0]
      [Update RS (ms): Min: 0.4, Avg: 0.4, Max: 0.5, Diff: 0.1, Sum: 4.0]
         [Processed Buffers: Min: 4, Avg: 4.9, Max: 6, Diff: 2, Sum: 49]
      [Scan RS (ms): Min: 0.0, Avg: 0.0, Max: 0.1, Diff: 0.1, Sum: 0.4]
      [Code Root Scanning (ms): Min: 0.0, Avg: 0.0, Max: 0.0, Diff: 0.0, Sum: 0.0]
      [Object Copy (ms): Min: 3.0, Avg: 3.0, Max: 3.1, Diff: 0.1, Sum: 30.2]
      [Termination (ms): Min: 0.0, Avg: 0.0, Max: 0.1, Diff: 0.1, Sum: 0.4]
         [Termination Attempts: Min: 1, Avg: 1.0, Max: 1, Diff: 0, Sum: 10]
      [GC Worker Other (ms): Min: 0.0, Avg: 0.0, Max: 0.0, Diff: 0.0, Sum: 0.1]
      [GC Worker Total (ms): Min: 3.5, Avg: 3.6, Max: 3.7, Diff: 0.2, Sum: 36.2]
      [GC Worker End (ms): Min: 979.9, Avg: 979.9, Max: 980.0, Diff: 0.0]
   [Code Root Fixup: 0.0 ms]
   [Code Root Purge: 0.0 ms]
   [Clear CT: 0.2 ms]
   [Other: 0.6 ms]
      [Choose CSet: 0.0 ms]
      [Ref Proc: 0.2 ms]
      [Ref Enq: 0.0 ms]
      [Redirty Cards: 0.1 ms]
      [Humongous Register: 0.1 ms]
      [Humongous Reclaim: 0.0 ms]
      [Free CSet: 0.0 ms]
   [Eden: 21.0M(21.0M)->0.0B(27.0M) Survivors: 4096.0K->4096.0K Heap: 397.4M(512.0M)->364.9M(512.0M)]
 [Times: user=0.03 sys=0.00, real=0.01 secs] 
2021-01-19T10:10:17.751-0800: 0.982: [GC pause (G1 Humongous Allocation) (young) (initial-mark), 0.0017122 secs]
   [Parallel Time: 0.9 ms, GC Workers: 10]
      [GC Worker Start (ms): Min: 981.9, Avg: 982.0, Max: 982.0, Diff: 0.2]
      [Ext Root Scanning (ms): Min: 0.0, Avg: 0.1, Max: 0.2, Diff: 0.2, Sum: 0.9]
      [Update RS (ms): Min: 0.0, Avg: 0.1, Max: 0.3, Diff: 0.2, Sum: 1.1]
         [Processed Buffers: Min: 1, Avg: 1.1, Max: 2, Diff: 1, Sum: 11]
      [Scan RS (ms): Min: 0.0, Avg: 0.0, Max: 0.0, Diff: 0.0, Sum: 0.0]
      [Code Root Scanning (ms): Min: 0.0, Avg: 0.0, Max: 0.0, Diff: 0.0, Sum: 0.0]
      [Object Copy (ms): Min: 0.3, Avg: 0.4, Max: 0.5, Diff: 0.3, Sum: 4.2]
      [Termination (ms): Min: 0.0, Avg: 0.1, Max: 0.1, Diff: 0.1, Sum: 0.6]
         [Termination Attempts: Min: 1, Avg: 1.0, Max: 1, Diff: 0, Sum: 10]
      [GC Worker Other (ms): Min: 0.0, Avg: 0.0, Max: 0.0, Diff: 0.0, Sum: 0.1]
      [GC Worker Total (ms): Min: 0.6, Avg: 0.7, Max: 0.8, Diff: 0.2, Sum: 6.9]
      [GC Worker End (ms): Min: 982.6, Avg: 982.7, Max: 982.7, Diff: 0.0]
   [Code Root Fixup: 0.0 ms]
   [Code Root Purge: 0.0 ms]
   [Clear CT: 0.2 ms]
   [Other: 0.6 ms]
      [Choose CSet: 0.0 ms]
      [Ref Proc: 0.3 ms]
      [Ref Enq: 0.0 ms]
      [Redirty Cards: 0.2 ms]
      [Humongous Register: 0.1 ms]
      [Humongous Reclaim: 0.0 ms]
      [Free CSet: 0.0 ms]
   [Eden: 7168.0K(27.0M)->0.0B(28.0M) Survivors: 4096.0K->4096.0K Heap: 371.2M(512.0M)->365.8M(512.0M)]
 [Times: user=0.01 sys=0.00, real=0.00 secs] 
2021-01-19T10:10:17.753-0800: 0.984: [GC concurrent-root-region-scan-start]
2021-01-19T10:10:17.753-0800: 0.984: [GC concurrent-root-region-scan-end, 0.0001124 secs]
2021-01-19T10:10:17.753-0800: 0.984: [GC concurrent-mark-start]
2021-01-19T10:10:17.754-0800: 0.985: [GC concurrent-mark-end, 0.0010917 secs]
2021-01-19T10:10:17.754-0800: 0.985: [GC remark 2021-01-19T10:10:17.754-0800: 0.985: [Finalize Marking, 0.0002246 secs] 2021-01-19T10:10:17.755-0800: 0.985: [GC ref-proc, 0.0000569 secs] 2021-01-19T10:10:17.755-0800: 0.985: [Unloading, 0.0005508 secs], 0.0015643 secs]
 [Times: user=0.00 sys=0.01, real=0.00 secs] 
2021-01-19T10:10:17.756-0800: 0.987: [GC cleanup 373M->373M(512M), 0.0006913 secs]
 [Times: user=0.01 sys=0.00, real=0.00 secs] 
2021-01-19T10:10:17.760-0800: 0.991: [GC pause (G1 Evacuation Pause) (young), 0.0028741 secs]
   [Parallel Time: 2.0 ms, GC Workers: 10]
      [GC Worker Start (ms): Min: 990.9, Avg: 991.0, Max: 991.0, Diff: 0.1]
      [Ext Root Scanning (ms): Min: 0.1, Avg: 0.1, Max: 0.2, Diff: 0.1, Sum: 1.2]
      [Update RS (ms): Min: 0.6, Avg: 0.7, Max: 0.7, Diff: 0.1, Sum: 6.6]
         [Processed Buffers: Min: 6, Avg: 7.4, Max: 8, Diff: 2, Sum: 74]
      [Scan RS (ms): Min: 0.0, Avg: 0.0, Max: 0.0, Diff: 0.0, Sum: 0.0]
      [Code Root Scanning (ms): Min: 0.0, Avg: 0.0, Max: 0.0, Diff: 0.0, Sum: 0.0]
      [Object Copy (ms): Min: 0.9, Avg: 1.0, Max: 1.1, Diff: 0.1, Sum: 9.8]
      [Termination (ms): Min: 0.0, Avg: 0.1, Max: 0.1, Diff: 0.1, Sum: 0.7]
         [Termination Attempts: Min: 1, Avg: 1.0, Max: 1, Diff: 0, Sum: 10]
      [GC Worker Other (ms): Min: 0.0, Avg: 0.0, Max: 0.0, Diff: 0.0, Sum: 0.1]
      [GC Worker Total (ms): Min: 1.8, Avg: 1.8, Max: 1.9, Diff: 0.1, Sum: 18.4]
      [GC Worker End (ms): Min: 992.8, Avg: 992.8, Max: 992.9, Diff: 0.0]
   [Code Root Fixup: 0.0 ms]
   [Code Root Purge: 0.0 ms]
   [Clear CT: 0.1 ms]
   [Other: 0.7 ms]
      [Choose CSet: 0.0 ms]
      [Ref Proc: 0.3 ms]
      [Ref Enq: 0.0 ms]
      [Redirty Cards: 0.2 ms]
      [Humongous Register: 0.1 ms]
      [Humongous Reclaim: 0.0 ms]
      [Free CSet: 0.0 ms]
   [Eden: 28.0M(28.0M)->0.0B(21.0M) Survivors: 4096.0K->4096.0K Heap: 401.9M(512.0M)->374.3M(512.0M)]
 [Times: user=0.02 sys=0.00, real=0.00 secs] 
2021-01-19T10:10:17.767-0800: 0.997: [GC pause (G1 Evacuation Pause) (mixed), 0.0045223 secs]
   [Parallel Time: 3.7 ms, GC Workers: 10]
      [GC Worker Start (ms): Min: 997.6, Avg: 997.7, Max: 997.8, Diff: 0.2]
      [Ext Root Scanning (ms): Min: 0.0, Avg: 0.1, Max: 0.2, Diff: 0.2, Sum: 1.1]
      [Update RS (ms): Min: 0.5, Avg: 0.5, Max: 0.7, Diff: 0.2, Sum: 5.5]
         [Processed Buffers: Min: 0, Avg: 5.5, Max: 7, Diff: 7, Sum: 55]
      [Scan RS (ms): Min: 0.0, Avg: 0.0, Max: 0.1, Diff: 0.1, Sum: 0.4]
      [Code Root Scanning (ms): Min: 0.0, Avg: 0.0, Max: 0.0, Diff: 0.0, Sum: 0.0]
      [Object Copy (ms): Min: 2.5, Avg: 2.6, Max: 2.7, Diff: 0.2, Sum: 26.1]
      [Termination (ms): Min: 0.0, Avg: 0.1, Max: 0.2, Diff: 0.2, Sum: 1.1]
         [Termination Attempts: Min: 1, Avg: 1.0, Max: 1, Diff: 0, Sum: 10]
      [GC Worker Other (ms): Min: 0.0, Avg: 0.0, Max: 0.0, Diff: 0.0, Sum: 0.1]
      [GC Worker Total (ms): Min: 3.3, Avg: 3.4, Max: 3.6, Diff: 0.2, Sum: 34.2]
      [GC Worker End (ms): Min: 1001.1, Avg: 1001.1, Max: 1001.2, Diff: 0.1]
   [Code Root Fixup: 0.0 ms]
   [Code Root Purge: 0.0 ms]
   [Clear CT: 0.1 ms]
   [Other: 0.7 ms]
      [Choose CSet: 0.0 ms]
      [Ref Proc: 0.3 ms]
      [Ref Enq: 0.0 ms]
      [Redirty Cards: 0.2 ms]
      [Humongous Register: 0.1 ms]
      [Humongous Reclaim: 0.0 ms]
      [Free CSet: 0.1 ms]
   [Eden: 21.0M(21.0M)->0.0B(27.0M) Survivors: 4096.0K->4096.0K Heap: 400.9M(512.0M)->367.1M(512.0M)]
 [Times: user=0.03 sys=0.00, real=0.01 secs] 
2021-01-19T10:10:17.772-0800: 1.002: [GC pause (G1 Humongous Allocation) (young) (initial-mark), 0.0015194 secs]
   [Parallel Time: 0.7 ms, GC Workers: 10]
      [GC Worker Start (ms): Min: 1002.3, Avg: 1002.4, Max: 1002.4, Diff: 0.1]
      [Ext Root Scanning (ms): Min: 0.1, Avg: 0.1, Max: 0.2, Diff: 0.1, Sum: 1.3]
      [Update RS (ms): Min: 0.0, Avg: 0.1, Max: 0.2, Diff: 0.2, Sum: 1.0]
         [Processed Buffers: Min: 1, Avg: 1.1, Max: 2, Diff: 1, Sum: 11]
      [Scan RS (ms): Min: 0.0, Avg: 0.0, Max: 0.0, Diff: 0.0, Sum: 0.0]
      [Code Root Scanning (ms): Min: 0.0, Avg: 0.0, Max: 0.0, Diff: 0.0, Sum: 0.0]
      [Object Copy (ms): Min: 0.1, Avg: 0.2, Max: 0.3, Diff: 0.2, Sum: 2.3]
      [Termination (ms): Min: 0.0, Avg: 0.1, Max: 0.1, Diff: 0.1, Sum: 0.6]
         [Termination Attempts: Min: 1, Avg: 1.1, Max: 2, Diff: 1, Sum: 11]
      [GC Worker Other (ms): Min: 0.0, Avg: 0.0, Max: 0.0, Diff: 0.0, Sum: 0.1]
      [GC Worker Total (ms): Min: 0.5, Avg: 0.5, Max: 0.6, Diff: 0.1, Sum: 5.2]
      [GC Worker End (ms): Min: 1002.9, Avg: 1002.9, Max: 1002.9, Diff: 0.1]
   [Code Root Fixup: 0.0 ms]
   [Code Root Purge: 0.0 ms]
   [Clear CT: 0.2 ms]
   [Other: 0.7 ms]
      [Choose CSet: 0.0 ms]
      [Ref Proc: 0.4 ms]
      [Ref Enq: 0.0 ms]
      [Redirty Cards: 0.1 ms]
      [Humongous Register: 0.1 ms]
      [Humongous Reclaim: 0.0 ms]
      [Free CSet: 0.0 ms]
   [Eden: 1024.0K(27.0M)->0.0B(28.0M) Survivors: 4096.0K->1024.0K Heap: 367.2M(512.0M)->367.1M(512.0M)]
 [Times: user=0.01 sys=0.00, real=0.00 secs] 
2021-01-19T10:10:17.773-0800: 1.004: [GC concurrent-root-region-scan-start]
2021-01-19T10:10:17.773-0800: 1.004: [GC concurrent-root-region-scan-end, 0.0000720 secs]
2021-01-19T10:10:17.773-0800: 1.004: [GC concurrent-mark-start]
2021-01-19T10:10:17.775-0800: 1.005: [GC concurrent-mark-end, 0.0011726 secs]
2021-01-19T10:10:17.775-0800: 1.005: [GC remark 2021-01-19T10:10:17.775-0800: 1.005: [Finalize Marking, 0.0002071 secs] 2021-01-19T10:10:17.775-0800: 1.005: [GC ref-proc, 0.0000566 secs] 2021-01-19T10:10:17.775-0800: 1.005: [Unloading, 0.0005976 secs], 0.0014855 secs]
 [Times: user=0.00 sys=0.00, real=0.00 secs] 
2021-01-19T10:10:17.776-0800: 1.007: [GC cleanup 377M->377M(512M), 0.0006935 secs]
 [Times: user=0.00 sys=0.00, real=0.00 secs] 
2021-01-19T10:10:17.781-0800: 1.011: [GC pause (G1 Evacuation Pause) (young), 0.0024708 secs]
   [Parallel Time: 1.7 ms, GC Workers: 10]
      [GC Worker Start (ms): Min: 1011.4, Avg: 1011.5, Max: 1011.5, Diff: 0.2]
      [Ext Root Scanning (ms): Min: 0.0, Avg: 0.1, Max: 0.2, Diff: 0.2, Sum: 1.0]
      [Update RS (ms): Min: 0.3, Avg: 0.3, Max: 0.4, Diff: 0.1, Sum: 3.5]
         [Processed Buffers: Min: 4, Avg: 4.2, Max: 5, Diff: 1, Sum: 42]
      [Scan RS (ms): Min: 0.0, Avg: 0.0, Max: 0.0, Diff: 0.0, Sum: 0.0]
      [Code Root Scanning (ms): Min: 0.0, Avg: 0.0, Max: 0.0, Diff: 0.0, Sum: 0.0]
      [Object Copy (ms): Min: 0.8, Avg: 0.9, Max: 1.0, Diff: 0.1, Sum: 9.3]
      [Termination (ms): Min: 0.0, Avg: 0.1, Max: 0.2, Diff: 0.2, Sum: 0.9]
         [Termination Attempts: Min: 1, Avg: 1.1, Max: 2, Diff: 1, Sum: 11]
      [GC Worker Other (ms): Min: 0.0, Avg: 0.0, Max: 0.0, Diff: 0.0, Sum: 0.1]
      [GC Worker Total (ms): Min: 1.4, Avg: 1.5, Max: 1.6, Diff: 0.2, Sum: 14.8]
      [GC Worker End (ms): Min: 1012.9, Avg: 1013.0, Max: 1013.0, Diff: 0.1]
   [Code Root Fixup: 0.0 ms]
   [Code Root Purge: 0.0 ms]
   [Clear CT: 0.3 ms]
   [Other: 0.5 ms]
      [Choose CSet: 0.0 ms]
      [Ref Proc: 0.2 ms]
      [Ref Enq: 0.0 ms]
      [Redirty Cards: 0.1 ms]
      [Humongous Register: 0.1 ms]
      [Humongous Reclaim: 0.0 ms]
      [Free CSet: 0.0 ms]
   [Eden: 28.0M(28.0M)->0.0B(21.0M) Survivors: 1024.0K->4096.0K Heap: 399.3M(512.0M)->375.4M(512.0M)]
 [Times: user=0.01 sys=0.00, real=0.00 secs] 
2021-01-19T10:10:17.788-0800: 1.018: [GC pause (G1 Evacuation Pause) (mixed), 0.0057625 secs]
   [Parallel Time: 4.3 ms, GC Workers: 10]
      [GC Worker Start (ms): Min: 1018.4, Avg: 1018.5, Max: 1018.6, Diff: 0.1]
      [Ext Root Scanning (ms): Min: 0.1, Avg: 0.1, Max: 0.2, Diff: 0.1, Sum: 1.1]
      [Update RS (ms): Min: 0.5, Avg: 0.5, Max: 0.6, Diff: 0.1, Sum: 5.3]
         [Processed Buffers: Min: 2, Avg: 6.2, Max: 8, Diff: 6, Sum: 62]
      [Scan RS (ms): Min: 0.0, Avg: 0.0, Max: 0.0, Diff: 0.0, Sum: 0.2]
      [Code Root Scanning (ms): Min: 0.0, Avg: 0.0, Max: 0.0, Diff: 0.0, Sum: 0.0]
      [Object Copy (ms): Min: 2.7, Avg: 2.8, Max: 3.4, Diff: 0.7, Sum: 28.4]
      [Termination (ms): Min: 0.0, Avg: 0.6, Max: 0.7, Diff: 0.7, Sum: 6.2]
         [Termination Attempts: Min: 1, Avg: 1.0, Max: 1, Diff: 0, Sum: 10]
      [GC Worker Other (ms): Min: 0.0, Avg: 0.0, Max: 0.0, Diff: 0.0, Sum: 0.1]
      [GC Worker Total (ms): Min: 4.1, Avg: 4.1, Max: 4.3, Diff: 0.2, Sum: 41.4]
      [GC Worker End (ms): Min: 1022.6, Avg: 1022.7, Max: 1022.7, Diff: 0.1]
   [Code Root Fixup: 0.0 ms]
   [Code Root Purge: 0.0 ms]
   [Clear CT: 0.1 ms]
   [Other: 1.3 ms]
      [Choose CSet: 0.0 ms]
      [Ref Proc: 0.9 ms]
      [Ref Enq: 0.0 ms]
      [Redirty Cards: 0.2 ms]
      [Humongous Register: 0.1 ms]
      [Humongous Reclaim: 0.0 ms]
      [Free CSet: 0.0 ms]
   [Eden: 21.0M(21.0M)->0.0B(21.0M) Survivors: 4096.0K->4096.0K Heap: 402.7M(512.0M)->374.5M(512.0M)]
 [Times: user=0.04 sys=0.01, real=0.01 secs] 
2021-01-19T10:10:17.796-0800: 1.026: [GC pause (G1 Humongous Allocation) (young) (initial-mark), 0.0016952 secs]
   [Parallel Time: 1.0 ms, GC Workers: 10]
      [GC Worker Start (ms): Min: 1026.5, Avg: 1026.6, Max: 1026.6, Diff: 0.1]
      [Ext Root Scanning (ms): Min: 0.1, Avg: 0.1, Max: 0.3, Diff: 0.2, Sum: 1.4]
      [Update RS (ms): Min: 0.0, Avg: 0.1, Max: 0.2, Diff: 0.2, Sum: 0.7]
         [Processed Buffers: Min: 0, Avg: 1.1, Max: 2, Diff: 2, Sum: 11]
      [Scan RS (ms): Min: 0.0, Avg: 0.0, Max: 0.0, Diff: 0.0, Sum: 0.0]
      [Code Root Scanning (ms): Min: 0.0, Avg: 0.0, Max: 0.0, Diff: 0.0, Sum: 0.0]
      [Object Copy (ms): Min: 0.3, Avg: 0.4, Max: 0.5, Diff: 0.3, Sum: 4.0]
      [Termination (ms): Min: 0.0, Avg: 0.2, Max: 0.3, Diff: 0.3, Sum: 1.8]
         [Termination Attempts: Min: 1, Avg: 1.0, Max: 1, Diff: 0, Sum: 10]
      [GC Worker Other (ms): Min: 0.0, Avg: 0.0, Max: 0.0, Diff: 0.0, Sum: 0.1]
      [GC Worker Total (ms): Min: 0.7, Avg: 0.8, Max: 0.9, Diff: 0.1, Sum: 8.0]
      [GC Worker End (ms): Min: 1027.3, Avg: 1027.4, Max: 1027.4, Diff: 0.1]
   [Code Root Fixup: 0.0 ms]
   [Code Root Purge: 0.0 ms]
   [Clear CT: 0.2 ms]
   [Other: 0.5 ms]
      [Choose CSet: 0.0 ms]
      [Ref Proc: 0.1 ms]
      [Ref Enq: 0.0 ms]
      [Redirty Cards: 0.1 ms]
      [Humongous Register: 0.1 ms]
      [Humongous Reclaim: 0.0 ms]
      [Free CSet: 0.0 ms]
   [Eden: 8192.0K(21.0M)->0.0B(23.0M) Survivors: 4096.0K->2048.0K Heap: 381.9M(512.0M)->375.4M(512.0M)]
 [Times: user=0.01 sys=0.00, real=0.00 secs] 
2021-01-19T10:10:17.798-0800: 1.028: [GC concurrent-root-region-scan-start]
2021-01-19T10:10:17.798-0800: 1.028: [GC concurrent-root-region-scan-end, 0.0001412 secs]
2021-01-19T10:10:17.798-0800: 1.028: [GC concurrent-mark-start]
2021-01-19T10:10:17.799-0800: 1.029: [GC concurrent-mark-end, 0.0010677 secs]
2021-01-19T10:10:17.799-0800: 1.030: [GC remark 2021-01-19T10:10:17.799-0800: 1.030: [Finalize Marking, 0.0001856 secs] 2021-01-19T10:10:17.799-0800: 1.030: [GC ref-proc, 0.0000544 secs] 2021-01-19T10:10:17.799-0800: 1.030: [Unloading, 0.0005293 secs], 0.0014739 secs]
 [Times: user=0.01 sys=0.00, real=0.01 secs] 
2021-01-19T10:10:17.801-0800: 1.031: [GC cleanup 381M->381M(512M), 0.0007802 secs]
 [Times: user=0.00 sys=0.00, real=0.00 secs] 
2021-01-19T10:10:17.805-0800: 1.036: [GC pause (G1 Evacuation Pause) (young), 0.0031735 secs]
   [Parallel Time: 1.8 ms, GC Workers: 10]
      [GC Worker Start (ms): Min: 1035.9, Avg: 1036.0, Max: 1036.1, Diff: 0.2]
      [Ext Root Scanning (ms): Min: 0.0, Avg: 0.1, Max: 0.2, Diff: 0.2, Sum: 1.3]
      [Update RS (ms): Min: 0.8, Avg: 0.8, Max: 1.2, Diff: 0.4, Sum: 8.2]
         [Processed Buffers: Min: 0, Avg: 8.3, Max: 10, Diff: 10, Sum: 83]
      [Scan RS (ms): Min: 0.0, Avg: 0.0, Max: 0.0, Diff: 0.0, Sum: 0.0]
      [Code Root Scanning (ms): Min: 0.0, Avg: 0.0, Max: 0.0, Diff: 0.0, Sum: 0.0]
      [Object Copy (ms): Min: 0.2, Avg: 0.6, Max: 0.7, Diff: 0.4, Sum: 5.7]
      [Termination (ms): Min: 0.0, Avg: 0.1, Max: 0.2, Diff: 0.2, Sum: 0.6]
         [Termination Attempts: Min: 1, Avg: 1.0, Max: 1, Diff: 0, Sum: 10]
      [GC Worker Other (ms): Min: 0.0, Avg: 0.0, Max: 0.0, Diff: 0.0, Sum: 0.1]
      [GC Worker Total (ms): Min: 1.4, Avg: 1.6, Max: 1.7, Diff: 0.3, Sum: 16.0]
      [GC Worker End (ms): Min: 1037.6, Avg: 1037.6, Max: 1037.6, Diff: 0.1]
   [Code Root Fixup: 0.0 ms]
   [Code Root Purge: 0.0 ms]
   [Clear CT: 0.1 ms]
   [Other: 1.3 ms]
      [Choose CSet: 0.0 ms]
      [Ref Proc: 0.9 ms]
      [Ref Enq: 0.0 ms]
      [Redirty Cards: 0.2 ms]
      [Humongous Register: 0.1 ms]
      [Humongous Reclaim: 0.0 ms]
      [Free CSet: 0.0 ms]
   [Eden: 23.0M(23.0M)->0.0B(21.0M) Survivors: 2048.0K->4096.0K Heap: 407.3M(512.0M)->383.3M(512.0M)]
 [Times: user=0.02 sys=0.00, real=0.00 secs] 
2021-01-19T10:10:17.813-0800: 1.044: [GC pause (G1 Evacuation Pause) (mixed), 0.0065655 secs]
   [Parallel Time: 5.0 ms, GC Workers: 10]
      [GC Worker Start (ms): Min: 1043.7, Avg: 1043.8, Max: 1043.8, Diff: 0.1]
      [Ext Root Scanning (ms): Min: 0.1, Avg: 0.1, Max: 0.2, Diff: 0.1, Sum: 1.3]
      [Update RS (ms): Min: 0.3, Avg: 0.4, Max: 0.5, Diff: 0.2, Sum: 3.7]
         [Processed Buffers: Min: 1, Avg: 4.3, Max: 6, Diff: 5, Sum: 43]
      [Scan RS (ms): Min: 0.0, Avg: 0.0, Max: 0.1, Diff: 0.1, Sum: 0.2]
      [Code Root Scanning (ms): Min: 0.0, Avg: 0.0, Max: 0.0, Diff: 0.0, Sum: 0.0]
      [Object Copy (ms): Min: 3.6, Avg: 3.7, Max: 4.1, Diff: 0.5, Sum: 37.1]
      [Termination (ms): Min: 0.0, Avg: 0.5, Max: 0.7, Diff: 0.7, Sum: 5.1]
         [Termination Attempts: Min: 1, Avg: 1.0, Max: 1, Diff: 0, Sum: 10]
      [GC Worker Other (ms): Min: 0.0, Avg: 0.0, Max: 0.0, Diff: 0.0, Sum: 0.1]
      [GC Worker Total (ms): Min: 4.6, Avg: 4.7, Max: 4.9, Diff: 0.3, Sum: 47.5]
      [GC Worker End (ms): Min: 1048.4, Avg: 1048.5, Max: 1048.6, Diff: 0.2]
   [Code Root Fixup: 0.0 ms]
   [Code Root Purge: 0.0 ms]
   [Clear CT: 0.3 ms]
   [Other: 1.3 ms]
      [Choose CSet: 0.0 ms]
      [Ref Proc: 0.9 ms]
      [Ref Enq: 0.0 ms]
      [Redirty Cards: 0.1 ms]
      [Humongous Register: 0.1 ms]
      [Humongous Reclaim: 0.0 ms]
      [Free CSet: 0.1 ms]
   [Eden: 21.0M(21.0M)->0.0B(21.0M) Survivors: 4096.0K->4096.0K Heap: 408.3M(512.0M)->367.2M(512.0M)]
 [Times: user=0.05 sys=0.00, real=0.01 secs] 
2021-01-19T10:10:17.825-0800: 1.055: [GC pause (G1 Evacuation Pause) (mixed), 0.0030342 secs]
   [Parallel Time: 2.4 ms, GC Workers: 10]
      [GC Worker Start (ms): Min: 1055.3, Avg: 1055.3, Max: 1055.4, Diff: 0.1]
      [Ext Root Scanning (ms): Min: 0.1, Avg: 0.1, Max: 0.2, Diff: 0.1, Sum: 1.1]
      [Update RS (ms): Min: 0.4, Avg: 0.5, Max: 0.8, Diff: 0.4, Sum: 5.2]
         [Processed Buffers: Min: 1, Avg: 5.3, Max: 7, Diff: 6, Sum: 53]
      [Scan RS (ms): Min: 0.0, Avg: 0.0, Max: 0.0, Diff: 0.0, Sum: 0.1]
      [Code Root Scanning (ms): Min: 0.0, Avg: 0.0, Max: 0.0, Diff: 0.0, Sum: 0.0]
      [Object Copy (ms): Min: 0.8, Avg: 1.2, Max: 1.5, Diff: 0.7, Sum: 11.8]
      [Termination (ms): Min: 0.0, Avg: 0.4, Max: 0.5, Diff: 0.5, Sum: 3.8]
         [Termination Attempts: Min: 1, Avg: 1.0, Max: 1, Diff: 0, Sum: 10]
      [GC Worker Other (ms): Min: 0.0, Avg: 0.0, Max: 0.0, Diff: 0.0, Sum: 0.1]
      [GC Worker Total (ms): Min: 2.1, Avg: 2.2, Max: 2.3, Diff: 0.2, Sum: 22.1]
      [GC Worker End (ms): Min: 1057.5, Avg: 1057.6, Max: 1057.6, Diff: 0.1]
   [Code Root Fixup: 0.0 ms]
   [Code Root Purge: 0.0 ms]
   [Clear CT: 0.2 ms]
   [Other: 0.5 ms]
      [Choose CSet: 0.0 ms]
      [Ref Proc: 0.2 ms]
      [Ref Enq: 0.0 ms]
      [Redirty Cards: 0.1 ms]
      [Humongous Register: 0.1 ms]
      [Humongous Reclaim: 0.0 ms]
      [Free CSet: 0.0 ms]
   [Eden: 21.0M(21.0M)->0.0B(25.0M) Survivors: 4096.0K->4096.0K Heap: 393.3M(512.0M)->370.5M(512.0M)]
 [Times: user=0.02 sys=0.00, real=0.00 secs] 
2021-01-19T10:10:17.828-0800: 1.058: [GC pause (G1 Humongous Allocation) (young) (initial-mark), 0.0025600 secs]
   [Parallel Time: 1.6 ms, GC Workers: 10]
      [GC Worker Start (ms): Min: 1058.6, Avg: 1058.6, Max: 1058.7, Diff: 0.1]
      [Ext Root Scanning (ms): Min: 0.1, Avg: 0.1, Max: 0.2, Diff: 0.1, Sum: 1.4]
      [Update RS (ms): Min: 0.1, Avg: 0.1, Max: 0.2, Diff: 0.1, Sum: 1.3]
         [Processed Buffers: Min: 0, Avg: 1.1, Max: 2, Diff: 2, Sum: 11]
      [Scan RS (ms): Min: 0.0, Avg: 0.0, Max: 0.0, Diff: 0.0, Sum: 0.0]
      [Code Root Scanning (ms): Min: 0.0, Avg: 0.0, Max: 0.0, Diff: 0.0, Sum: 0.0]
      [Object Copy (ms): Min: 0.5, Avg: 0.7, Max: 1.0, Diff: 0.5, Sum: 7.3]
      [Termination (ms): Min: 0.0, Avg: 0.4, Max: 0.5, Diff: 0.5, Sum: 3.6]
         [Termination Attempts: Min: 1, Avg: 1.0, Max: 1, Diff: 0, Sum: 10]
      [GC Worker Other (ms): Min: 0.0, Avg: 0.0, Max: 0.0, Diff: 0.0, Sum: 0.1]
      [GC Worker Total (ms): Min: 1.2, Avg: 1.4, Max: 1.5, Diff: 0.2, Sum: 13.8]
      [GC Worker End (ms): Min: 1059.9, Avg: 1060.0, Max: 1060.1, Diff: 0.2]
   [Code Root Fixup: 0.0 ms]
   [Code Root Purge: 0.0 ms]
   [Clear CT: 0.1 ms]
   [Other: 0.8 ms]
      [Choose CSet: 0.0 ms]
      [Ref Proc: 0.3 ms]
      [Ref Enq: 0.0 ms]
      [Redirty Cards: 0.1 ms]
      [Humongous Register: 0.1 ms]
      [Humongous Reclaim: 0.1 ms]
      [Free CSet: 0.1 ms]
   [Eden: 1024.0K(25.0M)->0.0B(24.0M) Survivors: 4096.0K->1024.0K Heap: 371.2M(512.0M)->370.3M(512.0M)]
 [Times: user=0.01 sys=0.01, real=0.01 secs] 
2021-01-19T10:10:17.831-0800: 1.061: [GC concurrent-root-region-scan-start]
2021-01-19T10:10:17.831-0800: 1.061: [GC concurrent-root-region-scan-end, 0.0001083 secs]
2021-01-19T10:10:17.831-0800: 1.061: [GC concurrent-mark-start]
2021-01-19T10:10:17.833-0800: 1.064: [GC concurrent-mark-end, 0.0023935 secs]
2021-01-19T10:10:17.833-0800: 1.064: [GC remark 2021-01-19T10:10:17.833-0800: 1.064: [Finalize Marking, 0.0001946 secs] 2021-01-19T10:10:17.834-0800: 1.064: [GC ref-proc, 0.0000646 secs] 2021-01-19T10:10:17.834-0800: 1.064: [Unloading, 0.0004647 secs], 0.0013128 secs]
 [Times: user=0.01 sys=0.00, real=0.00 secs] 
2021-01-19T10:10:17.835-0800: 1.065: [GC cleanup 378M->378M(512M), 0.0008980 secs]
 [Times: user=0.00 sys=0.00, real=0.00 secs] 
2021-01-19T10:10:17.839-0800: 1.070: [GC pause (G1 Evacuation Pause) (young), 0.0037286 secs]
   [Parallel Time: 2.6 ms, GC Workers: 10]
      [GC Worker Start (ms): Min: 1069.7, Avg: 1069.7, Max: 1069.9, Diff: 0.3]
      [Ext Root Scanning (ms): Min: 0.0, Avg: 0.1, Max: 0.2, Diff: 0.2, Sum: 1.3]
      [Update RS (ms): Min: 0.7, Avg: 0.8, Max: 0.8, Diff: 0.1, Sum: 7.8]
         [Processed Buffers: Min: 3, Avg: 8.4, Max: 10, Diff: 7, Sum: 84]
      [Scan RS (ms): Min: 0.0, Avg: 0.0, Max: 0.0, Diff: 0.0, Sum: 0.0]
      [Code Root Scanning (ms): Min: 0.0, Avg: 0.0, Max: 0.0, Diff: 0.0, Sum: 0.0]
      [Object Copy (ms): Min: 0.6, Avg: 0.7, Max: 1.3, Diff: 0.7, Sum: 7.3]
      [Termination (ms): Min: 0.0, Avg: 0.6, Max: 0.7, Diff: 0.7, Sum: 6.2]
         [Termination Attempts: Min: 1, Avg: 1.0, Max: 1, Diff: 0, Sum: 10]
      [GC Worker Other (ms): Min: 0.0, Avg: 0.0, Max: 0.0, Diff: 0.0, Sum: 0.1]
      [GC Worker Total (ms): Min: 2.0, Avg: 2.3, Max: 2.5, Diff: 0.5, Sum: 22.8]
      [GC Worker End (ms): Min: 1071.9, Avg: 1072.0, Max: 1072.2, Diff: 0.2]
   [Code Root Fixup: 0.0 ms]
   [Code Root Purge: 0.0 ms]
   [Clear CT: 0.1 ms]
   [Other: 1.0 ms]
      [Choose CSet: 0.0 ms]
      [Ref Proc: 0.6 ms]
      [Ref Enq: 0.0 ms]
      [Redirty Cards: 0.2 ms]
      [Humongous Register: 0.1 ms]
      [Humongous Reclaim: 0.0 ms]
      [Free CSet: 0.0 ms]
   [Eden: 24.0M(24.0M)->0.0B(21.0M) Survivors: 1024.0K->4096.0K Heap: 403.4M(512.0M)->383.0M(512.0M)]
 [Times: user=0.02 sys=0.00, real=0.01 secs] 
2021-01-19T10:10:17.847-0800: 1.077: [GC pause (G1 Evacuation Pause) (mixed), 0.0065585 secs]
   [Parallel Time: 5.1 ms, GC Workers: 10]
      [GC Worker Start (ms): Min: 1077.2, Avg: 1077.3, Max: 1077.4, Diff: 0.2]
      [Ext Root Scanning (ms): Min: 0.0, Avg: 0.1, Max: 0.2, Diff: 0.2, Sum: 1.2]
      [Update RS (ms): Min: 0.4, Avg: 0.5, Max: 0.6, Diff: 0.2, Sum: 5.1]
         [Processed Buffers: Min: 2, Avg: 5.3, Max: 7, Diff: 5, Sum: 53]
      [Scan RS (ms): Min: 0.0, Avg: 0.0, Max: 0.1, Diff: 0.1, Sum: 0.3]
      [Code Root Scanning (ms): Min: 0.0, Avg: 0.0, Max: 0.0, Diff: 0.0, Sum: 0.0]
      [Object Copy (ms): Min: 3.6, Avg: 3.7, Max: 4.0, Diff: 0.5, Sum: 36.9]
      [Termination (ms): Min: 0.0, Avg: 0.5, Max: 0.7, Diff: 0.7, Sum: 5.3]
         [Termination Attempts: Min: 1, Avg: 1.0, Max: 1, Diff: 0, Sum: 10]
      [GC Worker Other (ms): Min: 0.0, Avg: 0.0, Max: 0.0, Diff: 0.0, Sum: 0.1]
      [GC Worker Total (ms): Min: 4.7, Avg: 4.9, Max: 5.0, Diff: 0.3, Sum: 48.9]
      [GC Worker End (ms): Min: 1082.1, Avg: 1082.2, Max: 1082.3, Diff: 0.2]
   [Code Root Fixup: 0.0 ms]
   [Code Root Purge: 0.0 ms]
   [Clear CT: 0.2 ms]
   [Other: 1.3 ms]
      [Choose CSet: 0.0 ms]
      [Ref Proc: 0.9 ms]
      [Ref Enq: 0.0 ms]
      [Redirty Cards: 0.2 ms]
      [Humongous Register: 0.1 ms]
      [Humongous Reclaim: 0.0 ms]
      [Free CSet: 0.1 ms]
   [Eden: 21.0M(21.0M)->0.0B(21.0M) Survivors: 4096.0K->4096.0K Heap: 409.3M(512.0M)->374.9M(512.0M)]
 [Times: user=0.04 sys=0.00, real=0.01 secs] 
2021-01-19T10:10:17.853-0800: 1.084: [GC pause (G1 Humongous Allocation) (young) (initial-mark), 0.0021906 secs]
   [Parallel Time: 1.4 ms, GC Workers: 10]
      [GC Worker Start (ms): Min: 1084.1, Avg: 1084.2, Max: 1084.3, Diff: 0.2]
      [Ext Root Scanning (ms): Min: 0.0, Avg: 0.2, Max: 0.3, Diff: 0.3, Sum: 1.9]
      [Update RS (ms): Min: 0.0, Avg: 0.1, Max: 0.3, Diff: 0.3, Sum: 0.9]
         [Processed Buffers: Min: 0, Avg: 1.1, Max: 3, Diff: 3, Sum: 11]
      [Scan RS (ms): Min: 0.0, Avg: 0.0, Max: 0.0, Diff: 0.0, Sum: 0.0]
      [Code Root Scanning (ms): Min: 0.0, Avg: 0.0, Max: 0.0, Diff: 0.0, Sum: 0.0]
      [Object Copy (ms): Min: 0.0, Avg: 0.3, Max: 0.8, Diff: 0.8, Sum: 3.0]
      [Termination (ms): Min: 0.0, Avg: 0.6, Max: 0.7, Diff: 0.7, Sum: 6.3]
         [Termination Attempts: Min: 1, Avg: 1.3, Max: 2, Diff: 1, Sum: 13]
      [GC Worker Other (ms): Min: 0.0, Avg: 0.0, Max: 0.0, Diff: 0.0, Sum: 0.1]
      [GC Worker Total (ms): Min: 1.1, Avg: 1.2, Max: 1.4, Diff: 0.3, Sum: 12.1]
      [GC Worker End (ms): Min: 1085.4, Avg: 1085.4, Max: 1085.5, Diff: 0.1]
   [Code Root Fixup: 0.0 ms]
   [Code Root Purge: 0.0 ms]
   [Clear CT: 0.2 ms]
   [Other: 0.6 ms]
      [Choose CSet: 0.0 ms]
      [Ref Proc: 0.2 ms]
      [Ref Enq: 0.0 ms]
      [Redirty Cards: 0.2 ms]
      [Humongous Register: 0.1 ms]
      [Humongous Reclaim: 0.0 ms]
      [Free CSet: 0.0 ms]
   [Eden: 1024.0K(21.0M)->0.0B(24.0M) Survivors: 4096.0K->1024.0K Heap: 375.6M(512.0M)->374.7M(512.0M)]
 [Times: user=0.01 sys=0.00, real=0.00 secs] 
2021-01-19T10:10:17.856-0800: 1.086: [GC concurrent-root-region-scan-start]
2021-01-19T10:10:17.856-0800: 1.086: [GC concurrent-root-region-scan-end, 0.0001173 secs]
2021-01-19T10:10:17.856-0800: 1.086: [GC concurrent-mark-start]
2021-01-19T10:10:17.857-0800: 1.088: [GC concurrent-mark-end, 0.0011928 secs]
2021-01-19T10:10:17.857-0800: 1.088: [GC remark 2021-01-19T10:10:17.857-0800: 1.088: [Finalize Marking, 0.0003685 secs] 2021-01-19T10:10:17.858-0800: 1.088: [GC ref-proc, 0.0000666 secs] 2021-01-19T10:10:17.858-0800: 1.088: [Unloading, 0.0005856 secs], 0.0017737 secs]
 [Times: user=0.01 sys=0.00, real=0.00 secs] 
2021-01-19T10:10:17.859-0800: 1.090: [GC cleanup 382M->382M(512M), 0.0007662 secs]
 [Times: user=0.00 sys=0.00, real=0.01 secs] 
2021-01-19T10:10:17.867-0800: 1.098: [GC pause (G1 Evacuation Pause) (young), 0.0030869 secs]
   [Parallel Time: 1.6 ms, GC Workers: 10]
      [GC Worker Start (ms): Min: 1097.8, Avg: 1097.9, Max: 1098.0, Diff: 0.2]
      [Ext Root Scanning (ms): Min: 0.0, Avg: 0.1, Max: 0.2, Diff: 0.2, Sum: 1.2]
      [Update RS (ms): Min: 0.5, Avg: 0.5, Max: 0.5, Diff: 0.1, Sum: 5.1]
         [Processed Buffers: Min: 2, Avg: 5.8, Max: 7, Diff: 5, Sum: 58]
      [Scan RS (ms): Min: 0.0, Avg: 0.0, Max: 0.0, Diff: 0.0, Sum: 0.0]
      [Code Root Scanning (ms): Min: 0.0, Avg: 0.0, Max: 0.0, Diff: 0.0, Sum: 0.0]
      [Object Copy (ms): Min: 0.5, Avg: 0.6, Max: 0.7, Diff: 0.1, Sum: 6.4]
      [Termination (ms): Min: 0.0, Avg: 0.1, Max: 0.1, Diff: 0.1, Sum: 0.6]
         [Termination Attempts: Min: 1, Avg: 1.1, Max: 2, Diff: 1, Sum: 11]
      [GC Worker Other (ms): Min: 0.0, Avg: 0.0, Max: 0.0, Diff: 0.0, Sum: 0.1]
      [GC Worker Total (ms): Min: 1.2, Avg: 1.3, Max: 1.4, Diff: 0.2, Sum: 13.4]
      [GC Worker End (ms): Min: 1099.2, Avg: 1099.2, Max: 1099.3, Diff: 0.1]
   [Code Root Fixup: 0.0 ms]
   [Code Root Purge: 0.0 ms]
   [Clear CT: 0.2 ms]
   [Other: 1.3 ms]
      [Choose CSet: 0.0 ms]
      [Ref Proc: 0.9 ms]
      [Ref Enq: 0.0 ms]
      [Redirty Cards: 0.2 ms]
      [Humongous Register: 0.1 ms]
      [Humongous Reclaim: 0.0 ms]
      [Free CSet: 0.0 ms]
   [Eden: 24.0M(24.0M)->0.0B(21.0M) Survivors: 1024.0K->4096.0K Heap: 404.6M(512.0M)->385.1M(512.0M)]
 [Times: user=0.02 sys=0.00, real=0.01 secs] 
2021-01-19T10:10:17.874-0800: 1.104: [GC pause (G1 Evacuation Pause) (mixed), 0.0063504 secs]
   [Parallel Time: 4.5 ms, GC Workers: 10]
      [GC Worker Start (ms): Min: 1104.5, Avg: 1104.5, Max: 1104.6, Diff: 0.1]
      [Ext Root Scanning (ms): Min: 0.1, Avg: 0.1, Max: 0.2, Diff: 0.1, Sum: 1.3]
      [Update RS (ms): Min: 0.2, Avg: 0.2, Max: 0.2, Diff: 0.0, Sum: 2.3]
         [Processed Buffers: Min: 2, Avg: 2.9, Max: 3, Diff: 1, Sum: 29]
      [Scan RS (ms): Min: 0.0, Avg: 0.0, Max: 0.1, Diff: 0.0, Sum: 0.3]
      [Code Root Scanning (ms): Min: 0.0, Avg: 0.0, Max: 0.0, Diff: 0.0, Sum: 0.0]
      [Object Copy (ms): Min: 3.1, Avg: 3.2, Max: 3.9, Diff: 0.7, Sum: 32.4]
      [Termination (ms): Min: 0.0, Avg: 0.6, Max: 0.8, Diff: 0.8, Sum: 6.3]
         [Termination Attempts: Min: 1, Avg: 1.0, Max: 1, Diff: 0, Sum: 10]
      [GC Worker Other (ms): Min: 0.0, Avg: 0.0, Max: 0.0, Diff: 0.0, Sum: 0.1]
      [GC Worker Total (ms): Min: 4.2, Avg: 4.3, Max: 4.3, Diff: 0.1, Sum: 42.7]
      [GC Worker End (ms): Min: 1108.8, Avg: 1108.8, Max: 1108.8, Diff: 0.1]
   [Code Root Fixup: 0.0 ms]
   [Code Root Purge: 0.0 ms]
   [Clear CT: 0.2 ms]
   [Other: 1.6 ms]
      [Choose CSet: 0.0 ms]
      [Ref Proc: 1.0 ms]
      [Ref Enq: 0.0 ms]
      [Redirty Cards: 0.2 ms]
      [Humongous Register: 0.1 ms]
      [Humongous Reclaim: 0.1 ms]
      [Free CSet: 0.2 ms]
   [Eden: 21.0M(21.0M)->0.0B(21.0M) Survivors: 4096.0K->4096.0K Heap: 408.4M(512.0M)->376.8M(512.0M)]
 [Times: user=0.05 sys=0.00, real=0.01 secs] 
2021-01-19T10:10:17.881-0800: 1.112: [GC pause (G1 Humongous Allocation) (young) (initial-mark), 0.0025217 secs]
   [Parallel Time: 1.5 ms, GC Workers: 10]
      [GC Worker Start (ms): Min: 1111.9, Avg: 1111.9, Max: 1112.0, Diff: 0.1]
      [Ext Root Scanning (ms): Min: 0.1, Avg: 0.1, Max: 0.2, Diff: 0.1, Sum: 1.4]
      [Update RS (ms): Min: 0.0, Avg: 0.1, Max: 0.2, Diff: 0.2, Sum: 1.5]
         [Processed Buffers: Min: 1, Avg: 1.1, Max: 2, Diff: 1, Sum: 11]
      [Scan RS (ms): Min: 0.0, Avg: 0.0, Max: 0.0, Diff: 0.0, Sum: 0.0]
      [Code Root Scanning (ms): Min: 0.0, Avg: 0.0, Max: 0.0, Diff: 0.0, Sum: 0.0]
      [Object Copy (ms): Min: 0.5, Avg: 0.6, Max: 0.8, Diff: 0.3, Sum: 6.4]
      [Termination (ms): Min: 0.0, Avg: 0.3, Max: 0.5, Diff: 0.5, Sum: 3.2]
         [Termination Attempts: Min: 1, Avg: 1.0, Max: 1, Diff: 0, Sum: 10]
      [GC Worker Other (ms): Min: 0.0, Avg: 0.0, Max: 0.0, Diff: 0.0, Sum: 0.1]
      [GC Worker Total (ms): Min: 1.2, Avg: 1.3, Max: 1.4, Diff: 0.2, Sum: 12.6]
      [GC Worker End (ms): Min: 1113.1, Avg: 1113.2, Max: 1113.3, Diff: 0.2]
   [Code Root Fixup: 0.0 ms]
   [Code Root Purge: 0.0 ms]
   [Clear CT: 0.1 ms]
   [Other: 0.8 ms]
      [Choose CSet: 0.0 ms]
      [Ref Proc: 0.3 ms]
      [Ref Enq: 0.0 ms]
      [Redirty Cards: 0.2 ms]
      [Humongous Register: 0.1 ms]
      [Humongous Reclaim: 0.1 ms]
      [Free CSet: 0.1 ms]
   [Eden: 4096.0K(21.0M)->0.0B(23.0M) Survivors: 4096.0K->2048.0K Heap: 380.7M(512.0M)->378.0M(512.0M)]
 [Times: user=0.01 sys=0.00, real=0.00 secs] 
2021-01-19T10:10:17.884-0800: 1.115: [GC concurrent-root-region-scan-start]
2021-01-19T10:10:17.884-0800: 1.115: [GC concurrent-root-region-scan-end, 0.0002976 secs]
2021-01-19T10:10:17.884-0800: 1.115: [GC concurrent-mark-start]
2021-01-19T10:10:17.887-0800: 1.118: [GC concurrent-mark-end, 0.0030109 secs]
2021-01-19T10:10:17.888-0800: 1.118: [GC remark 2021-01-19T10:10:17.888-0800: 1.118: [Finalize Marking, 0.0011296 secs] 2021-01-19T10:10:17.889-0800: 1.120: [GC ref-proc, 0.0000938 secs] 2021-01-19T10:10:17.889-0800: 1.120: [Unloading, 0.0008834 secs], 0.0030968 secs]
 [Times: user=0.02 sys=0.00, real=0.01 secs] 
2021-01-19T10:10:17.891-0800: 1.122: [GC cleanup 387M->387M(512M), 0.0015297 secs]
 [Times: user=0.00 sys=0.00, real=0.00 secs] 
2021-01-19T10:10:17.900-0800: 1.131: [GC pause (G1 Evacuation Pause) (young), 0.0037508 secs]
   [Parallel Time: 2.5 ms, GC Workers: 10]
      [GC Worker Start (ms): Min: 1131.3, Avg: 1131.4, Max: 1131.5, Diff: 0.3]
      [Ext Root Scanning (ms): Min: 0.1, Avg: 0.2, Max: 0.3, Diff: 0.3, Sum: 1.8]
      [Update RS (ms): Min: 0.8, Avg: 0.9, Max: 0.9, Diff: 0.0, Sum: 8.6]
         [Processed Buffers: Min: 7, Avg: 8.3, Max: 9, Diff: 2, Sum: 83]
      [Scan RS (ms): Min: 0.0, Avg: 0.0, Max: 0.0, Diff: 0.0, Sum: 0.0]
      [Code Root Scanning (ms): Min: 0.0, Avg: 0.0, Max: 0.0, Diff: 0.0, Sum: 0.0]
      [Object Copy (ms): Min: 0.9, Avg: 1.0, Max: 1.0, Diff: 0.1, Sum: 9.6]
      [Termination (ms): Min: 0.0, Avg: 0.1, Max: 0.2, Diff: 0.2, Sum: 1.1]
         [Termination Attempts: Min: 1, Avg: 1.0, Max: 1, Diff: 0, Sum: 10]
      [GC Worker Other (ms): Min: 0.0, Avg: 0.0, Max: 0.0, Diff: 0.0, Sum: 0.2]
      [GC Worker Total (ms): Min: 2.0, Avg: 2.1, Max: 2.3, Diff: 0.3, Sum: 21.3]
      [GC Worker End (ms): Min: 1133.5, Avg: 1133.6, Max: 1133.6, Diff: 0.1]
   [Code Root Fixup: 0.0 ms]
   [Code Root Purge: 0.0 ms]
   [Clear CT: 0.2 ms]
   [Other: 1.1 ms]
      [Choose CSet: 0.0 ms]
      [Ref Proc: 0.3 ms]
      [Ref Enq: 0.0 ms]
      [Redirty Cards: 0.2 ms]
      [Humongous Register: 0.2 ms]
      [Humongous Reclaim: 0.1 ms]
      [Free CSet: 0.1 ms]
   [Eden: 23.0M(23.0M)->0.0B(21.0M) Survivors: 2048.0K->4096.0K Heap: 410.3M(512.0M)->391.1M(512.0M)]
 [Times: user=0.03 sys=0.00, real=0.00 secs] 
2021-01-19T10:10:17.912-0800: 1.142: [GC pause (G1 Evacuation Pause) (mixed) (to-space exhausted), 0.0063124 secs]
   [Parallel Time: 4.6 ms, GC Workers: 10]
      [GC Worker Start (ms): Min: 1142.5, Avg: 1142.7, Max: 1143.7, Diff: 1.2]
      [Ext Root Scanning (ms): Min: 0.0, Avg: 0.1, Max: 0.2, Diff: 0.2, Sum: 1.1]
      [Update RS (ms): Min: 0.0, Avg: 0.8, Max: 1.0, Diff: 1.0, Sum: 8.0]
         [Processed Buffers: Min: 0, Avg: 8.7, Max: 11, Diff: 11, Sum: 87]
      [Scan RS (ms): Min: 0.0, Avg: 0.0, Max: 0.1, Diff: 0.1, Sum: 0.3]
      [Code Root Scanning (ms): Min: 0.0, Avg: 0.0, Max: 0.0, Diff: 0.0, Sum: 0.0]
      [Object Copy (ms): Min: 2.3, Avg: 2.6, Max: 3.1, Diff: 0.8, Sum: 25.7]
      [Termination (ms): Min: 0.0, Avg: 0.6, Max: 0.9, Diff: 0.9, Sum: 5.9]
         [Termination Attempts: Min: 1, Avg: 1.0, Max: 1, Diff: 0, Sum: 10]
      [GC Worker Other (ms): Min: 0.0, Avg: 0.0, Max: 0.0, Diff: 0.0, Sum: 0.1]
      [GC Worker Total (ms): Min: 3.1, Avg: 4.1, Max: 4.4, Diff: 1.3, Sum: 41.1]
      [GC Worker End (ms): Min: 1146.8, Avg: 1146.8, Max: 1147.0, Diff: 0.2]
   [Code Root Fixup: 0.0 ms]
   [Code Root Purge: 0.0 ms]
   [Clear CT: 0.2 ms]
   [Other: 1.6 ms]
      [Evacuation Failure: 0.2 ms]
      [Choose CSet: 0.0 ms]
      [Ref Proc: 0.9 ms]
      [Ref Enq: 0.0 ms]
      [Redirty Cards: 0.2 ms]
      [Humongous Register: 0.1 ms]
      [Humongous Reclaim: 0.0 ms]
      [Free CSet: 0.0 ms]
   [Eden: 21.0M(21.0M)->0.0B(21.0M) Survivors: 4096.0K->4096.0K Heap: 421.5M(512.0M)->420.6M(512.0M)]
 [Times: user=0.04 sys=0.01, real=0.00 secs] 
Heap
 garbage-first heap   total 524288K, used 430726K [0x00000007a0000000, 0x00000007a0101000, 0x00000007c0000000)
  region size 1024K, 5 young (5120K), 4 survivors (4096K)
 Metaspace       used 3235K, capacity 4500K, committed 4864K, reserved 1056768K
  class space    used 358K, capacity 388K, committed 512K, reserved 1048576K
