Java HotSpot(TM) 64-Bit Server VM (25.261-b12) for bsd-amd64 JRE (1.8.0_261-b12), built on Jun 18 2020 06:38:55 by "java_re" with gcc 4.2.1 Compatible Apple LLVM 10.0.0 (clang-1000.11.45.5)
Memory: 4k page, physical 16777216k(1153272k free)

/proc/meminfo:

CommandLine flags: -XX:InitialHeapSize=536870912 -XX:MaxHeapSize=536870912 -XX:+PrintGC -XX:+PrintGCDateStamps -XX:+PrintGCDetails -XX:+PrintGCTimeStamps -XX:+UseCompressedClassPointers -XX:+UseCompressedOops -XX:+UseSerialGC 
2021-01-19T10:05:57.227-0800: 0.349: [GC (Allocation Failure) 2021-01-19T10:05:57.227-0800: 0.349: [DefNew: 139776K->17472K(157248K), 0.0644076 secs] 139776K->43804K(506816K), 0.0646895 secs] [Times: user=0.03 sys=0.03, real=0.07 secs] 
2021-01-19T10:05:57.325-0800: 0.447: [GC (Allocation Failure) 2021-01-19T10:05:57.325-0800: 0.448: [DefNew: 157248K->17470K(157248K), 0.0511585 secs] 183580K->89103K(506816K), 0.0513965 secs] [Times: user=0.03 sys=0.02, real=0.05 secs] 
2021-01-19T10:05:57.402-0800: 0.524: [GC (Allocation Failure) 2021-01-19T10:05:57.402-0800: 0.524: [DefNew: 157174K->17471K(157248K), 0.0271577 secs] 228806K->131677K(506816K), 0.0272455 secs] [Times: user=0.01 sys=0.01, real=0.02 secs] 
2021-01-19T10:05:57.447-0800: 0.569: [GC (Allocation Failure) 2021-01-19T10:05:57.447-0800: 0.569: [DefNew: 157247K->17470K(157248K), 0.0413776 secs] 271453K->173054K(506816K), 0.0414912 secs] [Times: user=0.02 sys=0.02, real=0.04 secs] 
2021-01-19T10:05:57.533-0800: 0.655: [GC (Allocation Failure) 2021-01-19T10:05:57.533-0800: 0.655: [DefNew: 157246K->17471K(157248K), 0.0635740 secs] 312830K->220361K(506816K), 0.0637559 secs] [Times: user=0.03 sys=0.03, real=0.06 secs] 
2021-01-19T10:05:57.633-0800: 0.756: [GC (Allocation Failure) 2021-01-19T10:05:57.633-0800: 0.756: [DefNew: 157247K->17471K(157248K), 0.0274360 secs] 360137K->263298K(506816K), 0.0275227 secs] [Times: user=0.02 sys=0.01, real=0.03 secs] 
2021-01-19T10:05:57.678-0800: 0.800: [GC (Allocation Failure) 2021-01-19T10:05:57.678-0800: 0.800: [DefNew: 157247K->17470K(157248K), 0.0292088 secs] 403074K->311366K(506816K), 0.0292906 secs] [Times: user=0.02 sys=0.02, real=0.03 secs] 
2021-01-19T10:05:57.724-0800: 0.846: [GC (Allocation Failure) 2021-01-19T10:05:57.724-0800: 0.846: [DefNew: 157246K->17471K(157248K), 0.0256656 secs] 451142K->354410K(506816K), 0.0257431 secs] [Times: user=0.01 sys=0.01, real=0.03 secs] 
2021-01-19T10:05:57.769-0800: 0.891: [GC (Allocation Failure) 2021-01-19T10:05:57.769-0800: 0.891: [DefNew: 157247K->157247K(157248K), 0.0000194 secs]2021-01-19T10:05:57.769-0800: 0.891: [Tenured: 336939K->268160K(349568K), 0.0415613 secs] 494186K->268160K(506816K), [Metaspace: 3228K->3228K(1056768K)], 0.0416926 secs] [Times: user=0.04 sys=0.00, real=0.05 secs] 
2021-01-19T10:05:57.835-0800: 0.957: [GC (Allocation Failure) 2021-01-19T10:05:57.835-0800: 0.957: [DefNew: 139776K->17471K(157248K), 0.0075523 secs] 407936K->315049K(506816K), 0.0076401 secs] [Times: user=0.01 sys=0.00, real=0.01 secs] 
2021-01-19T10:05:57.860-0800: 0.983: [GC (Allocation Failure) 2021-01-19T10:05:57.860-0800: 0.983: [DefNew: 157247K->17471K(157248K), 0.0087046 secs] 454825K->354856K(506816K), 0.0087827 secs] [Times: user=0.00 sys=0.00, real=0.00 secs] 
2021-01-19T10:05:57.887-0800: 1.009: [GC (Allocation Failure) 2021-01-19T10:05:57.887-0800: 1.009: [DefNew: 157247K->157247K(157248K), 0.0000167 secs]2021-01-19T10:05:57.887-0800: 1.009: [Tenured: 337384K->300289K(349568K), 0.0428408 secs] 494632K->300289K(506816K), [Metaspace: 3228K->3228K(1056768K)], 0.0429546 secs] [Times: user=0.04 sys=0.00, real=0.05 secs] 
2021-01-19T10:05:57.947-0800: 1.070: [GC (Allocation Failure) 2021-01-19T10:05:57.947-0800: 1.070: [DefNew: 139776K->17471K(157248K), 0.0118610 secs] 440065K->350921K(506816K), 0.0119485 secs] [Times: user=0.01 sys=0.00, real=0.01 secs] 
2021-01-19T10:05:57.993-0800: 1.115: [GC (Allocation Failure) 2021-01-19T10:05:57.993-0800: 1.115: [DefNew: 157247K->157247K(157248K), 0.0000223 secs]2021-01-19T10:05:57.993-0800: 1.115: [Tenured: 333449K->320673K(349568K), 0.0788755 secs] 490697K->320673K(506816K), [Metaspace: 3228K->3228K(1056768K)], 0.0791029 secs] [Times: user=0.07 sys=0.00, real=0.08 secs] 
Heap
 def new generation   total 157248K, used 8443K [0x00000007a0000000, 0x00000007aaaa0000, 0x00000007aaaa0000)
  eden space 139776K,   6% used [0x00000007a0000000, 0x00000007a083efa8, 0x00000007a8880000)
  from space 17472K,   0% used [0x00000007a9990000, 0x00000007a9990000, 0x00000007aaaa0000)
  to   space 17472K,   0% used [0x00000007a8880000, 0x00000007a8880000, 0x00000007a9990000)
 tenured generation   total 349568K, used 320673K [0x00000007aaaa0000, 0x00000007c0000000, 0x00000007c0000000)
   the space 349568K,  91% used [0x00000007aaaa0000, 0x00000007be3c8510, 0x00000007be3c8600, 0x00000007c0000000)
 Metaspace       used 3240K, capacity 4500K, committed 4864K, reserved 1056768K
  class space    used 359K, capacity 388K, committed 512K, reserved 1048576K
