Java HotSpot(TM) 64-Bit Server VM (25.261-b12) for bsd-amd64 JRE (1.8.0_261-b12), built on Jun 18 2020 06:38:55 by "java_re" with gcc 4.2.1 Compatible Apple LLVM 10.0.0 (clang-1000.11.45.5)
Memory: 4k page, physical 16777216k(925240k free)

/proc/meminfo:

CommandLine flags: -XX:InitialHeapSize=536870912 -XX:MaxHeapSize=536870912 -XX:MaxNewSize=178958336 -XX:MaxTenuringThreshold=6 -XX:NewSize=178958336 -XX:OldPLABSize=16 -XX:OldSize=357912576 -XX:+PrintGC -XX:+PrintGCDateStamps -XX:+PrintGCDetails -XX:+PrintGCTimeStamps -XX:+UseCompressedClassPointers -XX:+UseCompressedOops -XX:+UseConcMarkSweepGC -XX:+UseParNewGC 
2021-01-19T10:09:07.607-0800: 0.360: [GC (Allocation Failure) 2021-01-19T10:09:07.608-0800: 0.361: [ParNew: 139776K->17472K(157248K), 0.0553898 secs] 139776K->46444K(506816K), 0.0560849 secs] [Times: user=0.07 sys=0.19, real=0.06 secs] 
2021-01-19T10:09:07.711-0800: 0.464: [GC (Allocation Failure) 2021-01-19T10:09:07.712-0800: 0.464: [ParNew: 157248K->17472K(157248K), 0.0461240 secs] 186220K->94364K(506816K), 0.0462435 secs] [Times: user=0.09 sys=0.22, real=0.04 secs] 
2021-01-19T10:09:07.802-0800: 0.555: [GC (Allocation Failure) 2021-01-19T10:09:07.802-0800: 0.555: [ParNew: 157248K->17471K(157248K), 0.0405881 secs] 234140K->145047K(506816K), 0.0407227 secs] [Times: user=0.20 sys=0.03, real=0.04 secs] 
2021-01-19T10:09:07.898-0800: 0.651: [GC (Allocation Failure) 2021-01-19T10:09:07.898-0800: 0.651: [ParNew: 157247K->17470K(157248K), 0.0361932 secs] 284823K->185473K(506816K), 0.0364573 secs] [Times: user=0.18 sys=0.02, real=0.04 secs] 
2021-01-19T10:09:07.964-0800: 0.717: [GC (Allocation Failure) 2021-01-19T10:09:07.965-0800: 0.717: [ParNew: 157246K->17470K(157248K), 0.0534318 secs] 325249K->227828K(506816K), 0.0535507 secs] [Times: user=0.36 sys=0.03, real=0.05 secs] 
2021-01-19T10:09:08.018-0800: 0.771: [GC (CMS Initial Mark) [1 CMS-initial-mark: 210357K(349568K)] 231377K(506816K), 0.0003815 secs] [Times: user=0.00 sys=0.00, real=0.00 secs] 
2021-01-19T10:09:08.019-0800: 0.772: [CMS-concurrent-mark-start]
2021-01-19T10:09:08.021-0800: 0.774: [CMS-concurrent-mark: 0.002/0.002 secs] [Times: user=0.01 sys=0.01, real=0.01 secs] 
2021-01-19T10:09:08.021-0800: 0.774: [CMS-concurrent-preclean-start]
2021-01-19T10:09:08.022-0800: 0.775: [CMS-concurrent-preclean: 0.001/0.001 secs] [Times: user=0.00 sys=0.00, real=0.00 secs] 
2021-01-19T10:09:08.022-0800: 0.775: [CMS-concurrent-abortable-preclean-start]
2021-01-19T10:09:08.040-0800: 0.792: [GC (Allocation Failure) 2021-01-19T10:09:08.040-0800: 0.793: [ParNew: 157082K->17471K(157248K), 0.0344571 secs] 367439K->269648K(506816K), 0.0345479 secs] [Times: user=0.26 sys=0.02, real=0.03 secs] 
2021-01-19T10:09:08.113-0800: 0.866: [GC (Allocation Failure) 2021-01-19T10:09:08.113-0800: 0.866: [ParNew: 157247K->17470K(157248K), 0.0285498 secs] 409424K->313909K(506816K), 0.0286382 secs] [Times: user=0.22 sys=0.01, real=0.03 secs] 
2021-01-19T10:09:08.160-0800: 0.912: [GC (Allocation Failure) 2021-01-19T10:09:08.160-0800: 0.912: [ParNew: 157246K->17470K(157248K), 0.0295975 secs] 453685K->362672K(506816K), 0.0296921 secs] [Times: user=0.27 sys=0.02, real=0.02 secs] 
2021-01-19T10:09:08.189-0800: 0.942: [CMS-concurrent-abortable-preclean: 0.003/0.167 secs] [Times: user=0.82 sys=0.05, real=0.16 secs] 
2021-01-19T10:09:08.189-0800: 0.942: [GC (CMS Final Remark) [YG occupancy: 20300 K (157248 K)]2021-01-19T10:09:08.189-0800: 0.942: [Rescan (parallel) , 0.0002319 secs]2021-01-19T10:09:08.190-0800: 0.942: [weak refs processing, 0.0000190 secs]2021-01-19T10:09:08.190-0800: 0.942: [class unloading, 0.0002200 secs]2021-01-19T10:09:08.190-0800: 0.943: [scrub symbol table, 0.0003032 secs]2021-01-19T10:09:08.190-0800: 0.943: [scrub string table, 0.0001417 secs][1 CMS-remark: 345201K(349568K)] 365502K(506816K), 0.0009992 secs] [Times: user=0.01 sys=0.00, real=0.01 secs] 
2021-01-19T10:09:08.190-0800: 0.943: [CMS-concurrent-sweep-start]
2021-01-19T10:09:08.191-0800: 0.944: [CMS-concurrent-sweep: 0.001/0.001 secs] [Times: user=0.00 sys=0.00, real=0.00 secs] 
2021-01-19T10:09:08.191-0800: 0.944: [CMS-concurrent-reset-start]
2021-01-19T10:09:08.192-0800: 0.945: [CMS-concurrent-reset: 0.001/0.001 secs] [Times: user=0.00 sys=0.00, real=0.00 secs] 
2021-01-19T10:09:08.209-0800: 0.962: [GC (Allocation Failure) 2021-01-19T10:09:08.209-0800: 0.962: [ParNew: 157246K->17471K(157248K), 0.0103033 secs] 454701K->358424K(506816K), 0.0103898 secs] [Times: user=0.09 sys=0.00, real=0.02 secs] 
2021-01-19T10:09:08.220-0800: 0.973: [GC (CMS Initial Mark) [1 CMS-initial-mark: 340953K(349568K)] 361469K(506816K), 0.0002029 secs] [Times: user=0.00 sys=0.00, real=0.00 secs] 
2021-01-19T10:09:08.220-0800: 0.973: [CMS-concurrent-mark-start]
2021-01-19T10:09:08.221-0800: 0.974: [CMS-concurrent-mark: 0.001/0.001 secs] [Times: user=0.01 sys=0.00, real=0.00 secs] 
2021-01-19T10:09:08.221-0800: 0.974: [CMS-concurrent-preclean-start]
2021-01-19T10:09:08.221-0800: 0.974: [CMS-concurrent-preclean: 0.000/0.000 secs] [Times: user=0.00 sys=0.00, real=0.00 secs] 
2021-01-19T10:09:08.221-0800: 0.974: [CMS-concurrent-abortable-preclean-start]
2021-01-19T10:09:08.221-0800: 0.974: [CMS-concurrent-abortable-preclean: 0.000/0.000 secs] [Times: user=0.00 sys=0.00, real=0.00 secs] 
2021-01-19T10:09:08.221-0800: 0.974: [GC (CMS Final Remark) [YG occupancy: 25752 K (157248 K)]2021-01-19T10:09:08.221-0800: 0.974: [Rescan (parallel) , 0.0018608 secs]2021-01-19T10:09:08.223-0800: 0.976: [weak refs processing, 0.0000121 secs]2021-01-19T10:09:08.223-0800: 0.976: [class unloading, 0.0002026 secs]2021-01-19T10:09:08.224-0800: 0.976: [scrub symbol table, 0.0002986 secs]2021-01-19T10:09:08.224-0800: 0.977: [scrub string table, 0.0001417 secs][1 CMS-remark: 340953K(349568K)] 366705K(506816K), 0.0025707 secs] [Times: user=0.01 sys=0.00, real=0.00 secs] 
2021-01-19T10:09:08.224-0800: 0.977: [CMS-concurrent-sweep-start]
2021-01-19T10:09:08.225-0800: 0.978: [CMS-concurrent-sweep: 0.001/0.001 secs] [Times: user=0.00 sys=0.00, real=0.00 secs] 
2021-01-19T10:09:08.225-0800: 0.978: [CMS-concurrent-reset-start]
2021-01-19T10:09:08.225-0800: 0.978: [CMS-concurrent-reset: 0.000/0.000 secs] [Times: user=0.00 sys=0.00, real=0.00 secs] 
2021-01-19T10:09:08.244-0800: 0.997: [GC (Allocation Failure) 2021-01-19T10:09:08.244-0800: 0.997: [ParNew: 156913K->17470K(157248K), 0.0093865 secs] 397309K->297446K(506816K), 0.0094621 secs] [Times: user=0.09 sys=0.00, real=0.01 secs] 
2021-01-19T10:09:08.254-0800: 1.007: [GC (CMS Initial Mark) [1 CMS-initial-mark: 279975K(349568K)] 297832K(506816K), 0.0001836 secs] [Times: user=0.00 sys=0.00, real=0.00 secs] 
2021-01-19T10:09:08.254-0800: 1.007: [CMS-concurrent-mark-start]
2021-01-19T10:09:08.255-0800: 1.008: [CMS-concurrent-mark: 0.001/0.001 secs] [Times: user=0.00 sys=0.00, real=0.00 secs] 
2021-01-19T10:09:08.255-0800: 1.008: [CMS-concurrent-preclean-start]
2021-01-19T10:09:08.256-0800: 1.008: [CMS-concurrent-preclean: 0.000/0.000 secs] [Times: user=0.01 sys=0.00, real=0.00 secs] 
2021-01-19T10:09:08.256-0800: 1.008: [CMS-concurrent-abortable-preclean-start]
2021-01-19T10:09:08.278-0800: 1.031: [GC (Allocation Failure) 2021-01-19T10:09:08.278-0800: 1.031: [ParNew: 157246K->17471K(157248K), 0.0109718 secs] 437222K->343036K(506816K), 0.0110436 secs] [Times: user=0.08 sys=0.00, real=0.01 secs] 
2021-01-19T10:09:08.290-0800: 1.043: [CMS-concurrent-abortable-preclean: 0.001/0.035 secs] [Times: user=0.10 sys=0.00, real=0.04 secs] 
2021-01-19T10:09:08.291-0800: 1.043: [GC (CMS Final Remark) [YG occupancy: 29857 K (157248 K)]2021-01-19T10:09:08.291-0800: 1.043: [Rescan (parallel) , 0.0007675 secs]2021-01-19T10:09:08.291-0800: 1.044: [weak refs processing, 0.0000148 secs]2021-01-19T10:09:08.291-0800: 1.044: [class unloading, 0.0002193 secs]2021-01-19T10:09:08.292-0800: 1.044: [scrub symbol table, 0.0003110 secs]2021-01-19T10:09:08.292-0800: 1.045: [scrub string table, 0.0001536 secs][1 CMS-remark: 325565K(349568K)] 355422K(506816K), 0.0015343 secs] [Times: user=0.00 sys=0.00, real=0.00 secs] 
2021-01-19T10:09:08.292-0800: 1.045: [CMS-concurrent-sweep-start]
2021-01-19T10:09:08.293-0800: 1.046: [CMS-concurrent-sweep: 0.001/0.001 secs] [Times: user=0.00 sys=0.00, real=0.00 secs] 
2021-01-19T10:09:08.293-0800: 1.046: [CMS-concurrent-reset-start]
2021-01-19T10:09:08.293-0800: 1.046: [CMS-concurrent-reset: 0.000/0.000 secs] [Times: user=0.00 sys=0.00, real=0.00 secs] 
2021-01-19T10:09:08.314-0800: 1.067: [GC (Allocation Failure) 2021-01-19T10:09:08.314-0800: 1.067: [ParNew: 157169K->17470K(157248K), 0.0117214 secs] 456447K->355474K(506816K), 0.0118131 secs] [Times: user=0.07 sys=0.00, real=0.01 secs] 
2021-01-19T10:09:08.326-0800: 1.079: [GC (CMS Initial Mark) [1 CMS-initial-mark: 338003K(349568K)] 355929K(506816K), 0.0002912 secs] [Times: user=0.00 sys=0.00, real=0.00 secs] 
2021-01-19T10:09:08.327-0800: 1.080: [CMS-concurrent-mark-start]
2021-01-19T10:09:08.329-0800: 1.082: [CMS-concurrent-mark: 0.002/0.002 secs] [Times: user=0.01 sys=0.00, real=0.00 secs] 
2021-01-19T10:09:08.329-0800: 1.082: [CMS-concurrent-preclean-start]
2021-01-19T10:09:08.331-0800: 1.083: [CMS-concurrent-preclean: 0.001/0.001 secs] [Times: user=0.01 sys=0.00, real=0.01 secs] 
2021-01-19T10:09:08.331-0800: 1.084: [CMS-concurrent-abortable-preclean-start]
2021-01-19T10:09:08.331-0800: 1.084: [CMS-concurrent-abortable-preclean: 0.000/0.000 secs] [Times: user=0.00 sys=0.00, real=0.00 secs] 
2021-01-19T10:09:08.331-0800: 1.084: [GC (CMS Final Remark) [YG occupancy: 26973 K (157248 K)]2021-01-19T10:09:08.331-0800: 1.084: [Rescan (parallel) , 0.0012137 secs]2021-01-19T10:09:08.333-0800: 1.085: [weak refs processing, 0.0000186 secs]2021-01-19T10:09:08.333-0800: 1.085: [class unloading, 0.0002556 secs]2021-01-19T10:09:08.333-0800: 1.086: [scrub symbol table, 0.0004300 secs]2021-01-19T10:09:08.333-0800: 1.086: [scrub string table, 0.0002767 secs][1 CMS-remark: 338003K(349568K)] 364977K(506816K), 0.0024256 secs] [Times: user=0.01 sys=0.00, real=0.00 secs] 
2021-01-19T10:09:08.334-0800: 1.087: [CMS-concurrent-sweep-start]
2021-01-19T10:09:08.336-0800: 1.088: [CMS-concurrent-sweep: 0.002/0.002 secs] [Times: user=0.00 sys=0.00, real=0.00 secs] 
2021-01-19T10:09:08.336-0800: 1.088: [CMS-concurrent-reset-start]
2021-01-19T10:09:08.336-0800: 1.089: [CMS-concurrent-reset: 0.001/0.001 secs] [Times: user=0.00 sys=0.00, real=0.00 secs] 
2021-01-19T10:09:08.367-0800: 1.120: [GC (Allocation Failure) 2021-01-19T10:09:08.368-0800: 1.120: [ParNew: 157246K->17471K(157248K), 0.0174987 secs] 437560K->341450K(506816K), 0.0175850 secs] [Times: user=0.10 sys=0.00, real=0.02 secs] 
2021-01-19T10:09:08.385-0800: 1.138: [GC (CMS Initial Mark) [1 CMS-initial-mark: 323979K(349568K)] 341914K(506816K), 0.0001970 secs] [Times: user=0.00 sys=0.00, real=0.00 secs] 
2021-01-19T10:09:08.385-0800: 1.138: [CMS-concurrent-mark-start]
2021-01-19T10:09:08.387-0800: 1.139: [CMS-concurrent-mark: 0.001/0.001 secs] [Times: user=0.00 sys=0.00, real=0.00 secs] 
2021-01-19T10:09:08.387-0800: 1.140: [CMS-concurrent-preclean-start]
2021-01-19T10:09:08.387-0800: 1.140: [CMS-concurrent-preclean: 0.001/0.001 secs] [Times: user=0.00 sys=0.00, real=0.00 secs] 
2021-01-19T10:09:08.388-0800: 1.140: [CMS-concurrent-abortable-preclean-start]
2021-01-19T10:09:08.388-0800: 1.140: [CMS-concurrent-abortable-preclean: 0.000/0.000 secs] [Times: user=0.00 sys=0.00, real=0.00 secs] 
2021-01-19T10:09:08.388-0800: 1.140: [GC (CMS Final Remark) [YG occupancy: 29801 K (157248 K)]2021-01-19T10:09:08.388-0800: 1.141: [Rescan (parallel) , 0.0010930 secs]2021-01-19T10:09:08.389-0800: 1.142: [weak refs processing, 0.0000248 secs]2021-01-19T10:09:08.389-0800: 1.142: [class unloading, 0.0002693 secs]2021-01-19T10:09:08.389-0800: 1.142: [scrub symbol table, 0.0003961 secs]2021-01-19T10:09:08.390-0800: 1.142: [scrub string table, 0.0001877 secs][1 CMS-remark: 323979K(349568K)] 353780K(506816K), 0.0020851 secs] [Times: user=0.01 sys=0.00, real=0.01 secs] 
2021-01-19T10:09:08.390-0800: 1.143: [CMS-concurrent-sweep-start]
2021-01-19T10:09:08.391-0800: 1.144: [CMS-concurrent-sweep: 0.001/0.001 secs] [Times: user=0.00 sys=0.00, real=0.00 secs] 
2021-01-19T10:09:08.391-0800: 1.144: [CMS-concurrent-reset-start]
2021-01-19T10:09:08.392-0800: 1.145: [CMS-concurrent-reset: 0.000/0.000 secs] [Times: user=0.00 sys=0.00, real=0.00 secs] 
Heap
 par new generation   total 157248K, used 96910K [0x00000007a0000000, 0x00000007aaaa0000, 0x00000007aaaa0000)
  eden space 139776K,  56% used [0x00000007a0000000, 0x00000007a4d93a38, 0x00000007a8880000)
  from space 17472K,  99% used [0x00000007a9990000, 0x00000007aaa9fef0, 0x00000007aaaa0000)
  to   space 17472K,   0% used [0x00000007a8880000, 0x00000007a8880000, 0x00000007a9990000)
 concurrent mark-sweep generation total 349568K, used 291717K [0x00000007aaaa0000, 0x00000007c0000000, 0x00000007c0000000)
 Metaspace       used 3542K, capacity 4540K, committed 4864K, reserved 1056768K
  class space    used 397K, capacity 428K, committed 512K, reserved 1048576K
